Archive member included to satisfy reference by file (symbol)

/usr/lib/gcc/arm-none-eabi/9.2.1/thumb/v6-m/nofp/libgcc.a(_dvmd_tls.o)
                              CMakeFiles/sinsonte.dir/home/oportunidad/Desktop/repos/pico-sdk/src/rp2_common/pico_divider/divider.S.obj (__aeabi_idiv0)
/usr/lib/gcc/arm-none-eabi/9.2.1/../../../arm-none-eabi/lib/thumb/v6-m/nofp/libg.a(lib_a-atexit.o)
                              /usr/lib/gcc/arm-none-eabi/9.2.1/../../../arm-none-eabi/lib/thumb/v6-m/nofp/crt0.o (atexit)
/usr/lib/gcc/arm-none-eabi/9.2.1/../../../arm-none-eabi/lib/thumb/v6-m/nofp/libg.a(lib_a-calloc.o)
                              CMakeFiles/sinsonte.dir/home/oportunidad/Desktop/repos/pico-sdk/src/rp2_common/pico_malloc/pico_malloc.c.obj (calloc)
/usr/lib/gcc/arm-none-eabi/9.2.1/../../../arm-none-eabi/lib/thumb/v6-m/nofp/libg.a(lib_a-callocr.o)
                              /usr/lib/gcc/arm-none-eabi/9.2.1/../../../arm-none-eabi/lib/thumb/v6-m/nofp/libg.a(lib_a-calloc.o) (_calloc_r)
/usr/lib/gcc/arm-none-eabi/9.2.1/../../../arm-none-eabi/lib/thumb/v6-m/nofp/libg.a(lib_a-fini.o)
                              /usr/lib/gcc/arm-none-eabi/9.2.1/../../../arm-none-eabi/lib/thumb/v6-m/nofp/crt0.o (__libc_fini_array)
/usr/lib/gcc/arm-none-eabi/9.2.1/../../../arm-none-eabi/lib/thumb/v6-m/nofp/libg.a(lib_a-impure.o)
                              /usr/lib/gcc/arm-none-eabi/9.2.1/../../../arm-none-eabi/lib/thumb/v6-m/nofp/libg.a(lib_a-calloc.o) (_impure_ptr)
/usr/lib/gcc/arm-none-eabi/9.2.1/../../../arm-none-eabi/lib/thumb/v6-m/nofp/libg.a(lib_a-init.o)
                              /usr/lib/gcc/arm-none-eabi/9.2.1/../../../arm-none-eabi/lib/thumb/v6-m/nofp/crt0.o (__libc_init_array)
/usr/lib/gcc/arm-none-eabi/9.2.1/../../../arm-none-eabi/lib/thumb/v6-m/nofp/libg.a(lib_a-malloc.o)
                              CMakeFiles/sinsonte.dir/home/oportunidad/Desktop/repos/pico-sdk/src/rp2_common/pico_malloc/pico_malloc.c.obj (malloc)
/usr/lib/gcc/arm-none-eabi/9.2.1/../../../arm-none-eabi/lib/thumb/v6-m/nofp/libg.a(lib_a-mallocr.o)
                              /usr/lib/gcc/arm-none-eabi/9.2.1/../../../arm-none-eabi/lib/thumb/v6-m/nofp/libg.a(lib_a-callocr.o) (_malloc_r)
/usr/lib/gcc/arm-none-eabi/9.2.1/../../../arm-none-eabi/lib/thumb/v6-m/nofp/libg.a(lib_a-mlock.o)
                              /usr/lib/gcc/arm-none-eabi/9.2.1/../../../arm-none-eabi/lib/thumb/v6-m/nofp/libg.a(lib_a-mallocr.o) (__malloc_lock)
/usr/lib/gcc/arm-none-eabi/9.2.1/../../../arm-none-eabi/lib/thumb/v6-m/nofp/libg.a(lib_a-sbrkr.o)
                              /usr/lib/gcc/arm-none-eabi/9.2.1/../../../arm-none-eabi/lib/thumb/v6-m/nofp/libg.a(lib_a-mallocr.o) (_sbrk_r)
/usr/lib/gcc/arm-none-eabi/9.2.1/../../../arm-none-eabi/lib/thumb/v6-m/nofp/libg.a(lib_a-strlen-stub.o)
                              CMakeFiles/sinsonte.dir/home/oportunidad/Desktop/repos/pico-sdk/src/rp2_common/pico_stdio/stdio.c.obj (strlen)
/usr/lib/gcc/arm-none-eabi/9.2.1/../../../arm-none-eabi/lib/thumb/v6-m/nofp/libg.a(lib_a-__atexit.o)
                              /usr/lib/gcc/arm-none-eabi/9.2.1/../../../arm-none-eabi/lib/thumb/v6-m/nofp/libg.a(lib_a-atexit.o) (__register_exitproc)
/usr/lib/gcc/arm-none-eabi/9.2.1/../../../arm-none-eabi/lib/thumb/v6-m/nofp/libg.a(lib_a-freer.o)
                              /usr/lib/gcc/arm-none-eabi/9.2.1/../../../arm-none-eabi/lib/thumb/v6-m/nofp/libg.a(lib_a-malloc.o) (_free_r)
/usr/lib/gcc/arm-none-eabi/9.2.1/../../../arm-none-eabi/lib/thumb/v6-m/nofp/libg.a(lib_a-reent.o)
                              /usr/lib/gcc/arm-none-eabi/9.2.1/../../../arm-none-eabi/lib/thumb/v6-m/nofp/libg.a(lib_a-sbrkr.o) (errno)

Allocating common symbols
Common symbol       size              file

sf_table            0x100             CMakeFiles/sinsonte.dir/home/oportunidad/Desktop/repos/pico-sdk/src/rp2_common/pico_float/float_init_rom.c.obj
wav_data            0x4               CMakeFiles/sinsonte.dir/sinsonte.c.obj
errno               0x4               /usr/lib/gcc/arm-none-eabi/9.2.1/../../../arm-none-eabi/lib/thumb/v6-m/nofp/libg.a(lib_a-reent.o)
wav_data_length     0x4               CMakeFiles/sinsonte.dir/sinsonte.c.obj
sf_clz_func         0x4               CMakeFiles/sinsonte.dir/home/oportunidad/Desktop/repos/pico-sdk/src/rp2_common/pico_float/float_init_rom.c.obj
flash_buff          0x100             CMakeFiles/sinsonte.dir/sinsonte.c.obj
sd_table            0x100             CMakeFiles/sinsonte.dir/home/oportunidad/Desktop/repos/pico-sdk/src/rp2_common/pico_double/double_init_rom.c.obj
uart_char_to_line_feed
                    0x4               CMakeFiles/sinsonte.dir/home/oportunidad/Desktop/repos/pico-sdk/src/rp2_common/hardware_uart/uart.c.obj

Discarded input sections

 .text          0x0000000000000000        0x0 /usr/lib/gcc/arm-none-eabi/9.2.1/thumb/v6-m/nofp/crti.o
 .data          0x0000000000000000        0x0 /usr/lib/gcc/arm-none-eabi/9.2.1/thumb/v6-m/nofp/crti.o
[...]
Memory Configuration

Name             Origin             Length             Attributes
FLASH            0x0000000010000000 0x0000000000200000 xr
RAM              0x0000000020000000 0x0000000000040000 xrw
SCRATCH_X        0x0000000020040000 0x0000000000001000 xrw
SCRATCH_Y        0x0000000020041000 0x0000000000001000 xrw
*default*        0x0000000000000000 0xffffffffffffffff

Linker script and memory map

LOAD /usr/lib/gcc/arm-none-eabi/9.2.1/thumb/v6-m/nofp/crti.o
LOAD /usr/lib/gcc/arm-none-eabi/9.2.1/thumb/v6-m/nofp/crtbegin.o
LOAD /usr/lib/gcc/arm-none-eabi/9.2.1/../../../arm-none-eabi/lib/thumb/v6-m/nofp/crt0.o

.flash_begin    0x0000000010000000        0x0
                0x0000000010000000                __flash_binary_start = .

.boot2          0x0000000010000000      0x100
                0x0000000010000000                __boot2_start__ = .
 *(.boot2)
 .boot2         0x0000000010000000      0x100 /tmp/ccvegulr.o
                0x0000000010000100                __boot2_end__ = .
                0x0000000000000001                ASSERT (((__boot2_end__ - __boot2_start__) == 0x100), ERROR: Pico second stage bootloader must be 256 bytes in size)

.text           0x0000000010000100     0x5150
                0x0000000010000100                __logical_binary_start = .
 *(.vectors)
 .vectors       0x0000000010000100       0xd4 CMakeFiles/sinsonte.dir/home/oportunidad/Desktop/repos/pico-sdk/src/rp2_common/pico_standard_link/crt0.S.obj
                0x0000000010000100                __vectors
                0x00000000100001c0                isr_invalid
                0x00000000100001c2                isr_nmi
                0x00000000100001c4                isr_hardfault
                0x00000000100001c6                isr_svcall
                0x00000000100001c8                isr_pendsv
                0x00000000100001ca                isr_systick
                0x00000000100001cc                isr_irq30
                0x00000000100001cc                __unhandled_user_irq
                0x00000000100001cc                isr_irq13
                0x00000000100001cc                isr_irq27
                0x00000000100001cc                isr_irq31
                0x00000000100001cc                isr_irq5
                0x00000000100001cc                isr_irq11
                0x00000000100001cc                isr_irq23
                0x00000000100001cc                isr_irq18
                0x00000000100001cc                isr_irq28
                0x00000000100001cc                isr_irq19
                0x00000000100001cc                isr_irq0
                0x00000000100001cc                isr_irq6
                0x00000000100001cc                isr_irq22
                0x00000000100001cc                isr_irq17
                0x00000000100001cc                isr_irq14
                0x00000000100001cc                isr_irq2
                0x00000000100001cc                isr_irq10
                0x00000000100001cc                isr_irq8
                0x00000000100001cc                isr_irq24
                0x00000000100001cc                isr_irq1
                0x00000000100001cc                isr_irq7
                0x00000000100001cc                isr_irq21
                0x00000000100001cc                isr_irq20
                0x00000000100001cc                isr_irq15
                0x00000000100001cc                isr_irq25
                0x00000000100001cc                isr_irq4
                0x00000000100001cc                isr_irq16
                0x00000000100001cc                isr_irq29
                0x00000000100001cc                isr_irq26
                0x00000000100001cc                isr_irq3
                0x00000000100001cc                isr_irq12
                0x00000000100001cc                isr_irq9
                0x00000000100001d2                unhandled_user_irq_num_in_r0
 *(.binary_info_header)
 .binary_info_header
                0x00000000100001d4       0x14 CMakeFiles/sinsonte.dir/home/oportunidad/Desktop/repos/pico-sdk/src/rp2_common/pico_standard_link/crt0.S.obj
                0x00000000100001e8                __binary_info_header_end = .
 *(.reset)
 .reset         0x00000000100001e8       0xa8 CMakeFiles/sinsonte.dir/home/oportunidad/Desktop/repos/pico-sdk/src/rp2_common/pico_standard_link/crt0.S.obj
                0x00000000100001e8                _entry_point
                0x0000000010000266                __get_current_exception
 .reset         0x0000000010000290       0x30 CMakeFiles/sinsonte.dir/home/oportunidad/Desktop/repos/pico-sdk/src/rp2_common/pico_standard_link/binary_info.c.obj
 *(.init)
 .init          0x00000000100002c0        0x4 /usr/lib/gcc/arm-none-eabi/9.2.1/thumb/v6-m/nofp/crti.o
                0x00000000100002c0                _init
 *(EXCLUDE_FILE(*libm.a: *libc.a:*lib_a-mem*.o *libgcc.a:) .text*)
 .text          0x00000000100002c4       0x98 /usr/lib/gcc/arm-none-eabi/9.2.1/thumb/v6-m/nofp/crtbegin.o
 .text.pwm_interrupt_handler
                0x000000001000035c       0x7c CMakeFiles/sinsonte.dir/sinsonte.c.obj
                0x000000001000035c                pwm_interrupt_handler
 .text.main     0x00000000100003d8      0x440 CMakeFiles/sinsonte.dir/sinsonte.c.obj
                0x00000000100003d8                main
 .text.set_sys_clock_pll
                0x0000000010000818       0x7c CMakeFiles/sinsonte.dir/home/oportunidad/Desktop/repos/pico-sdk/src/rp2_common/pico_stdlib/stdlib.c.obj
                0x0000000010000818                set_sys_clock_pll
 .text.check_sys_clock_khz
                0x0000000010000894       0xb0 CMakeFiles/sinsonte.dir/home/oportunidad/Desktop/repos/pico-sdk/src/rp2_common/pico_stdlib/stdlib.c.obj
                0x0000000010000894                check_sys_clock_khz
 .text.gpio_set_function
                0x0000000010000944       0x30 CMakeFiles/sinsonte.dir/home/oportunidad/Desktop/repos/pico-sdk/src/rp2_common/hardware_gpio/gpio.c.obj
                0x0000000010000944                gpio_set_function
 .text.gpio_set_pulls
                0x0000000010000974       0x34 CMakeFiles/sinsonte.dir/home/oportunidad/Desktop/repos/pico-sdk/src/rp2_common/hardware_gpio/gpio.c.obj
                0x0000000010000974                gpio_set_pulls
 .text.gpio_set_input_enabled
                0x00000000100009a8       0x30 CMakeFiles/sinsonte.dir/home/oportunidad/Desktop/repos/pico-sdk/src/rp2_common/hardware_gpio/gpio.c.obj
                0x00000000100009a8                gpio_set_input_enabled
 .text.gpio_init
                0x00000000100009d8       0x16 CMakeFiles/sinsonte.dir/home/oportunidad/Desktop/repos/pico-sdk/src/rp2_common/hardware_gpio/gpio.c.obj
                0x00000000100009d8                gpio_init
 *fill*         0x00000000100009ee        0x2 
 .text.hw_claim_lock
                0x00000000100009f0       0x18 CMakeFiles/sinsonte.dir/home/oportunidad/Desktop/repos/pico-sdk/src/rp2_common/hardware_claim/claim.c.obj
                0x00000000100009f0                hw_claim_lock
 .text.hw_claim_unlock
                0x0000000010000a08       0x14 CMakeFiles/sinsonte.dir/home/oportunidad/Desktop/repos/pico-sdk/src/rp2_common/hardware_claim/claim.c.obj
                0x0000000010000a08                hw_claim_unlock
 .text.hw_claim_or_assert
                0x0000000010000a1c       0x34 CMakeFiles/sinsonte.dir/home/oportunidad/Desktop/repos/pico-sdk/src/rp2_common/hardware_claim/claim.c.obj
                0x0000000010000a1c                hw_claim_or_assert
 .text.spin_locks_reset
                0x0000000010000a50       0x20 CMakeFiles/sinsonte.dir/home/oportunidad/Desktop/repos/pico-sdk/src/rp2_common/hardware_sync/sync.c.obj
                0x0000000010000a50                spin_locks_reset
 .text.next_striped_spin_lock_num
                0x0000000010000a70       0x1c CMakeFiles/sinsonte.dir/home/oportunidad/Desktop/repos/pico-sdk/src/rp2_common/hardware_sync/sync.c.obj
                0x0000000010000a70                next_striped_spin_lock_num
 .text.running_on_fpga
                0x0000000010000a8c       0x14 CMakeFiles/sinsonte.dir/home/oportunidad/Desktop/repos/pico-sdk/src/rp2_common/pico_platform/platform.c.obj
                0x0000000010000a8c                running_on_fpga
 .text.uart_set_baudrate
                0x0000000010000aa0       0x64 CMakeFiles/sinsonte.dir/home/oportunidad/Desktop/repos/pico-sdk/src/rp2_common/hardware_uart/uart.c.obj
                0x0000000010000aa0                uart_set_baudrate
 .text.uart_set_translate_crlf
                0x0000000010000b04       0x28 CMakeFiles/sinsonte.dir/home/oportunidad/Desktop/repos/pico-sdk/src/rp2_common/hardware_uart/uart.c.obj
                0x0000000010000b04                uart_set_translate_crlf
 .text.uart_init
                0x0000000010000b2c       0x80 CMakeFiles/sinsonte.dir/home/oportunidad/Desktop/repos/pico-sdk/src/rp2_common/hardware_uart/uart.c.obj
                0x0000000010000b2c                uart_init
 .text.sev_callback
                0x0000000010000bac        0x8 CMakeFiles/sinsonte.dir/home/oportunidad/Desktop/repos/pico-sdk/src/common/pico_time/time.c.obj
 .text.timer_pool_entry_comparator
                0x0000000010000bb4       0x7c CMakeFiles/sinsonte.dir/home/oportunidad/Desktop/repos/pico-sdk/src/common/pico_time/time.c.obj
                0x0000000010000bb4                timer_pool_entry_comparator
 .text.ph_add_child_node
                0x0000000010000c30       0xa4 CMakeFiles/sinsonte.dir/home/oportunidad/Desktop/repos/pico-sdk/src/common/pico_time/time.c.obj
 .text.ph_merge_nodes
                0x0000000010000cd4       0x3e CMakeFiles/sinsonte.dir/home/oportunidad/Desktop/repos/pico-sdk/src/common/pico_time/time.c.obj
 *fill*         0x0000000010000d12        0x2 
 .text.add_alarm_under_lock
                0x0000000010000d14      0x178 CMakeFiles/sinsonte.dir/home/oportunidad/Desktop/repos/pico-sdk/src/common/pico_time/time.c.obj
 .text.alarm_pool_alarm_callback
                0x0000000010000e8c      0x2e8 CMakeFiles/sinsonte.dir/home/oportunidad/Desktop/repos/pico-sdk/src/common/pico_time/time.c.obj
 .text.alarm_pool_get_default
                0x0000000010001174       0x28 CMakeFiles/sinsonte.dir/home/oportunidad/Desktop/repos/pico-sdk/src/common/pico_time/time.c.obj
                0x0000000010001174                alarm_pool_get_default
 .text.alarm_pool_create
                0x000000001000119c       0x6c CMakeFiles/sinsonte.dir/home/oportunidad/Desktop/repos/pico-sdk/src/common/pico_time/time.c.obj
                0x000000001000119c                alarm_pool_create
 .text.alarm_pool_init_default
                0x0000000010001208       0x20 CMakeFiles/sinsonte.dir/home/oportunidad/Desktop/repos/pico-sdk/src/common/pico_time/time.c.obj
                0x0000000010001208                alarm_pool_init_default
 .text.alarm_pool_add_alarm_at
                0x0000000010001228      0x12c CMakeFiles/sinsonte.dir/home/oportunidad/Desktop/repos/pico-sdk/src/common/pico_time/time.c.obj
                0x0000000010001228                alarm_pool_add_alarm_at
 .text.sleep_until
                0x0000000010001354       0x94 CMakeFiles/sinsonte.dir/home/oportunidad/Desktop/repos/pico-sdk/src/common/pico_time/time.c.obj
                0x0000000010001354                sleep_until
 .text.sleep_us
                0x00000000100013e8       0x2c CMakeFiles/sinsonte.dir/home/oportunidad/Desktop/repos/pico-sdk/src/common/pico_time/time.c.obj
                0x00000000100013e8                sleep_us
 .text.hardware_alarm_irq_handler
                0x0000000010001414       0x8c CMakeFiles/sinsonte.dir/home/oportunidad/Desktop/repos/pico-sdk/src/rp2_common/hardware_timer/timer.c.obj
 .text.hardware_alarm_claim
                0x00000000100014a0       0x18 CMakeFiles/sinsonte.dir/home/oportunidad/Desktop/repos/pico-sdk/src/rp2_common/hardware_timer/timer.c.obj
                0x00000000100014a0                hardware_alarm_claim
 .text.time_us_64
                0x00000000100014b8       0x18 CMakeFiles/sinsonte.dir/home/oportunidad/Desktop/repos/pico-sdk/src/rp2_common/hardware_timer/timer.c.obj
                0x00000000100014b8                time_us_64
 .text.busy_wait_until
                0x00000000100014d0       0x24 CMakeFiles/sinsonte.dir/home/oportunidad/Desktop/repos/pico-sdk/src/rp2_common/hardware_timer/timer.c.obj
                0x00000000100014d0                busy_wait_until
 .text.hardware_alarm_set_callback
                0x00000000100014f4       0x90 CMakeFiles/sinsonte.dir/home/oportunidad/Desktop/repos/pico-sdk/src/rp2_common/hardware_timer/timer.c.obj
                0x00000000100014f4                hardware_alarm_set_callback
 .text.hardware_alarm_set_target
                0x0000000010001584       0xd0 CMakeFiles/sinsonte.dir/home/oportunidad/Desktop/repos/pico-sdk/src/rp2_common/hardware_timer/timer.c.obj
                0x0000000010001584                hardware_alarm_set_target
 .text.hardware_alarm_cancel
                0x0000000010001654       0x40 CMakeFiles/sinsonte.dir/home/oportunidad/Desktop/repos/pico-sdk/src/rp2_common/hardware_timer/timer.c.obj
                0x0000000010001654                hardware_alarm_cancel
 .text.lock_init
                0x0000000010001694       0x30 CMakeFiles/sinsonte.dir/home/oportunidad/Desktop/repos/pico-sdk/src/common/pico_sync/lock_core.c.obj
                0x0000000010001694                lock_init
 .text.mutex_init
                0x00000000100016c4       0x1a CMakeFiles/sinsonte.dir/home/oportunidad/Desktop/repos/pico-sdk/src/common/pico_sync/mutex.c.obj
                0x00000000100016c4                mutex_init
 *fill*         0x00000000100016de        0x2 
 .text.ph_add_child_node
                0x00000000100016e0       0xa4 CMakeFiles/sinsonte.dir/home/oportunidad/Desktop/repos/pico-sdk/src/common/pico_util/pheap.c.obj
 .text.ph_merge_nodes
                0x0000000010001784       0x3e CMakeFiles/sinsonte.dir/home/oportunidad/Desktop/repos/pico-sdk/src/common/pico_util/pheap.c.obj
 *fill*         0x00000000100017c2        0x2 
 .text.ph_clear
                0x00000000100017c4       0x74 CMakeFiles/sinsonte.dir/home/oportunidad/Desktop/repos/pico-sdk/src/common/pico_util/pheap.c.obj
                0x00000000100017c4                ph_clear
 .text.ph_create
                0x0000000010001838       0x2c CMakeFiles/sinsonte.dir/home/oportunidad/Desktop/repos/pico-sdk/src/common/pico_util/pheap.c.obj
                0x0000000010001838                ph_create
 .text.ph_merge_two_pass
                0x0000000010001864       0xa8 CMakeFiles/sinsonte.dir/home/oportunidad/Desktop/repos/pico-sdk/src/common/pico_util/pheap.c.obj
                0x0000000010001864                ph_merge_two_pass
 .text.ph_remove_any_head
                0x000000001000190c      0x108 CMakeFiles/sinsonte.dir/home/oportunidad/Desktop/repos/pico-sdk/src/common/pico_util/pheap.c.obj
 .text.ph_remove_head_reserve
                0x0000000010001a14       0x14 CMakeFiles/sinsonte.dir/home/oportunidad/Desktop/repos/pico-sdk/src/common/pico_util/pheap.c.obj
                0x0000000010001a14                ph_remove_head_reserve
 .text.ph_delete
                0x0000000010001a28       0xf8 CMakeFiles/sinsonte.dir/home/oportunidad/Desktop/repos/pico-sdk/src/common/pico_util/pheap.c.obj
                0x0000000010001a28                ph_delete
 .text.runtime_init
                0x0000000010001b20       0xcc CMakeFiles/sinsonte.dir/home/oportunidad/Desktop/repos/pico-sdk/src/rp2_common/pico_runtime/runtime.c.obj
                0x0000000010001b20                runtime_init
 .text._exit    0x0000000010001bec        0x4 CMakeFiles/sinsonte.dir/home/oportunidad/Desktop/repos/pico-sdk/src/rp2_common/pico_runtime/runtime.c.obj
                0x0000000010001bec                _exit
 .text._sbrk    0x0000000010001bf0       0x38 CMakeFiles/sinsonte.dir/home/oportunidad/Desktop/repos/pico-sdk/src/rp2_common/pico_runtime/runtime.c.obj
                0x0000000010001bf0                _sbrk
 .text.exit     0x0000000010001c28        0x6 CMakeFiles/sinsonte.dir/home/oportunidad/Desktop/repos/pico-sdk/src/rp2_common/pico_runtime/runtime.c.obj
                0x0000000010001c28                exit
 *fill*         0x0000000010001c2e        0x2 
 .text.__assert_func
                0x0000000010001c30       0x3c CMakeFiles/sinsonte.dir/home/oportunidad/Desktop/repos/pico-sdk/src/rp2_common/pico_runtime/runtime.c.obj
                0x0000000010001c30                __assert_func
 .text.panic    0x0000000010001c6c       0x30 CMakeFiles/sinsonte.dir/home/oportunidad/Desktop/repos/pico-sdk/src/rp2_common/pico_runtime/runtime.c.obj
                0x0000000010001c6c                panic
 .text.clock_configure
                0x0000000010001c9c       0xe8 CMakeFiles/sinsonte.dir/home/oportunidad/Desktop/repos/pico-sdk/src/rp2_common/hardware_clocks/clocks.c.obj
                0x0000000010001c9c                clock_configure
 .text.clocks_init
                0x0000000010001d84      0x124 CMakeFiles/sinsonte.dir/home/oportunidad/Desktop/repos/pico-sdk/src/rp2_common/hardware_clocks/clocks.c.obj
                0x0000000010001d84                clocks_init
 .text.clock_get_hz
                0x0000000010001ea8        0xc CMakeFiles/sinsonte.dir/home/oportunidad/Desktop/repos/pico-sdk/src/rp2_common/hardware_clocks/clocks.c.obj
                0x0000000010001ea8                clock_get_hz
 .text.watchdog_start_tick
                0x0000000010001eb4       0x10 CMakeFiles/sinsonte.dir/home/oportunidad/Desktop/repos/pico-sdk/src/rp2_common/hardware_watchdog/watchdog.c.obj
                0x0000000010001eb4                watchdog_start_tick
 .text.xosc_init
                0x0000000010001ec4       0x28 CMakeFiles/sinsonte.dir/home/oportunidad/Desktop/repos/pico-sdk/src/rp2_common/hardware_xosc/xosc.c.obj
                0x0000000010001ec4                xosc_init
 .text.pll_init
                0x0000000010001eec       0xd4 CMakeFiles/sinsonte.dir/home/oportunidad/Desktop/repos/pico-sdk/src/rp2_common/hardware_pll/pll.c.obj
                0x0000000010001eec                pll_init
 .text.set_raw_irq_handler_and_unlock
                0x0000000010001fc0       0x28 CMakeFiles/sinsonte.dir/home/oportunidad/Desktop/repos/pico-sdk/src/rp2_common/hardware_irq/irq.c.obj
 .text.make_branch
                0x0000000010001fe8       0x34 CMakeFiles/sinsonte.dir/home/oportunidad/Desktop/repos/pico-sdk/src/rp2_common/hardware_irq/irq.c.obj
 .text.insert_branch_and_link
                0x000000001000201c       0x40 CMakeFiles/sinsonte.dir/home/oportunidad/Desktop/repos/pico-sdk/src/rp2_common/hardware_irq/irq.c.obj
 .text.irq_is_enabled
                0x000000001000205c       0x18 CMakeFiles/sinsonte.dir/home/oportunidad/Desktop/repos/pico-sdk/src/rp2_common/hardware_irq/irq.c.obj
                0x000000001000205c                irq_is_enabled
 .text.irq_set_mask_enabled
                0x0000000010002074       0x20 CMakeFiles/sinsonte.dir/home/oportunidad/Desktop/repos/pico-sdk/src/rp2_common/hardware_irq/irq.c.obj
                0x0000000010002074                irq_set_mask_enabled
 .text.irq_set_enabled
                0x0000000010002094        0xe CMakeFiles/sinsonte.dir/home/oportunidad/Desktop/repos/pico-sdk/src/rp2_common/hardware_irq/irq.c.obj
                0x0000000010002094                irq_set_enabled
 *fill*         0x00000000100020a2        0x2 
 .text.irq_get_vtable_handler
                0x00000000100020a4       0x10 CMakeFiles/sinsonte.dir/home/oportunidad/Desktop/repos/pico-sdk/src/rp2_common/hardware_irq/irq.c.obj
                0x00000000100020a4                irq_get_vtable_handler
 .text.irq_set_exclusive_handler
                0x00000000100020b4       0x54 CMakeFiles/sinsonte.dir/home/oportunidad/Desktop/repos/pico-sdk/src/rp2_common/hardware_irq/irq.c.obj
                0x00000000100020b4                irq_set_exclusive_handler
 .text.irq_remove_handler
                0x0000000010002108      0x1b4 CMakeFiles/sinsonte.dir/home/oportunidad/Desktop/repos/pico-sdk/src/rp2_common/hardware_irq/irq.c.obj
                0x0000000010002108                irq_remove_handler
 .text.irq_set_priority
                0x00000000100022bc       0x28 CMakeFiles/sinsonte.dir/home/oportunidad/Desktop/repos/pico-sdk/src/rp2_common/hardware_irq/irq.c.obj
                0x00000000100022bc                irq_set_priority
 .text.irq_add_tail_to_free_list
                0x00000000100022e4       0xf8 CMakeFiles/sinsonte.dir/home/oportunidad/Desktop/repos/pico-sdk/src/rp2_common/hardware_irq/irq.c.obj
                0x00000000100022e4                irq_add_tail_to_free_list
 .text.irq_init_priorities
                0x00000000100023dc       0x16 CMakeFiles/sinsonte.dir/home/oportunidad/Desktop/repos/pico-sdk/src/rp2_common/hardware_irq/irq.c.obj
                0x00000000100023dc                irq_init_priorities
 .text._out_null
                0x00000000100023f2        0x2 CMakeFiles/sinsonte.dir/home/oportunidad/Desktop/repos/pico-sdk/src/rp2_common/pico_printf/printf.c.obj
 .text._out_fct
                0x00000000100023f4        0xe CMakeFiles/sinsonte.dir/home/oportunidad/Desktop/repos/pico-sdk/src/rp2_common/pico_printf/printf.c.obj
 .text._atoi    0x0000000010002402       0x24 CMakeFiles/sinsonte.dir/home/oportunidad/Desktop/repos/pico-sdk/src/rp2_common/pico_printf/printf.c.obj
 .text._out_rev
                0x0000000010002426       0xae CMakeFiles/sinsonte.dir/home/oportunidad/Desktop/repos/pico-sdk/src/rp2_common/pico_printf/printf.c.obj
 .text._ntoa_format
                0x00000000100024d4      0x110 CMakeFiles/sinsonte.dir/home/oportunidad/Desktop/repos/pico-sdk/src/rp2_common/pico_printf/printf.c.obj
 .text._ntoa_long
                0x00000000100025e4       0xbc CMakeFiles/sinsonte.dir/home/oportunidad/Desktop/repos/pico-sdk/src/rp2_common/pico_printf/printf.c.obj
 .text._ntoa_long_long
                0x00000000100026a0       0xe2 CMakeFiles/sinsonte.dir/home/oportunidad/Desktop/repos/pico-sdk/src/rp2_common/pico_printf/printf.c.obj
 *fill*         0x0000000010002782        0x2 
 .text._etoa    0x0000000010002784      0x3f4 CMakeFiles/sinsonte.dir/home/oportunidad/Desktop/repos/pico-sdk/src/rp2_common/pico_printf/printf.c.obj
 .text._ftoa    0x0000000010002b78      0x354 CMakeFiles/sinsonte.dir/home/oportunidad/Desktop/repos/pico-sdk/src/rp2_common/pico_printf/printf.c.obj
 .text._vsnprintf
                0x0000000010002ecc      0x628 CMakeFiles/sinsonte.dir/home/oportunidad/Desktop/repos/pico-sdk/src/rp2_common/pico_printf/printf.c.obj
 .text.vfctprintf
                0x00000000100034f4       0x20 CMakeFiles/sinsonte.dir/home/oportunidad/Desktop/repos/pico-sdk/src/rp2_common/pico_printf/printf.c.obj
                0x00000000100034f4                vfctprintf
 .text          0x0000000010003514       0x10 CMakeFiles/sinsonte.dir/home/oportunidad/Desktop/repos/pico-sdk/src/rp2_common/pico_bit_ops/bit_ops_aeabi.S.obj
 .text.rom_func_lookup
                0x0000000010003524       0x10 CMakeFiles/sinsonte.dir/home/oportunidad/Desktop/repos/pico-sdk/src/rp2_common/pico_bootrom/bootrom.c.obj
                0x0000000010003524                rom_func_lookup
 .text.rom_data_lookup
                0x0000000010003534       0x10 CMakeFiles/sinsonte.dir/home/oportunidad/Desktop/repos/pico-sdk/src/rp2_common/pico_bootrom/bootrom.c.obj
                0x0000000010003534                rom_data_lookup
 .text.rom_funcs_lookup
                0x0000000010003544       0x36 CMakeFiles/sinsonte.dir/home/oportunidad/Desktop/repos/pico-sdk/src/rp2_common/pico_bootrom/bootrom.c.obj
                0x0000000010003544                rom_funcs_lookup
 *fill*         0x000000001000357a        0x2 
 .text.__wrap___aeabi_idiv
                0x000000001000357c       0x58 CMakeFiles/sinsonte.dir/home/oportunidad/Desktop/repos/pico-sdk/src/rp2_common/pico_divider/divider.S.obj
                0x000000001000357c                __wrap___aeabi_idivmod
                0x000000001000357c                divmod_s32s32
                0x000000001000357c                div_s32s32
                0x000000001000357c                __wrap___aeabi_idiv
                0x0000000010003584                divmod_s32s32_unsafe
                0x00000000100035b0                divmod_s32s32_savestate
 .text.__wrap___aeabi_uidiv
                0x00000000100035d4       0x54 CMakeFiles/sinsonte.dir/home/oportunidad/Desktop/repos/pico-sdk/src/rp2_common/pico_divider/divider.S.obj
                0x00000000100035d4                __wrap___aeabi_uidiv
                0x00000000100035d4                __wrap___aeabi_uidivmod
                0x00000000100035d4                div_u32u32
                0x00000000100035d4                divmod_u32u32
                0x00000000100035dc                divmod_u32u32_unsafe
                0x0000000010003604                divmod_u32u32_savestate
 .text.__wrap___aeabi_ldiv
                0x0000000010003628      0x430 CMakeFiles/sinsonte.dir/home/oportunidad/Desktop/repos/pico-sdk/src/rp2_common/pico_divider/divider.S.obj
                0x0000000010003628                div_s64s64
                0x0000000010003628                divmod_s64s64
                0x0000000010003628                __wrap___aeabi_ldivmod
                0x0000000010003660                div_u64u64
                0x0000000010003660                divmod_u64u64
                0x0000000010003660                __wrap___aeabi_uldivmod
                0x0000000010003670                divmod_u64u64_savestate
                0x0000000010003698                divmod_s64s64_unsafe
                0x0000000010003720                divmod_u64u64_unsafe
 .text.__wrap___aeabi_darithmetic
                0x0000000010003a58       0x54 CMakeFiles/sinsonte.dir/home/oportunidad/Desktop/repos/pico-sdk/src/rp2_common/pico_double/double_aeabi.S.obj
                0x0000000010003a58                __wrap___aeabi_drsub
                0x0000000010003a5e                __wrap___aeabi_dsub
                0x0000000010003a70                __wrap___aeabi_dadd
                0x0000000010003a82                __wrap___aeabi_ddiv
                0x0000000010003a94                __wrap___aeabi_dmul
 .text.__wrap___aeabi_cdcmple
                0x0000000010003aac       0x6c CMakeFiles/sinsonte.dir/home/oportunidad/Desktop/repos/pico-sdk/src/rp2_common/pico_double/double_aeabi.S.obj
                0x0000000010003aac                __wrap___aeabi_cdrcmple
                0x0000000010003abc                __wrap___aeabi_cdcmple
                0x0000000010003abc                __wrap___aeabi_cdcmpeq
 .text.__wrap___aeabi_dcmplt
                0x0000000010003b18        0xc CMakeFiles/sinsonte.dir/home/oportunidad/Desktop/repos/pico-sdk/src/rp2_common/pico_double/double_aeabi.S.obj
                0x0000000010003b18                __wrap___aeabi_dcmplt
 .text.__wrap___aeabi_dcmple
                0x0000000010003b24       0x10 CMakeFiles/sinsonte.dir/home/oportunidad/Desktop/repos/pico-sdk/src/rp2_common/pico_double/double_aeabi.S.obj
                0x0000000010003b24                __wrap___aeabi_dcmple
 .text.__wrap___aeabi_dcmpge
                0x0000000010003b34       0x10 CMakeFiles/sinsonte.dir/home/oportunidad/Desktop/repos/pico-sdk/src/rp2_common/pico_double/double_aeabi.S.obj
                0x0000000010003b34                __wrap___aeabi_dcmpge
 .text.__wrap___aeabi_dcmpgt
                0x0000000010003b44        0xa CMakeFiles/sinsonte.dir/home/oportunidad/Desktop/repos/pico-sdk/src/rp2_common/pico_double/double_aeabi.S.obj
                0x0000000010003b44                __wrap___aeabi_dcmpgt
 .text.__wrap___aeabi_dcmpun
                0x0000000010003b4e       0x1c CMakeFiles/sinsonte.dir/home/oportunidad/Desktop/repos/pico-sdk/src/rp2_common/pico_double/double_aeabi.S.obj
                0x0000000010003b4e                __wrap___aeabi_dcmpun
 *fill*         0x0000000010003b6a        0x2 
 .text.__wrap___aeabi_i2d
                0x0000000010003b6c       0x38 CMakeFiles/sinsonte.dir/home/oportunidad/Desktop/repos/pico-sdk/src/rp2_common/pico_double/double_aeabi.S.obj
                0x0000000010003b6c                __wrap___aeabi_ui2d
                0x0000000010003b74                __wrap___aeabi_i2d
 .text.__wrap___aeabi_d2iz
                0x0000000010003ba4       0x48 CMakeFiles/sinsonte.dir/home/oportunidad/Desktop/repos/pico-sdk/src/rp2_common/pico_double/double_aeabi.S.obj
                0x0000000010003ba4                __wrap___aeabi_d2iz
                0x0000000010003ba4                double2int_z
 .text.__wrap___aeabi_d2uiz
                0x0000000010003bec       0x18 CMakeFiles/sinsonte.dir/home/oportunidad/Desktop/repos/pico-sdk/src/rp2_common/pico_double/double_aeabi.S.obj
                0x0000000010003bec                double2uint
                0x0000000010003bec                __wrap___aeabi_d2uiz
 .text.__aeabi_double_init
                0x0000000010003c04       0xb4 CMakeFiles/sinsonte.dir/home/oportunidad/Desktop/repos/pico-sdk/src/rp2_common/pico_double/double_init_rom.c.obj
                0x0000000010003c04                __aeabi_double_init
 .text.double_table_shim_on_use_helper
                0x0000000010003cb8       0x34 CMakeFiles/sinsonte.dir/home/oportunidad/Desktop/repos/pico-sdk/src/rp2_common/pico_double/double_v1_rom_shim.S.obj
                0x0000000010003cb8                double_table_shim_on_use_helper
 .text.__wrap___aeabi_dsub
                0x0000000010003cec       0x10 CMakeFiles/sinsonte.dir/home/oportunidad/Desktop/repos/pico-sdk/src/rp2_common/pico_double/double_v1_rom_shim.S.obj
                0x0000000010003cec                drsub_shim
                0x0000000010003cf2                dsub_shim
 .text.dadd_shim
                0x0000000010003cfc      0x15c CMakeFiles/sinsonte.dir/home/oportunidad/Desktop/repos/pico-sdk/src/rp2_common/pico_double/double_v1_rom_shim.S.obj
                0x0000000010003cfc                dadd_shim
 .text.dmul_shim
                0x0000000010003e58      0x15c CMakeFiles/sinsonte.dir/home/oportunidad/Desktop/repos/pico-sdk/src/rp2_common/pico_double/double_v1_rom_shim.S.obj
                0x0000000010003e58                dmul_shim
 .text.ddiv_shim
                0x0000000010003fb4      0x1b0 CMakeFiles/sinsonte.dir/home/oportunidad/Desktop/repos/pico-sdk/src/rp2_common/pico_double/double_v1_rom_shim.S.obj
                0x0000000010003fb4                ddiv_shim
 .text.dcordic_rot_step
                0x0000000010004164       0x7c CMakeFiles/sinsonte.dir/home/oportunidad/Desktop/repos/pico-sdk/src/rp2_common/pico_double/double_v1_rom_shim.S.obj
                0x0000000010004164                dcordic_rot_step
 .text.double2uint_shim
                0x00000000100041e0        0xe CMakeFiles/sinsonte.dir/home/oportunidad/Desktop/repos/pico-sdk/src/rp2_common/pico_double/double_v1_rom_shim.S.obj
                0x00000000100041e0                double2uint_shim
                0x00000000100041e2                double2ufix_shim
 *fill*         0x00000000100041ee        0x2 
 .text.double2uint64_shim
                0x00000000100041f0       0x6c CMakeFiles/sinsonte.dir/home/oportunidad/Desktop/repos/pico-sdk/src/rp2_common/pico_double/double_v1_rom_shim.S.obj
                0x00000000100041f0                double2uint64_shim
                0x00000000100041f2                double2ufix64_shim
                0x000000001000420c                d2fix_a
 .text.dunpacks
                0x000000001000425c       0x3c CMakeFiles/sinsonte.dir/home/oportunidad/Desktop/repos/pico-sdk/src/rp2_common/pico_double/double_v1_rom_shim.S.obj
                0x000000001000425c                dunpacks
 .text.__wrap___aeabi_farithmetic
                0x0000000010004298       0x34 CMakeFiles/sinsonte.dir/home/oportunidad/Desktop/repos/pico-sdk/src/rp2_common/pico_float/float_aeabi.S.obj
                0x0000000010004298                __wrap___aeabi_frsub
                0x000000001000429e                __wrap___aeabi_fsub
                0x00000000100042a8                __wrap___aeabi_fadd
                0x00000000100042b2                __wrap___aeabi_fdiv
                0x00000000100042bc                __wrap___aeabi_fmul
 .text.__wrap___aeabi_cfcmple
                0x00000000100042cc       0x50 CMakeFiles/sinsonte.dir/home/oportunidad/Desktop/repos/pico-sdk/src/rp2_common/pico_float/float_aeabi.S.obj
                0x00000000100042cc                __wrap___aeabi_cfrcmple
                0x00000000100042d8                __wrap___aeabi_cfcmpeq
                0x00000000100042d8                __wrap___aeabi_cfcmple
 .text.__wrap___aeabi_fcmplt
                0x000000001000431c        0xc CMakeFiles/sinsonte.dir/home/oportunidad/Desktop/repos/pico-sdk/src/rp2_common/pico_float/float_aeabi.S.obj
                0x000000001000431c                __wrap___aeabi_fcmplt
 .text.__wrap___aeabi_i2f
                0x0000000010004328       0x44 CMakeFiles/sinsonte.dir/home/oportunidad/Desktop/repos/pico-sdk/src/rp2_common/pico_float/float_aeabi.S.obj
                0x0000000010004328                __wrap___aeabi_i2f
 .text.__aeabi_float_init
                0x000000001000436c       0xfc CMakeFiles/sinsonte.dir/home/oportunidad/Desktop/repos/pico-sdk/src/rp2_common/pico_float/float_init_rom.c.obj
                0x000000001000436c                __aeabi_float_init
 .text.float_table_shim_on_use_helper
                0x0000000010004468       0x34 CMakeFiles/sinsonte.dir/home/oportunidad/Desktop/repos/pico-sdk/src/rp2_common/pico_float/float_v1_rom_shim.S.obj
                0x0000000010004468                float_table_shim_on_use_helper
 .text.__wrap_malloc
                0x000000001000449c        0x8 CMakeFiles/sinsonte.dir/home/oportunidad/Desktop/repos/pico-sdk/src/rp2_common/pico_malloc/pico_malloc.c.obj
                0x000000001000449c                __wrap_malloc
 .text.__wrap_calloc
                0x00000000100044a4        0x8 CMakeFiles/sinsonte.dir/home/oportunidad/Desktop/repos/pico-sdk/src/rp2_common/pico_malloc/pico_malloc.c.obj
                0x00000000100044a4                __wrap_calloc
 .text          0x00000000100044ac       0x10 CMakeFiles/sinsonte.dir/home/oportunidad/Desktop/repos/pico-sdk/src/rp2_common/pico_mem_ops/mem_ops_aeabi.S.obj
                0x00000000100044ac                __aeabi_mem_init
 .text.memset   0x00000000100044bc        0xc CMakeFiles/sinsonte.dir/home/oportunidad/Desktop/repos/pico-sdk/src/rp2_common/pico_mem_ops/mem_ops_aeabi.S.obj
                0x00000000100044bc                __wrap_memset
 .text.memcpy   0x00000000100044c8        0xc CMakeFiles/sinsonte.dir/home/oportunidad/Desktop/repos/pico-sdk/src/rp2_common/pico_mem_ops/mem_ops_aeabi.S.obj
                0x00000000100044c8                __wrap___aeabi_memcpy
                0x00000000100044c8                __wrap_memcpy
 .text.stdio_out_chars_crlf
                0x00000000100044d4       0x80 CMakeFiles/sinsonte.dir/home/oportunidad/Desktop/repos/pico-sdk/src/rp2_common/pico_stdio/stdio.c.obj
 .text.stdio_stack_buffer_flush
                0x0000000010004554       0x44 CMakeFiles/sinsonte.dir/home/oportunidad/Desktop/repos/pico-sdk/src/rp2_common/pico_stdio/stdio.c.obj
 .text.stdio_buffered_printer
                0x0000000010004598       0x20 CMakeFiles/sinsonte.dir/home/oportunidad/Desktop/repos/pico-sdk/src/rp2_common/pico_stdio/stdio.c.obj
 .text.stdout_serialize_begin
                0x00000000100045b8       0x2c CMakeFiles/sinsonte.dir/home/oportunidad/Desktop/repos/pico-sdk/src/rp2_common/pico_stdio/stdio.c.obj
                0x00000000100045b8                stdout_serialize_begin
 .text.stdout_serialize_end
                0x00000000100045e4       0x10 CMakeFiles/sinsonte.dir/home/oportunidad/Desktop/repos/pico-sdk/src/rp2_common/pico_stdio/stdio.c.obj
                0x00000000100045e4                stdout_serialize_end
 .text.stdio_put_string
                0x00000000100045f4       0x84 CMakeFiles/sinsonte.dir/home/oportunidad/Desktop/repos/pico-sdk/src/rp2_common/pico_stdio/stdio.c.obj
 .text.stdio_set_driver_enabled
                0x0000000010004678       0x38 CMakeFiles/sinsonte.dir/home/oportunidad/Desktop/repos/pico-sdk/src/rp2_common/pico_stdio/stdio.c.obj
                0x0000000010004678                stdio_set_driver_enabled
 .text.stdio_flush
                0x00000000100046b0       0x20 CMakeFiles/sinsonte.dir/home/oportunidad/Desktop/repos/pico-sdk/src/rp2_common/pico_stdio/stdio.c.obj
                0x00000000100046b0                stdio_flush
 .text.__wrap_puts
                0x00000000100046d0       0x1c CMakeFiles/sinsonte.dir/home/oportunidad/Desktop/repos/pico-sdk/src/rp2_common/pico_stdio/stdio.c.obj
                0x00000000100046d0                __wrap_puts
 .text.__wrap_vprintf
                0x00000000100046ec       0x44 CMakeFiles/sinsonte.dir/home/oportunidad/Desktop/repos/pico-sdk/src/rp2_common/pico_stdio/stdio.c.obj
                0x00000000100046ec                __wrap_vprintf
 .text.__wrap_printf
                0x0000000010004730       0x18 CMakeFiles/sinsonte.dir/home/oportunidad/Desktop/repos/pico-sdk/src/rp2_common/pico_stdio/stdio.c.obj
                0x0000000010004730                __wrap_printf
 .text.stdio_init_all
                0x0000000010004748        0x8 CMakeFiles/sinsonte.dir/home/oportunidad/Desktop/repos/pico-sdk/src/rp2_common/pico_stdio/stdio.c.obj
                0x0000000010004748                stdio_init_all
 .text.stdio_uart_out_chars
                0x0000000010004750       0x6c CMakeFiles/sinsonte.dir/home/oportunidad/Desktop/repos/pico-sdk/src/rp2_common/pico_stdio_uart/stdio_uart.c.obj
 .text.stdio_uart_in_chars
                0x00000000100047bc       0x58 CMakeFiles/sinsonte.dir/home/oportunidad/Desktop/repos/pico-sdk/src/rp2_common/pico_stdio_uart/stdio_uart.c.obj
                0x00000000100047bc                stdio_uart_in_chars
 .text.stdio_uart_init_full
                0x0000000010004814       0x34 CMakeFiles/sinsonte.dir/home/oportunidad/Desktop/repos/pico-sdk/src/rp2_common/pico_stdio_uart/stdio_uart.c.obj
                0x0000000010004814                stdio_uart_init_full
 .text.stdio_uart_init
                0x0000000010004848       0x28 CMakeFiles/sinsonte.dir/home/oportunidad/Desktop/repos/pico-sdk/src/rp2_common/pico_stdio_uart/stdio_uart.c.obj
                0x0000000010004848                stdio_uart_init
 .text.adc_init
                0x0000000010004870       0x34 CMakeFiles/sinsonte.dir/home/oportunidad/Desktop/repos/pico-sdk/src/rp2_common/hardware_adc/adc.c.obj
                0x0000000010004870                adc_init
 .text          0x00000000100048a4       0x18 /usr/lib/gcc/arm-none-eabi/9.2.1/../../../arm-none-eabi/lib/thumb/v6-m/nofp/libg.a(lib_a-calloc.o)
                0x00000000100048a4                calloc
 .text          0x00000000100048bc       0x5c /usr/lib/gcc/arm-none-eabi/9.2.1/../../../arm-none-eabi/lib/thumb/v6-m/nofp/libg.a(lib_a-callocr.o)
                0x00000000100048bc                _calloc_r
 .text          0x0000000010004918       0x28 /usr/lib/gcc/arm-none-eabi/9.2.1/../../../arm-none-eabi/lib/thumb/v6-m/nofp/libg.a(lib_a-malloc.o)
                0x0000000010004918                malloc
                0x000000001000492c                free
 .text          0x0000000010004940      0x58c /usr/lib/gcc/arm-none-eabi/9.2.1/../../../arm-none-eabi/lib/thumb/v6-m/nofp/libg.a(lib_a-mallocr.o)
                0x0000000010004940                _malloc_r
 .text          0x0000000010004ecc        0x8 /usr/lib/gcc/arm-none-eabi/9.2.1/../../../arm-none-eabi/lib/thumb/v6-m/nofp/libg.a(lib_a-mlock.o)
                0x0000000010004ecc                __malloc_lock
                0x0000000010004ed0                __malloc_unlock
 .text          0x0000000010004ed4       0x24 /usr/lib/gcc/arm-none-eabi/9.2.1/../../../arm-none-eabi/lib/thumb/v6-m/nofp/libg.a(lib_a-sbrkr.o)
                0x0000000010004ed4                _sbrk_r
 .text          0x0000000010004ef8       0x68 /usr/lib/gcc/arm-none-eabi/9.2.1/../../../arm-none-eabi/lib/thumb/v6-m/nofp/libg.a(lib_a-strlen-stub.o)
                0x0000000010004ef8                strlen
 .text          0x0000000010004f60      0x27c /usr/lib/gcc/arm-none-eabi/9.2.1/../../../arm-none-eabi/lib/thumb/v6-m/nofp/libg.a(lib_a-freer.o)
                0x0000000010004f60                _malloc_trim_r
                0x0000000010005000                _free_r
 *(.fini)
 .fini          0x00000000100051dc        0x4 /usr/lib/gcc/arm-none-eabi/9.2.1/thumb/v6-m/nofp/crti.o
                0x00000000100051dc                _fini
 .fini.__stub   0x00000000100051e0       0x70 linker stubs
 *crtbegin.o(.ctors)
 *crtbegin?.o(.ctors)
 *(EXCLUDE_FILE(*crtend.o *crtend?.o) .ctors)
 *(SORT_BY_NAME(.ctors.*))
 *(.ctors)
 *crtbegin.o(.dtors)
 *crtbegin?.o(.dtors)
 *(EXCLUDE_FILE(*crtend.o *crtend?.o) .dtors)
 *(SORT_BY_NAME(.dtors.*))
 *(.dtors)
 *(.eh_frame*)
 .eh_frame      0x0000000010005250        0x0 /usr/lib/gcc/arm-none-eabi/9.2.1/thumb/v6-m/nofp/crtbegin.o
                0x0000000010005250                . = ALIGN (0x4)

.glue_7         0x0000000010005250        0x0
 .glue_7        0x0000000010005250        0x0 linker stubs

.glue_7t        0x0000000010005250        0x0
 .glue_7t       0x0000000010005250        0x0 linker stubs

.vfp11_veneer   0x0000000010005250        0x0
 .vfp11_veneer  0x0000000010005250        0x0 linker stubs

.v4_bx          0x0000000010005250        0x0
 .v4_bx         0x0000000010005250        0x0 linker stubs

.iplt           0x0000000010005250        0x0
 .iplt          0x0000000010005250        0x0 /usr/lib/gcc/arm-none-eabi/9.2.1/thumb/v6-m/nofp/crtbegin.o

.rodata         0x0000000010005250    0xd447c
 *(EXCLUDE_FILE(*libm.a: *libc.a:*lib_a-mem*.o *libgcc.a:) .rodata*)
 .rodata.main.str1.4
                0x0000000010005250       0x42 CMakeFiles/sinsonte.dir/sinsonte.c.obj
 *fill*         0x0000000010005292        0x2 
 .rodata.WAV_DATA_1
                0x0000000010005294    0x18143 CMakeFiles/sinsonte.dir/sinsonte.c.obj
                0x0000000010005294                WAV_DATA_1
 *fill*         0x000000001001d3d7        0x1 
 .rodata.WAV_DATA_10
                0x000000001001d3d8     0xd1c4 CMakeFiles/sinsonte.dir/sinsonte.c.obj
                0x000000001001d3d8                WAV_DATA_10
 .rodata.WAV_DATA_11
                0x000000001002a59c     0xe75d CMakeFiles/sinsonte.dir/sinsonte.c.obj
                0x000000001002a59c                WAV_DATA_11
 *fill*         0x0000000010038cf9        0x3 
 .rodata.WAV_DATA_12
                0x0000000010038cfc     0xacc0 CMakeFiles/sinsonte.dir/sinsonte.c.obj
                0x0000000010038cfc                WAV_DATA_12
 .rodata.WAV_DATA_2
                0x00000000100439bc    0x1edd3 CMakeFiles/sinsonte.dir/sinsonte.c.obj
                0x00000000100439bc                WAV_DATA_2
 *fill*         0x000000001006278f        0x1 
 .rodata.WAV_DATA_3
                0x0000000010062790    0x13e1b CMakeFiles/sinsonte.dir/sinsonte.c.obj
                0x0000000010062790                WAV_DATA_3
 *fill*         0x00000000100765ab        0x1 
 .rodata.WAV_DATA_4
                0x00000000100765ac    0x14697 CMakeFiles/sinsonte.dir/sinsonte.c.obj
                0x00000000100765ac                WAV_DATA_4
 *fill*         0x000000001008ac43        0x1 
 .rodata.WAV_DATA_5
                0x000000001008ac44    0x13a13 CMakeFiles/sinsonte.dir/sinsonte.c.obj
                0x000000001008ac44                WAV_DATA_5
 *fill*         0x000000001009e657        0x1 
 .rodata.WAV_DATA_6
                0x000000001009e658    0x14f12 CMakeFiles/sinsonte.dir/sinsonte.c.obj
                0x000000001009e658                WAV_DATA_6
 *fill*         0x00000000100b356a        0x2 
 .rodata.WAV_DATA_7
                0x00000000100b356c    0x102c4 CMakeFiles/sinsonte.dir/sinsonte.c.obj
                0x00000000100b356c                WAV_DATA_7
 .rodata.WAV_DATA_8
                0x00000000100c3830     0xa85f CMakeFiles/sinsonte.dir/sinsonte.c.obj
                0x00000000100c3830                WAV_DATA_8
 *fill*         0x00000000100ce08f        0x1 
 .rodata.WAV_DATA_9
                0x00000000100ce090     0xa6f6 CMakeFiles/sinsonte.dir/sinsonte.c.obj
                0x00000000100ce090                WAV_DATA_9
 *fill*         0x00000000100d8786        0x2 
 .rodata.alarm_pool_dump_key.str1.4
                0x00000000100d8788       0x7b CMakeFiles/sinsonte.dir/home/oportunidad/Desktop/repos/pico-sdk/src/common/pico_time/time.c.obj
 *fill*         0x00000000100d8803        0x1 
 .rodata.ph_add_child_node.str1.4
                0x00000000100d8804       0xa2 CMakeFiles/sinsonte.dir/home/oportunidad/Desktop/repos/pico-sdk/src/common/pico_time/time.c.obj
 *fill*         0x00000000100d88a6        0x2 
 .rodata.add_alarm_under_lock.str1.4
                0x00000000100d88a8       0x27 CMakeFiles/sinsonte.dir/home/oportunidad/Desktop/repos/pico-sdk/src/common/pico_time/time.c.obj
 *fill*         0x00000000100d88cf        0x1 
 .rodata.alarm_pool_alarm_callback.str1.4
                0x00000000100d88d0       0x7d CMakeFiles/sinsonte.dir/home/oportunidad/Desktop/repos/pico-sdk/src/common/pico_time/time.c.obj
 *fill*         0x00000000100d894d        0x3 
 .rodata.alarm_pool_get_default.str1.4
                0x00000000100d8950       0x13 CMakeFiles/sinsonte.dir/home/oportunidad/Desktop/repos/pico-sdk/src/common/pico_time/time.c.obj
 *fill*         0x00000000100d8963        0x1 
 .rodata.__func__.5915
                0x00000000100d8964        0xc CMakeFiles/sinsonte.dir/home/oportunidad/Desktop/repos/pico-sdk/src/common/pico_time/time.c.obj
 .rodata.__func__.5922
                0x00000000100d8970       0x12 CMakeFiles/sinsonte.dir/home/oportunidad/Desktop/repos/pico-sdk/src/common/pico_time/time.c.obj
 *fill*         0x00000000100d8982        0x2 
 .rodata.__func__.5937
                0x00000000100d8984        0xa CMakeFiles/sinsonte.dir/home/oportunidad/Desktop/repos/pico-sdk/src/common/pico_time/time.c.obj
 *fill*         0x00000000100d898e        0x2 
 .rodata.__func__.5959
                0x00000000100d8990       0x14 CMakeFiles/sinsonte.dir/home/oportunidad/Desktop/repos/pico-sdk/src/common/pico_time/time.c.obj
 .rodata.__func__.6229
                0x00000000100d89a4       0x17 CMakeFiles/sinsonte.dir/home/oportunidad/Desktop/repos/pico-sdk/src/common/pico_time/time.c.obj
 *fill*         0x00000000100d89bb        0x1 
 .rodata.__func__.6234
                0x00000000100d89bc        0xa CMakeFiles/sinsonte.dir/home/oportunidad/Desktop/repos/pico-sdk/src/common/pico_time/time.c.obj
 *fill*         0x00000000100d89c6        0x2 
 .rodata.__func__.6239
                0x00000000100d89c8       0x12 CMakeFiles/sinsonte.dir/home/oportunidad/Desktop/repos/pico-sdk/src/common/pico_time/time.c.obj
 *fill*         0x00000000100d89da        0x2 
 .rodata.__func__.6260
                0x00000000100d89dc       0x15 CMakeFiles/sinsonte.dir/home/oportunidad/Desktop/repos/pico-sdk/src/common/pico_time/time.c.obj
 *fill*         0x00000000100d89f1        0x3 
 .rodata.__func__.6277
                0x00000000100d89f4       0x1a CMakeFiles/sinsonte.dir/home/oportunidad/Desktop/repos/pico-sdk/src/common/pico_time/time.c.obj
 *fill*         0x00000000100d8a0e        0x2 
 .rodata.hardware_alarm_claim.str1.4
                0x00000000100d8a10       0x22 CMakeFiles/sinsonte.dir/home/oportunidad/Desktop/repos/pico-sdk/src/rp2_common/hardware_timer/timer.c.obj
 *fill*         0x00000000100d8a32        0x2 
 .rodata.hardware_alarm_set_target.str1.4
                0x00000000100d8a34       0x73 CMakeFiles/sinsonte.dir/home/oportunidad/Desktop/repos/pico-sdk/src/rp2_common/hardware_timer/timer.c.obj
 *fill*         0x00000000100d8aa7        0x1 
 .rodata.__func__.4502
                0x00000000100d8aa8       0x1a CMakeFiles/sinsonte.dir/home/oportunidad/Desktop/repos/pico-sdk/src/rp2_common/hardware_timer/timer.c.obj
 *fill*         0x00000000100d8ac2        0x2 
 .rodata.lock_init.str1.4
                0x00000000100d8ac4       0x76 CMakeFiles/sinsonte.dir/home/oportunidad/Desktop/repos/pico-sdk/src/common/pico_sync/lock_core.c.obj
 *fill*         0x00000000100d8b3a        0x2 
 .rodata.__func__.4344
                0x00000000100d8b3c        0xa CMakeFiles/sinsonte.dir/home/oportunidad/Desktop/repos/pico-sdk/src/common/pico_sync/lock_core.c.obj
 *fill*         0x00000000100d8b46        0x2 
 .rodata.str1.4
                0x00000000100d8b48       0x6c CMakeFiles/sinsonte.dir/home/oportunidad/Desktop/repos/pico-sdk/src/common/pico_sync/mutex.c.obj
 .rodata.__func__.4559
                0x00000000100d8bb4       0x15 CMakeFiles/sinsonte.dir/home/oportunidad/Desktop/repos/pico-sdk/src/common/pico_sync/mutex.c.obj
 *fill*         0x00000000100d8bc9        0x3 
 .rodata.__func__.4587
                0x00000000100d8bcc        0xb CMakeFiles/sinsonte.dir/home/oportunidad/Desktop/repos/pico-sdk/src/common/pico_sync/mutex.c.obj
 .rodata.ph_add_child_node.str1.4
                0x00000000100d8bd7       0xa2 CMakeFiles/sinsonte.dir/home/oportunidad/Desktop/repos/pico-sdk/src/common/pico_util/pheap.c.obj
 *fill*         0x00000000100d8bd7        0x1 
 .rodata.ph_remove_any_head.str1.4
                0x00000000100d8bd8       0x9c CMakeFiles/sinsonte.dir/home/oportunidad/Desktop/repos/pico-sdk/src/common/pico_util/pheap.c.obj
 .rodata.ph_delete.str1.4
                0x00000000100d8c74       0x26 CMakeFiles/sinsonte.dir/home/oportunidad/Desktop/repos/pico-sdk/src/common/pico_util/pheap.c.obj
 *fill*         0x00000000100d8c9a        0x2 
 .rodata.__func__.5696
                0x00000000100d8c9c        0xc CMakeFiles/sinsonte.dir/home/oportunidad/Desktop/repos/pico-sdk/src/common/pico_util/pheap.c.obj
 .rodata.__func__.5703
                0x00000000100d8ca8       0x12 CMakeFiles/sinsonte.dir/home/oportunidad/Desktop/repos/pico-sdk/src/common/pico_util/pheap.c.obj
 *fill*         0x00000000100d8cba        0x2 
 .rodata.__func__.5776
                0x00000000100d8cbc       0x13 CMakeFiles/sinsonte.dir/home/oportunidad/Desktop/repos/pico-sdk/src/common/pico_util/pheap.c.obj
 *fill*         0x00000000100d8ccf        0x1 
 .rodata.__func__.5794
                0x00000000100d8cd0        0xa CMakeFiles/sinsonte.dir/home/oportunidad/Desktop/repos/pico-sdk/src/common/pico_util/pheap.c.obj
 *fill*         0x00000000100d8cda        0x2 
 .rodata.__assert_func.str1.4
                0x00000000100d8cdc       0x3f CMakeFiles/sinsonte.dir/home/oportunidad/Desktop/repos/pico-sdk/src/rp2_common/pico_runtime/runtime.c.obj
                                         0x43 (size before relaxing)
 *fill*         0x00000000100d8d1b        0x1 
 .rodata.panic.str1.4
                0x00000000100d8d1c       0x12 CMakeFiles/sinsonte.dir/home/oportunidad/Desktop/repos/pico-sdk/src/rp2_common/pico_runtime/runtime.c.obj
 *fill*         0x00000000100d8d2e        0x2 
 .rodata.clock_configure.str1.4
                0x00000000100d8d30       0x65 CMakeFiles/sinsonte.dir/home/oportunidad/Desktop/repos/pico-sdk/src/rp2_common/hardware_clocks/clocks.c.obj
 *fill*         0x00000000100d8d95        0x3 
 .rodata.__func__.4638
                0x00000000100d8d98       0x10 CMakeFiles/sinsonte.dir/home/oportunidad/Desktop/repos/pico-sdk/src/rp2_common/hardware_clocks/clocks.c.obj
 .rodata.pll_init.str1.4
                0x00000000100d8da8       0xe7 CMakeFiles/sinsonte.dir/home/oportunidad/Desktop/repos/pico-sdk/src/rp2_common/hardware_pll/pll.c.obj
 *fill*         0x00000000100d8e8f        0x1 
 .rodata.__func__.4372
                0x00000000100d8e90        0x9 CMakeFiles/sinsonte.dir/home/oportunidad/Desktop/repos/pico-sdk/src/rp2_common/hardware_pll/pll.c.obj
 *fill*         0x00000000100d8e99        0x3 
 .rodata.make_branch.str1.4
                0x00000000100d8e9c       0x5b CMakeFiles/sinsonte.dir/home/oportunidad/Desktop/repos/pico-sdk/src/rp2_common/hardware_irq/irq.c.obj
 *fill*         0x00000000100d8ef7        0x1 
 .rodata.irq_set_exclusive_handler.str1.4
                0x00000000100d8ef8       0x36 CMakeFiles/sinsonte.dir/home/oportunidad/Desktop/repos/pico-sdk/src/rp2_common/hardware_irq/irq.c.obj
 *fill*         0x00000000100d8f2e        0x2 
 .rodata.irq_add_shared_handler.str1.4
                0x00000000100d8f30       0xd9 CMakeFiles/sinsonte.dir/home/oportunidad/Desktop/repos/pico-sdk/src/rp2_common/hardware_irq/irq.c.obj
 *fill*         0x00000000100d9009        0x3 
 .rodata.irq_remove_handler.str1.4
                0x00000000100d900c       0x2a CMakeFiles/sinsonte.dir/home/oportunidad/Desktop/repos/pico-sdk/src/rp2_common/hardware_irq/irq.c.obj
 *fill*         0x00000000100d9036        0x2 
 .rodata.irq_add_tail_to_free_list.str1.4
                0x00000000100d9038       0x32 CMakeFiles/sinsonte.dir/home/oportunidad/Desktop/repos/pico-sdk/src/rp2_common/hardware_irq/irq.c.obj
                                         0x3a (size before relaxing)
 *fill*         0x00000000100d906a        0x2 
 .rodata.__func__.4463
                0x00000000100d906c       0x1a CMakeFiles/sinsonte.dir/home/oportunidad/Desktop/repos/pico-sdk/src/rp2_common/hardware_irq/irq.c.obj
 *fill*         0x00000000100d9086        0x2 
 .rodata.__func__.4477
                0x00000000100d9088        0xc CMakeFiles/sinsonte.dir/home/oportunidad/Desktop/repos/pico-sdk/src/rp2_common/hardware_irq/irq.c.obj
 .rodata.__func__.4485
                0x00000000100d9094       0x17 CMakeFiles/sinsonte.dir/home/oportunidad/Desktop/repos/pico-sdk/src/rp2_common/hardware_irq/irq.c.obj
 *fill*         0x00000000100d90ab        0x1 
 .rodata.__func__.4489
                0x00000000100d90ac        0xf CMakeFiles/sinsonte.dir/home/oportunidad/Desktop/repos/pico-sdk/src/rp2_common/hardware_irq/irq.c.obj
 *fill*         0x00000000100d90bb        0x1 
 .rodata.__func__.4525
                0x00000000100d90bc       0x13 CMakeFiles/sinsonte.dir/home/oportunidad/Desktop/repos/pico-sdk/src/rp2_common/hardware_irq/irq.c.obj
 *fill*         0x00000000100d90cf        0x1 
 .rodata.__func__.4544
                0x00000000100d90d0       0x1a CMakeFiles/sinsonte.dir/home/oportunidad/Desktop/repos/pico-sdk/src/rp2_common/hardware_irq/irq.c.obj
 *fill*         0x00000000100d90ea        0x2 
 .rodata._ftoa.str1.4
                0x00000000100d90ec       0x15 CMakeFiles/sinsonte.dir/home/oportunidad/Desktop/repos/pico-sdk/src/rp2_common/pico_printf/printf.c.obj
 *fill*         0x00000000100d9101        0x3 
 .rodata._vsnprintf
                0x00000000100d9104      0x1e0 CMakeFiles/sinsonte.dir/home/oportunidad/Desktop/repos/pico-sdk/src/rp2_common/pico_printf/printf.c.obj
 *fill*         0x00000000100d92e4        0x4 
 .rodata.pow10.5410
                0x00000000100d92e8       0x50 CMakeFiles/sinsonte.dir/home/oportunidad/Desktop/repos/pico-sdk/src/rp2_common/pico_printf/printf.c.obj
 .rodata.__aeabi_double_init.str1.4
                0x00000000100d9338       0xb6 CMakeFiles/sinsonte.dir/home/oportunidad/Desktop/repos/pico-sdk/src/rp2_common/pico_double/double_init_rom.c.obj
 *fill*         0x00000000100d93ee        0x2 
 .rodata.__func__.4654
                0x00000000100d93f0       0x14 CMakeFiles/sinsonte.dir/home/oportunidad/Desktop/repos/pico-sdk/src/rp2_common/pico_double/double_init_rom.c.obj
 .rodata.__aeabi_float_init.str1.4
                0x00000000100d9404       0x88 CMakeFiles/sinsonte.dir/home/oportunidad/Desktop/repos/pico-sdk/src/rp2_common/pico_float/float_init_rom.c.obj
                                         0x8c (size before relaxing)
 .rodata.__func__.4656
                0x00000000100d948c       0x13 CMakeFiles/sinsonte.dir/home/oportunidad/Desktop/repos/pico-sdk/src/rp2_common/pico_float/float_init_rom.c.obj
 *fill*         0x00000000100d949f        0x1 
 .rodata.str1.4
                0x00000000100d94a0       0x34 CMakeFiles/sinsonte.dir/home/oportunidad/Desktop/repos/pico-sdk/src/rp2_common/pico_standard_link/binary_info.c.obj
 .rodata.__bi_40
                0x00000000100d94d4        0xc CMakeFiles/sinsonte.dir/home/oportunidad/Desktop/repos/pico-sdk/src/rp2_common/pico_standard_link/binary_info.c.obj
 .rodata.__bi_52
                0x00000000100d94e0        0xc CMakeFiles/sinsonte.dir/home/oportunidad/Desktop/repos/pico-sdk/src/rp2_common/pico_standard_link/binary_info.c.obj
 .rodata.__bi_71
                0x00000000100d94ec        0xc CMakeFiles/sinsonte.dir/home/oportunidad/Desktop/repos/pico-sdk/src/rp2_common/pico_standard_link/binary_info.c.obj
 .rodata.crlf_str.5953
                0x00000000100d94f8        0x2 CMakeFiles/sinsonte.dir/home/oportunidad/Desktop/repos/pico-sdk/src/rp2_common/pico_stdio/stdio.c.obj
 *fill*         0x00000000100d94fa        0x2 
 .rodata.str1.4
                0x00000000100d94fc       0x2c CMakeFiles/sinsonte.dir/home/oportunidad/Desktop/repos/pico-sdk/src/rp2_common/pico_stdio_uart/stdio_uart.c.obj
 .rodata.__bi_27.4685
                0x00000000100d9528        0xc CMakeFiles/sinsonte.dir/home/oportunidad/Desktop/repos/pico-sdk/src/rp2_common/pico_stdio_uart/stdio_uart.c.obj
 .rodata.__bi_28.4689
                0x00000000100d9534        0x8 CMakeFiles/sinsonte.dir/home/oportunidad/Desktop/repos/pico-sdk/src/rp2_common/pico_stdio_uart/stdio_uart.c.obj
 .rodata.str1.4
                0x00000000100d953c      0x165 CMakeFiles/sinsonte.dir/home/oportunidad/Desktop/repos/pico-sdk/src/rp2_common/hardware_flash/flash.c.obj
 *fill*         0x00000000100d96a1        0x3 
 .rodata.__func__.4351
                0x00000000100d96a4       0x12 CMakeFiles/sinsonte.dir/home/oportunidad/Desktop/repos/pico-sdk/src/rp2_common/hardware_flash/flash.c.obj
 *fill*         0x00000000100d96b6        0x2 
 .rodata.__func__.4375
                0x00000000100d96b8       0x14 CMakeFiles/sinsonte.dir/home/oportunidad/Desktop/repos/pico-sdk/src/rp2_common/hardware_flash/flash.c.obj
                0x00000000100d96cc                . = ALIGN (0x4)
 *(SORT_BY_ALIGNMENT(SORT_BY_NAME(.flashdata*)))
                0x00000000100d96cc                . = ALIGN (0x4)

.rel.dyn        0x00000000100d96cc        0x0
 .rel.iplt      0x00000000100d96cc        0x0 /usr/lib/gcc/arm-none-eabi/9.2.1/thumb/v6-m/nofp/crtbegin.o

.ARM.extab
 *(.ARM.extab* .gnu.linkonce.armextab.*)
                0x00000000100d96cc                __exidx_start = .

.ARM.exidx
 *(.ARM.exidx* .gnu.linkonce.armexidx.*)
                0x00000000100d96cc                __exidx_end = .
                0x00000000100d96cc                . = ALIGN (0x4)
                0x00000000100d96cc                __binary_info_start = .

.binary_info    0x00000000100d96cc       0x24
 *(.binary_info.keep.*)
 .binary_info.keep.__bi_ptr18
                0x00000000100d96cc        0x4 CMakeFiles/sinsonte.dir/home/oportunidad/Desktop/repos/pico-sdk/src/rp2_common/pico_standard_link/binary_info.c.obj
 .binary_info.keep.__bi_ptr26
                0x00000000100d96d0        0x4 CMakeFiles/sinsonte.dir/home/oportunidad/Desktop/repos/pico-sdk/src/rp2_common/pico_standard_link/binary_info.c.obj
 .binary_info.keep.__bi_ptr34
                0x00000000100d96d4        0x4 CMakeFiles/sinsonte.dir/home/oportunidad/Desktop/repos/pico-sdk/src/rp2_common/pico_standard_link/binary_info.c.obj
 .binary_info.keep.__bi_ptr40
                0x00000000100d96d8        0x4 CMakeFiles/sinsonte.dir/home/oportunidad/Desktop/repos/pico-sdk/src/rp2_common/pico_standard_link/binary_info.c.obj
 .binary_info.keep.__bi_ptr46
                0x00000000100d96dc        0x4 CMakeFiles/sinsonte.dir/home/oportunidad/Desktop/repos/pico-sdk/src/rp2_common/pico_standard_link/binary_info.c.obj
 .binary_info.keep.__bi_ptr52
                0x00000000100d96e0        0x4 CMakeFiles/sinsonte.dir/home/oportunidad/Desktop/repos/pico-sdk/src/rp2_common/pico_standard_link/binary_info.c.obj
 .binary_info.keep.__bi_ptr71
                0x00000000100d96e4        0x4 CMakeFiles/sinsonte.dir/home/oportunidad/Desktop/repos/pico-sdk/src/rp2_common/pico_standard_link/binary_info.c.obj
 *(.binary_info.*)
 .binary_info.__bi_ptr27
                0x00000000100d96e8        0x4 CMakeFiles/sinsonte.dir/home/oportunidad/Desktop/repos/pico-sdk/src/rp2_common/pico_stdio_uart/stdio_uart.c.obj
 .binary_info.__bi_ptr28
                0x00000000100d96ec        0x4 CMakeFiles/sinsonte.dir/home/oportunidad/Desktop/repos/pico-sdk/src/rp2_common/pico_stdio_uart/stdio_uart.c.obj
                0x00000000100d96f0                __binary_info_end = .
                0x00000000100d96f0                . = ALIGN (0x4)
                0x00000000100d96f0                __etext = .

.ram_vector_table
                0x0000000020000000       0xc0
 *(.ram_vector_table)
 .ram_vector_table
                0x0000000020000000       0xc0 CMakeFiles/sinsonte.dir/home/oportunidad/Desktop/repos/pico-sdk/src/rp2_common/pico_runtime/runtime.c.obj
                0x0000000020000000                ram_vector_table

.data           0x00000000200000c0      0xb94 load address 0x00000000100d96f0
                0x00000000200000c0                __data_start__ = .
 *(vtable)
 *(.time_critical*)
 .time_critical.mutex_enter_blocking
                0x00000000200000c0       0x64 CMakeFiles/sinsonte.dir/home/oportunidad/Desktop/repos/pico-sdk/src/common/pico_sync/mutex.c.obj
                0x00000000200000c0                mutex_enter_blocking
 .time_critical.mutex_try_enter
                0x0000000020000124       0x46 CMakeFiles/sinsonte.dir/home/oportunidad/Desktop/repos/pico-sdk/src/common/pico_sync/mutex.c.obj
                0x0000000020000124                mutex_try_enter
 *fill*         0x000000002000016a        0x2 
 .time_critical.mutex_exit
                0x000000002000016c       0x4c CMakeFiles/sinsonte.dir/home/oportunidad/Desktop/repos/pico-sdk/src/common/pico_sync/mutex.c.obj
                0x000000002000016c                mutex_exit
 .time_critical.flash_init_boot2_copyout
                0x00000000200001b8       0x30 CMakeFiles/sinsonte.dir/home/oportunidad/Desktop/repos/pico-sdk/src/rp2_common/hardware_flash/flash.c.obj
 .time_critical.flash_enable_xip_via_boot2
                0x00000000200001e8       0x10 CMakeFiles/sinsonte.dir/home/oportunidad/Desktop/repos/pico-sdk/src/rp2_common/hardware_flash/flash.c.obj
 .time_critical.flash_range_erase
                0x00000000200001f8       0xa4 CMakeFiles/sinsonte.dir/home/oportunidad/Desktop/repos/pico-sdk/src/rp2_common/hardware_flash/flash.c.obj
                0x00000000200001f8                flash_range_erase
 .time_critical.flash_range_program
                0x000000002000029c       0xa4 CMakeFiles/sinsonte.dir/home/oportunidad/Desktop/repos/pico-sdk/src/rp2_common/hardware_flash/flash.c.obj
                0x000000002000029c                flash_range_program
 *(.text*)
 .text          0x0000000020000340        0x4 /usr/lib/gcc/arm-none-eabi/9.2.1/thumb/v6-m/nofp/libgcc.a(_dvmd_tls.o)
                0x0000000020000340                __aeabi_ldiv0
                0x0000000020000340                __aeabi_idiv0
 *fill*         0x0000000020000344        0x4 
 .text.__stub   0x0000000020000348       0x20 linker stubs
                0x0000000020000368                . = ALIGN (0x4)
 *(.rodata*)
                0x0000000020000368                . = ALIGN (0x4)
 *(.data*)
 .data.flash_storage_r
                0x0000000020000368        0x4 CMakeFiles/sinsonte.dir/sinsonte.c.obj
                0x0000000020000368                flash_storage_r
 .data.flash_storage_w
                0x000000002000036c        0x4 CMakeFiles/sinsonte.dir/sinsonte.c.obj
                0x000000002000036c                flash_storage_w
 .data.striped_spin_lock_num
                0x0000000020000370        0x1 CMakeFiles/sinsonte.dir/home/oportunidad/Desktop/repos/pico-sdk/src/rp2_common/hardware_sync/sync.c.obj
 *fill*         0x0000000020000371        0x3 
 .data          0x0000000020000374       0x48 CMakeFiles/sinsonte.dir/home/oportunidad/Desktop/repos/pico-sdk/src/rp2_common/hardware_irq/irq_handler_chain.S.obj
                0x0000000020000374                irq_handler_chain_slots
                0x00000000200003a4                irq_handler_chain_first_slot
                0x00000000200003ae                irq_handler_chain_remove_tail
 *fill*         0x00000000200003bc        0x4 
 .data.aeabi_bits_funcs
                0x00000000200003c0       0x10 CMakeFiles/sinsonte.dir/home/oportunidad/Desktop/repos/pico-sdk/src/rp2_common/pico_bit_ops/bit_ops_aeabi.S.obj
                0x00000000200003c0                aeabi_bits_funcs
                0x00000000200003d0                aeabi_bits_funcs_end
 .data.aeabi_mem_funcs
                0x00000000200003d0       0x10 CMakeFiles/sinsonte.dir/home/oportunidad/Desktop/repos/pico-sdk/src/rp2_common/pico_mem_ops/mem_ops_aeabi.S.obj
                0x00000000200003d0                aeabi_mem_funcs
                0x00000000200003e0                aeabi_mem_funcs_end
 .data.stdio_uart
                0x00000000200003e0       0x14 CMakeFiles/sinsonte.dir/home/oportunidad/Desktop/repos/pico-sdk/src/rp2_common/pico_stdio_uart/stdio_uart.c.obj
                0x00000000200003e0                stdio_uart
 *fill*         0x00000000200003f4        0x4 
 .data          0x00000000200003f8      0x430 /usr/lib/gcc/arm-none-eabi/9.2.1/../../../arm-none-eabi/lib/thumb/v6-m/nofp/libg.a(lib_a-impure.o)
                0x00000000200003f8                _impure_ptr
 .data          0x0000000020000828      0x410 /usr/lib/gcc/arm-none-eabi/9.2.1/../../../arm-none-eabi/lib/thumb/v6-m/nofp/libg.a(lib_a-mallocr.o)
                0x0000000020000828                __malloc_sbrk_base
                0x000000002000082c                __malloc_trim_threshold
                0x0000000020000830                __malloc_av_
                0x0000000020000c38                . = ALIGN (0x4)
 *(.after_data.*)
                0x0000000020000c38                . = ALIGN (0x4)
                0x0000000020000c38                PROVIDE (__mutex_array_start = .)
 *(SORT_BY_NAME(.mutex_array.*))
 *(.mutex_array)
 .mutex_array   0x0000000020000c38        0x8 CMakeFiles/sinsonte.dir/home/oportunidad/Desktop/repos/pico-sdk/src/rp2_common/pico_stdio/stdio.c.obj
                0x0000000020000c40                PROVIDE (__mutex_array_end = .)
                0x0000000020000c40                . = ALIGN (0x4)
                0x0000000020000c40                PROVIDE (__preinit_array_start = .)
 *(SORT_BY_NAME(.preinit_array.*))
 .preinit_array.00001
                0x0000000020000c40        0x4 CMakeFiles/sinsonte.dir/home/oportunidad/Desktop/repos/pico-sdk/src/rp2_common/pico_mem_ops/mem_ops_aeabi.S.obj
 .preinit_array.00010
                0x0000000020000c44        0x4 CMakeFiles/sinsonte.dir/home/oportunidad/Desktop/repos/pico-sdk/src/rp2_common/pico_bit_ops/bit_ops_aeabi.S.obj
 .preinit_array.00020
                0x0000000020000c48        0x4 CMakeFiles/sinsonte.dir/home/oportunidad/Desktop/repos/pico-sdk/src/rp2_common/pico_double/double_aeabi.S.obj
 .preinit_array.00020
                0x0000000020000c4c        0x4 CMakeFiles/sinsonte.dir/home/oportunidad/Desktop/repos/pico-sdk/src/rp2_common/pico_float/float_aeabi.S.obj
 *(.preinit_array)
                0x0000000020000c50                PROVIDE (__preinit_array_end = .)
                0x0000000020000c50                . = ALIGN (0x4)
                0x0000000020000c50                PROVIDE (__init_array_start = .)
 *(SORT_BY_NAME(.init_array.*))
 *(.init_array)
 .init_array    0x0000000020000c50        0x4 /usr/lib/gcc/arm-none-eabi/9.2.1/thumb/v6-m/nofp/crtbegin.o
                0x0000000020000c54                PROVIDE (__init_array_end = .)
                0x0000000020000c54                . = ALIGN (0x4)
                0x0000000020000c54                PROVIDE (__fini_array_start = .)
 *(SORT_BY_NAME(.fini_array.*))
 *(.fini_array)
                0x0000000020000c54                PROVIDE (__fini_array_end = .)
 *(.jcr)
                0x0000000020000c54                . = ALIGN (0x4)
                0x0000000020000c54                __data_end__ = .

.tm_clone_table
                0x0000000020000c54        0x0 load address 0x00000000100da284
 .tm_clone_table
                0x0000000020000c54        0x0 /usr/lib/gcc/arm-none-eabi/9.2.1/thumb/v6-m/nofp/crtbegin.o
 .tm_clone_table
                0x0000000020000c54        0x0 /usr/lib/gcc/arm-none-eabi/9.2.1/thumb/v6-m/nofp/crtend.o

.igot.plt       0x0000000020000c54        0x0 load address 0x00000000100da284
 .igot.plt      0x0000000020000c54        0x0 /usr/lib/gcc/arm-none-eabi/9.2.1/thumb/v6-m/nofp/crtbegin.o

.uninitialized_data
                0x0000000020000c54        0x0 load address 0x00000000100da284
                0x0000000020000c54                . = ALIGN (0x4)
 *(.uninitialized_data*)

.scratch_x      0x0000000020040000        0x0 load address 0x00000000100da284
                0x0000000020040000                __scratch_x_start__ = .
 *(.scratch_x.*)
                0x0000000020040000                . = ALIGN (0x4)
                0x0000000020040000                __scratch_x_end__ = .
                0x00000000100da284                __scratch_x_source__ = LOADADDR (.scratch_x)

.scratch_y      0x0000000020041000        0x0 load address 0x00000000100da284
                0x0000000020041000                __scratch_y_start__ = .
 *(.scratch_y.*)
                0x0000000020041000                . = ALIGN (0x4)
                0x0000000020041000                __scratch_y_end__ = .
                0x00000000100da284                __scratch_y_source__ = LOADADDR (.scratch_y)

.bss            0x0000000020000c54      0x4d8
                0x0000000020000c54                . = ALIGN (0x4)
                0x0000000020000c54                __bss_start__ = .
 *(SORT_BY_ALIGNMENT(SORT_BY_NAME(.bss*)))
 .bss           0x0000000020000c54       0x1c /usr/lib/gcc/arm-none-eabi/9.2.1/thumb/v6-m/nofp/crtbegin.o
 .bss           0x0000000020000c70       0x34 /usr/lib/gcc/arm-none-eabi/9.2.1/../../../arm-none-eabi/lib/thumb/v6-m/nofp/libg.a(lib_a-mallocr.o)
                0x0000000020000c70                __malloc_top_pad
                0x0000000020000c74                __malloc_current_mallinfo
                0x0000000020000c9c                __malloc_max_sbrked_mem
                0x0000000020000ca0                __malloc_max_total_mem
 .bss.alarm_callbacks
                0x0000000020000ca4       0x10 CMakeFiles/sinsonte.dir/home/oportunidad/Desktop/repos/pico-sdk/src/rp2_common/hardware_timer/timer.c.obj
 .bss.boot2_copyout
                0x0000000020000cb4      0x100 CMakeFiles/sinsonte.dir/home/oportunidad/Desktop/repos/pico-sdk/src/rp2_common/hardware_flash/flash.c.obj
 .bss.configured_freq
                0x0000000020000db4       0x28 CMakeFiles/sinsonte.dir/home/oportunidad/Desktop/repos/pico-sdk/src/rp2_common/hardware_clocks/clocks.c.obj
 .bss.default_alarm_pool
                0x0000000020000ddc        0x4 CMakeFiles/sinsonte.dir/home/oportunidad/Desktop/repos/pico-sdk/src/common/pico_time/time.c.obj
 .bss.drivers   0x0000000020000de0        0x4 CMakeFiles/sinsonte.dir/home/oportunidad/Desktop/repos/pico-sdk/src/rp2_common/pico_stdio/stdio.c.obj
 .bss.filter    0x0000000020000de4        0x4 CMakeFiles/sinsonte.dir/home/oportunidad/Desktop/repos/pico-sdk/src/rp2_common/pico_stdio/stdio.c.obj
 .bss.heap_end.5755
                0x0000000020000de8        0x4 CMakeFiles/sinsonte.dir/home/oportunidad/Desktop/repos/pico-sdk/src/rp2_common/pico_runtime/runtime.c.obj
 .bss.pools     0x0000000020000dec       0x10 CMakeFiles/sinsonte.dir/home/oportunidad/Desktop/repos/pico-sdk/src/common/pico_time/time.c.obj
 .bss.target_hi
                0x0000000020000dfc       0x10 CMakeFiles/sinsonte.dir/home/oportunidad/Desktop/repos/pico-sdk/src/rp2_common/hardware_timer/timer.c.obj
 .bss.wav_position
                0x0000000020000e0c        0x4 CMakeFiles/sinsonte.dir/sinsonte.c.obj
                0x0000000020000e0c                wav_position
 .bss.boot2_copyout_valid
                0x0000000020000e10        0x1 CMakeFiles/sinsonte.dir/home/oportunidad/Desktop/repos/pico-sdk/src/rp2_common/hardware_flash/flash.c.obj
 .bss.claimed   0x0000000020000e11        0x1 CMakeFiles/sinsonte.dir/home/oportunidad/Desktop/repos/pico-sdk/src/rp2_common/hardware_timer/timer.c.obj
 .bss.flash_updated
                0x0000000020000e12        0x1 CMakeFiles/sinsonte.dir/sinsonte.c.obj
                0x0000000020000e12                flash_updated
 .bss.hour_count
                0x0000000020000e13        0x1 CMakeFiles/sinsonte.dir/sinsonte.c.obj
                0x0000000020000e13                hour_count
 .bss.irq_hander_chain_free_slot_head
                0x0000000020000e14        0x1 CMakeFiles/sinsonte.dir/home/oportunidad/Desktop/repos/pico-sdk/src/rp2_common/hardware_irq/irq.c.obj
 .bss.nightime  0x0000000020000e15        0x1 CMakeFiles/sinsonte.dir/sinsonte.c.obj
                0x0000000020000e15                nightime
 .bss.play_sound
                0x0000000020000e16        0x1 CMakeFiles/sinsonte.dir/sinsonte.c.obj
                0x0000000020000e16                play_sound
 .bss.timer_callbacks_pending
                0x0000000020000e17        0x1 CMakeFiles/sinsonte.dir/home/oportunidad/Desktop/repos/pico-sdk/src/rp2_common/hardware_timer/timer.c.obj
 *(COMMON)
 COMMON         0x0000000020000e18      0x108 CMakeFiles/sinsonte.dir/sinsonte.c.obj
                0x0000000020000e18                wav_data
                0x0000000020000e1c                wav_data_length
                0x0000000020000e20                flash_buff
 COMMON         0x0000000020000f20        0x4 CMakeFiles/sinsonte.dir/home/oportunidad/Desktop/repos/pico-sdk/src/rp2_common/hardware_uart/uart.c.obj
                0x0000000020000f20                uart_char_to_line_feed
 COMMON         0x0000000020000f24      0x100 CMakeFiles/sinsonte.dir/home/oportunidad/Desktop/repos/pico-sdk/src/rp2_common/pico_double/double_init_rom.c.obj
                0x0000000020000f24                sd_table
 COMMON         0x0000000020001024      0x104 CMakeFiles/sinsonte.dir/home/oportunidad/Desktop/repos/pico-sdk/src/rp2_common/pico_float/float_init_rom.c.obj
                0x0000000020001024                sf_table
                0x0000000020001124                sf_clz_func
 COMMON         0x0000000020001128        0x4 /usr/lib/gcc/arm-none-eabi/9.2.1/../../../arm-none-eabi/lib/thumb/v6-m/nofp/libg.a(lib_a-reent.o)
                0x0000000020001128                errno
                0x000000002000112c                . = ALIGN (0x4)
                0x000000002000112c                __bss_end__ = .

.heap           0x000000002000112c      0x800
                0x000000002000112c                __end__ = .
                0x000000002000112c                end = __end__
 *(.heap*)
 .heap          0x000000002000112c      0x800 CMakeFiles/sinsonte.dir/home/oportunidad/Desktop/repos/pico-sdk/src/rp2_common/pico_standard_link/crt0.S.obj
                0x000000002000192c                __HeapLimit = .

.stack1_dummy   0x0000000020040000        0x0
 *(.stack1*)

.stack_dummy    0x0000000020041000      0x800
 *(.stack*)
 .stack         0x0000000020041000      0x800 CMakeFiles/sinsonte.dir/home/oportunidad/Desktop/repos/pico-sdk/src/rp2_common/pico_standard_link/crt0.S.obj

.flash_end      0x00000000100da284        0x0
                0x00000000100da284                __flash_binary_end = .
                0x0000000020040000                __StackLimit = (ORIGIN (RAM) + LENGTH (RAM))
                0x0000000020041000                __StackOneTop = (ORIGIN (SCRATCH_X) + LENGTH (SCRATCH_X))
                0x0000000020042000                __StackTop = (ORIGIN (SCRATCH_Y) + LENGTH (SCRATCH_Y))
                0x0000000020041000                __StackOneBottom = (__StackOneTop - SIZEOF (.stack1_dummy))
                0x0000000020041800                __StackBottom = (__StackTop - SIZEOF (.stack_dummy))
                0x0000000020042000                PROVIDE (__stack = __StackTop)
                0x0000000000000001                ASSERT ((__StackLimit >= __HeapLimit), region RAM overflowed)
                0x0000000000000001                ASSERT (((__binary_info_header_end - __logical_binary_start) <= 0x100), Binary info must be in first 256 bytes of the binary)
LOAD CMakeFiles/sinsonte.dir/sinsonte.c.obj
LOAD CMakeFiles/sinsonte.dir/home/oportunidad/Desktop/repos/pico-sdk/src/rp2_common/pico_stdlib/stdlib.c.obj
LOAD CMakeFiles/sinsonte.dir/home/oportunidad/Desktop/repos/pico-sdk/src/rp2_common/hardware_gpio/gpio.c.obj
LOAD CMakeFiles/sinsonte.dir/home/oportunidad/Desktop/repos/pico-sdk/src/rp2_common/hardware_claim/claim.c.obj
LOAD CMakeFiles/sinsonte.dir/home/oportunidad/Desktop/repos/pico-sdk/src/rp2_common/hardware_sync/sync.c.obj
LOAD CMakeFiles/sinsonte.dir/home/oportunidad/Desktop/repos/pico-sdk/src/rp2_common/pico_platform/platform.c.obj
LOAD CMakeFiles/sinsonte.dir/home/oportunidad/Desktop/repos/pico-sdk/src/rp2_common/hardware_uart/uart.c.obj
LOAD CMakeFiles/sinsonte.dir/home/oportunidad/Desktop/repos/pico-sdk/src/rp2_common/hardware_divider/divider.S.obj
LOAD CMakeFiles/sinsonte.dir/home/oportunidad/Desktop/repos/pico-sdk/src/common/pico_time/time.c.obj
LOAD CMakeFiles/sinsonte.dir/home/oportunidad/Desktop/repos/pico-sdk/src/common/pico_time/timeout_helper.c.obj
LOAD CMakeFiles/sinsonte.dir/home/oportunidad/Desktop/repos/pico-sdk/src/rp2_common/hardware_timer/timer.c.obj
LOAD CMakeFiles/sinsonte.dir/home/oportunidad/Desktop/repos/pico-sdk/src/common/pico_sync/sem.c.obj
LOAD CMakeFiles/sinsonte.dir/home/oportunidad/Desktop/repos/pico-sdk/src/common/pico_sync/lock_core.c.obj
LOAD CMakeFiles/sinsonte.dir/home/oportunidad/Desktop/repos/pico-sdk/src/common/pico_sync/mutex.c.obj
LOAD CMakeFiles/sinsonte.dir/home/oportunidad/Desktop/repos/pico-sdk/src/common/pico_sync/critical_section.c.obj
LOAD CMakeFiles/sinsonte.dir/home/oportunidad/Desktop/repos/pico-sdk/src/common/pico_util/datetime.c.obj
LOAD CMakeFiles/sinsonte.dir/home/oportunidad/Desktop/repos/pico-sdk/src/common/pico_util/pheap.c.obj
LOAD CMakeFiles/sinsonte.dir/home/oportunidad/Desktop/repos/pico-sdk/src/common/pico_util/queue.c.obj
LOAD CMakeFiles/sinsonte.dir/home/oportunidad/Desktop/repos/pico-sdk/src/rp2_common/pico_runtime/runtime.c.obj
LOAD CMakeFiles/sinsonte.dir/home/oportunidad/Desktop/repos/pico-sdk/src/rp2_common/hardware_clocks/clocks.c.obj
LOAD CMakeFiles/sinsonte.dir/home/oportunidad/Desktop/repos/pico-sdk/src/rp2_common/hardware_watchdog/watchdog.c.obj
LOAD CMakeFiles/sinsonte.dir/home/oportunidad/Desktop/repos/pico-sdk/src/rp2_common/hardware_xosc/xosc.c.obj
LOAD CMakeFiles/sinsonte.dir/home/oportunidad/Desktop/repos/pico-sdk/src/rp2_common/hardware_pll/pll.c.obj
LOAD CMakeFiles/sinsonte.dir/home/oportunidad/Desktop/repos/pico-sdk/src/rp2_common/hardware_vreg/vreg.c.obj
LOAD CMakeFiles/sinsonte.dir/home/oportunidad/Desktop/repos/pico-sdk/src/rp2_common/hardware_irq/irq.c.obj
LOAD CMakeFiles/sinsonte.dir/home/oportunidad/Desktop/repos/pico-sdk/src/rp2_common/hardware_irq/irq_handler_chain.S.obj
LOAD CMakeFiles/sinsonte.dir/home/oportunidad/Desktop/repos/pico-sdk/src/rp2_common/pico_printf/printf.c.obj
LOAD CMakeFiles/sinsonte.dir/home/oportunidad/Desktop/repos/pico-sdk/src/rp2_common/pico_bit_ops/bit_ops_aeabi.S.obj
LOAD CMakeFiles/sinsonte.dir/home/oportunidad/Desktop/repos/pico-sdk/src/rp2_common/pico_bootrom/bootrom.c.obj
LOAD CMakeFiles/sinsonte.dir/home/oportunidad/Desktop/repos/pico-sdk/src/rp2_common/pico_divider/divider.S.obj
LOAD CMakeFiles/sinsonte.dir/home/oportunidad/Desktop/repos/pico-sdk/src/rp2_common/pico_double/double_aeabi.S.obj
LOAD CMakeFiles/sinsonte.dir/home/oportunidad/Desktop/repos/pico-sdk/src/rp2_common/pico_double/double_init_rom.c.obj
LOAD CMakeFiles/sinsonte.dir/home/oportunidad/Desktop/repos/pico-sdk/src/rp2_common/pico_double/double_math.c.obj
LOAD CMakeFiles/sinsonte.dir/home/oportunidad/Desktop/repos/pico-sdk/src/rp2_common/pico_double/double_v1_rom_shim.S.obj
LOAD CMakeFiles/sinsonte.dir/home/oportunidad/Desktop/repos/pico-sdk/src/rp2_common/pico_int64_ops/pico_int64_ops_aeabi.S.obj
LOAD CMakeFiles/sinsonte.dir/home/oportunidad/Desktop/repos/pico-sdk/src/rp2_common/pico_float/float_aeabi.S.obj
LOAD CMakeFiles/sinsonte.dir/home/oportunidad/Desktop/repos/pico-sdk/src/rp2_common/pico_float/float_init_rom.c.obj
LOAD CMakeFiles/sinsonte.dir/home/oportunidad/Desktop/repos/pico-sdk/src/rp2_common/pico_float/float_math.c.obj
LOAD CMakeFiles/sinsonte.dir/home/oportunidad/Desktop/repos/pico-sdk/src/rp2_common/pico_float/float_v1_rom_shim.S.obj
LOAD CMakeFiles/sinsonte.dir/home/oportunidad/Desktop/repos/pico-sdk/src/rp2_common/pico_malloc/pico_malloc.c.obj
LOAD CMakeFiles/sinsonte.dir/home/oportunidad/Desktop/repos/pico-sdk/src/rp2_common/pico_mem_ops/mem_ops_aeabi.S.obj
LOAD CMakeFiles/sinsonte.dir/home/oportunidad/Desktop/repos/pico-sdk/src/rp2_common/pico_standard_link/crt0.S.obj
LOAD CMakeFiles/sinsonte.dir/home/oportunidad/Desktop/repos/pico-sdk/src/rp2_common/pico_standard_link/new_delete.cpp.obj
LOAD CMakeFiles/sinsonte.dir/home/oportunidad/Desktop/repos/pico-sdk/src/rp2_common/pico_standard_link/binary_info.c.obj
LOAD CMakeFiles/sinsonte.dir/home/oportunidad/Desktop/repos/pico-sdk/src/rp2_common/pico_stdio/stdio.c.obj
LOAD CMakeFiles/sinsonte.dir/home/oportunidad/Desktop/repos/pico-sdk/src/rp2_common/pico_stdio_uart/stdio_uart.c.obj
LOAD CMakeFiles/sinsonte.dir/home/oportunidad/Desktop/repos/pico-sdk/src/rp2_common/hardware_flash/flash.c.obj
LOAD CMakeFiles/sinsonte.dir/home/oportunidad/Desktop/repos/pico-sdk/src/rp2_common/hardware_adc/adc.c.obj
LOAD /tmp/ccvegulr.o
LOAD /usr/lib/gcc/arm-none-eabi/9.2.1/../../../arm-none-eabi/lib/thumb/v6-m/nofp/libstdc++.a
LOAD /usr/lib/gcc/arm-none-eabi/9.2.1/../../../arm-none-eabi/lib/thumb/v6-m/nofp/libm.a
START GROUP
LOAD /usr/lib/gcc/arm-none-eabi/9.2.1/thumb/v6-m/nofp/libgcc.a
LOAD /usr/lib/gcc/arm-none-eabi/9.2.1/../../../arm-none-eabi/lib/thumb/v6-m/nofp/libg.a
LOAD /usr/lib/gcc/arm-none-eabi/9.2.1/../../../arm-none-eabi/lib/thumb/v6-m/nofp/libc.a
END GROUP
START GROUP
LOAD /usr/lib/gcc/arm-none-eabi/9.2.1/thumb/v6-m/nofp/libgcc.a
LOAD /usr/lib/gcc/arm-none-eabi/9.2.1/../../../arm-none-eabi/lib/thumb/v6-m/nofp/libc.a
LOAD /usr/lib/gcc/arm-none-eabi/9.2.1/../../../arm-none-eabi/lib/thumb/v6-m/nofp/libnosys.a
END GROUP
LOAD /usr/lib/gcc/arm-none-eabi/9.2.1/thumb/v6-m/nofp/crtend.o
LOAD /usr/lib/gcc/arm-none-eabi/9.2.1/thumb/v6-m/nofp/crtn.o
OUTPUT(sinsonte.elf elf32-littlearm)
LOAD linker stubs

.ARM.attributes
                0x0000000000000000       0x28
 .ARM.attributes
                0x0000000000000000       0x1e /usr/lib/gcc/arm-none-eabi/9.2.1/thumb/v6-m/nofp/crti.o
 .ARM.attributes
                0x000000000000001e       0x2c /usr/lib/gcc/arm-none-eabi/9.2.1/thumb/v6-m/nofp/crtbegin.o
 .ARM.attributes
                0x000000000000004a       0x2b CMakeFiles/sinsonte.dir/sinsonte.c.obj
 .ARM.attributes
                0x0000000000000075       0x2b CMakeFiles/sinsonte.dir/home/oportunidad/Desktop/repos/pico-sdk/src/rp2_common/pico_stdlib/stdlib.c.obj
 .ARM.attributes
                0x00000000000000a0       0x2b CMakeFiles/sinsonte.dir/home/oportunidad/Desktop/repos/pico-sdk/src/rp2_common/hardware_gpio/gpio.c.obj
 .ARM.attributes
                0x00000000000000cb       0x2b CMakeFiles/sinsonte.dir/home/oportunidad/Desktop/repos/pico-sdk/src/rp2_common/hardware_claim/claim.c.obj
 .ARM.attributes
                0x00000000000000f6       0x2b CMakeFiles/sinsonte.dir/home/oportunidad/Desktop/repos/pico-sdk/src/rp2_common/hardware_sync/sync.c.obj
 .ARM.attributes
                0x0000000000000121       0x2b CMakeFiles/sinsonte.dir/home/oportunidad/Desktop/repos/pico-sdk/src/rp2_common/pico_platform/platform.c.obj
 .ARM.attributes
                0x000000000000014c       0x2b CMakeFiles/sinsonte.dir/home/oportunidad/Desktop/repos/pico-sdk/src/rp2_common/hardware_uart/uart.c.obj
 .ARM.attributes
                0x0000000000000177       0x2b CMakeFiles/sinsonte.dir/home/oportunidad/Desktop/repos/pico-sdk/src/common/pico_time/time.c.obj
 .ARM.attributes
                0x00000000000001a2       0x2b CMakeFiles/sinsonte.dir/home/oportunidad/Desktop/repos/pico-sdk/src/rp2_common/hardware_timer/timer.c.obj
 .ARM.attributes
                0x00000000000001cd       0x2b CMakeFiles/sinsonte.dir/home/oportunidad/Desktop/repos/pico-sdk/src/common/pico_sync/lock_core.c.obj
 .ARM.attributes
                0x00000000000001f8       0x2b CMakeFiles/sinsonte.dir/home/oportunidad/Desktop/repos/pico-sdk/src/common/pico_sync/mutex.c.obj
 .ARM.attributes
                0x0000000000000223       0x2b CMakeFiles/sinsonte.dir/home/oportunidad/Desktop/repos/pico-sdk/src/common/pico_util/pheap.c.obj
 .ARM.attributes
                0x000000000000024e       0x2b CMakeFiles/sinsonte.dir/home/oportunidad/Desktop/repos/pico-sdk/src/rp2_common/pico_runtime/runtime.c.obj
 .ARM.attributes
                0x0000000000000279       0x2b CMakeFiles/sinsonte.dir/home/oportunidad/Desktop/repos/pico-sdk/src/rp2_common/hardware_clocks/clocks.c.obj
 .ARM.attributes
                0x00000000000002a4       0x2b CMakeFiles/sinsonte.dir/home/oportunidad/Desktop/repos/pico-sdk/src/rp2_common/hardware_watchdog/watchdog.c.obj
 .ARM.attributes
                0x00000000000002cf       0x2b CMakeFiles/sinsonte.dir/home/oportunidad/Desktop/repos/pico-sdk/src/rp2_common/hardware_xosc/xosc.c.obj
 .ARM.attributes
                0x00000000000002fa       0x2b CMakeFiles/sinsonte.dir/home/oportunidad/Desktop/repos/pico-sdk/src/rp2_common/hardware_pll/pll.c.obj
 .ARM.attributes
                0x0000000000000325       0x2b CMakeFiles/sinsonte.dir/home/oportunidad/Desktop/repos/pico-sdk/src/rp2_common/hardware_irq/irq.c.obj
 .ARM.attributes
                0x0000000000000350       0x22 CMakeFiles/sinsonte.dir/home/oportunidad/Desktop/repos/pico-sdk/src/rp2_common/hardware_irq/irq_handler_chain.S.obj
 .ARM.attributes
                0x0000000000000372       0x2b CMakeFiles/sinsonte.dir/home/oportunidad/Desktop/repos/pico-sdk/src/rp2_common/pico_printf/printf.c.obj
 .ARM.attributes
                0x000000000000039d       0x22 CMakeFiles/sinsonte.dir/home/oportunidad/Desktop/repos/pico-sdk/src/rp2_common/pico_bit_ops/bit_ops_aeabi.S.obj
 .ARM.attributes
                0x00000000000003bf       0x2b CMakeFiles/sinsonte.dir/home/oportunidad/Desktop/repos/pico-sdk/src/rp2_common/pico_bootrom/bootrom.c.obj
 .ARM.attributes
                0x00000000000003ea       0x22 CMakeFiles/sinsonte.dir/home/oportunidad/Desktop/repos/pico-sdk/src/rp2_common/pico_divider/divider.S.obj
 .ARM.attributes
                0x000000000000040c       0x22 CMakeFiles/sinsonte.dir/home/oportunidad/Desktop/repos/pico-sdk/src/rp2_common/pico_double/double_aeabi.S.obj
 .ARM.attributes
                0x000000000000042e       0x2b CMakeFiles/sinsonte.dir/home/oportunidad/Desktop/repos/pico-sdk/src/rp2_common/pico_double/double_init_rom.c.obj
 .ARM.attributes
                0x0000000000000459       0x22 CMakeFiles/sinsonte.dir/home/oportunidad/Desktop/repos/pico-sdk/src/rp2_common/pico_double/double_v1_rom_shim.S.obj
 .ARM.attributes
                0x000000000000047b       0x22 CMakeFiles/sinsonte.dir/home/oportunidad/Desktop/repos/pico-sdk/src/rp2_common/pico_float/float_aeabi.S.obj
 .ARM.attributes
                0x000000000000049d       0x2b CMakeFiles/sinsonte.dir/home/oportunidad/Desktop/repos/pico-sdk/src/rp2_common/pico_float/float_init_rom.c.obj
 .ARM.attributes
                0x00000000000004c8       0x22 CMakeFiles/sinsonte.dir/home/oportunidad/Desktop/repos/pico-sdk/src/rp2_common/pico_float/float_v1_rom_shim.S.obj
 .ARM.attributes
                0x00000000000004ea       0x2b CMakeFiles/sinsonte.dir/home/oportunidad/Desktop/repos/pico-sdk/src/rp2_common/pico_malloc/pico_malloc.c.obj
 .ARM.attributes
                0x0000000000000515       0x22 CMakeFiles/sinsonte.dir/home/oportunidad/Desktop/repos/pico-sdk/src/rp2_common/pico_mem_ops/mem_ops_aeabi.S.obj
 .ARM.attributes
                0x0000000000000537       0x22 CMakeFiles/sinsonte.dir/home/oportunidad/Desktop/repos/pico-sdk/src/rp2_common/pico_standard_link/crt0.S.obj
 .ARM.attributes
                0x0000000000000559       0x32 CMakeFiles/sinsonte.dir/home/oportunidad/Desktop/repos/pico-sdk/src/rp2_common/pico_standard_link/binary_info.c.obj
 .ARM.attributes
                0x000000000000058b       0x2b CMakeFiles/sinsonte.dir/home/oportunidad/Desktop/repos/pico-sdk/src/rp2_common/pico_stdio/stdio.c.obj
 .ARM.attributes
                0x00000000000005b6       0x2b CMakeFiles/sinsonte.dir/home/oportunidad/Desktop/repos/pico-sdk/src/rp2_common/pico_stdio_uart/stdio_uart.c.obj
 .ARM.attributes
                0x00000000000005e1       0x2b CMakeFiles/sinsonte.dir/home/oportunidad/Desktop/repos/pico-sdk/src/rp2_common/hardware_flash/flash.c.obj
 .ARM.attributes
                0x000000000000060c       0x2b CMakeFiles/sinsonte.dir/home/oportunidad/Desktop/repos/pico-sdk/src/rp2_common/hardware_adc/adc.c.obj
 .ARM.attributes
                0x0000000000000637       0x22 /tmp/ccvegulr.o
 .ARM.attributes
                0x0000000000000659       0x1e /usr/lib/gcc/arm-none-eabi/9.2.1/thumb/v6-m/nofp/libgcc.a(_dvmd_tls.o)
 .ARM.attributes
                0x0000000000000677       0x2c /usr/lib/gcc/arm-none-eabi/9.2.1/../../../arm-none-eabi/lib/thumb/v6-m/nofp/libg.a(lib_a-calloc.o)
 .ARM.attributes
                0x00000000000006a3       0x2c /usr/lib/gcc/arm-none-eabi/9.2.1/../../../arm-none-eabi/lib/thumb/v6-m/nofp/libg.a(lib_a-callocr.o)
 .ARM.attributes
                0x00000000000006cf       0x2c /usr/lib/gcc/arm-none-eabi/9.2.1/../../../arm-none-eabi/lib/thumb/v6-m/nofp/libg.a(lib_a-impure.o)
 .ARM.attributes
                0x00000000000006fb       0x2c /usr/lib/gcc/arm-none-eabi/9.2.1/../../../arm-none-eabi/lib/thumb/v6-m/nofp/libg.a(lib_a-malloc.o)
 .ARM.attributes
                0x0000000000000727       0x2c /usr/lib/gcc/arm-none-eabi/9.2.1/../../../arm-none-eabi/lib/thumb/v6-m/nofp/libg.a(lib_a-mallocr.o)
 .ARM.attributes
                0x0000000000000753       0x2c /usr/lib/gcc/arm-none-eabi/9.2.1/../../../arm-none-eabi/lib/thumb/v6-m/nofp/libg.a(lib_a-mlock.o)
 .ARM.attributes
                0x000000000000077f       0x2c /usr/lib/gcc/arm-none-eabi/9.2.1/../../../arm-none-eabi/lib/thumb/v6-m/nofp/libg.a(lib_a-sbrkr.o)
 .ARM.attributes
                0x00000000000007ab       0x2c /usr/lib/gcc/arm-none-eabi/9.2.1/../../../arm-none-eabi/lib/thumb/v6-m/nofp/libg.a(lib_a-strlen-stub.o)
 .ARM.attributes
                0x00000000000007d7       0x2c /usr/lib/gcc/arm-none-eabi/9.2.1/../../../arm-none-eabi/lib/thumb/v6-m/nofp/libg.a(lib_a-freer.o)
 .ARM.attributes
                0x0000000000000803       0x2c /usr/lib/gcc/arm-none-eabi/9.2.1/../../../arm-none-eabi/lib/thumb/v6-m/nofp/libg.a(lib_a-reent.o)
 .ARM.attributes
                0x000000000000082f       0x2c /usr/lib/gcc/arm-none-eabi/9.2.1/thumb/v6-m/nofp/crtend.o

.comment        0x0000000000000000       0xa7
 .comment       0x0000000000000000       0x59 /usr/lib/gcc/arm-none-eabi/9.2.1/thumb/v6-m/nofp/crtbegin.o
                                         0x5a (size before relaxing)
 .comment       0x0000000000000059       0x5a CMakeFiles/sinsonte.dir/sinsonte.c.obj
 .comment       0x0000000000000059       0x5a CMakeFiles/sinsonte.dir/home/oportunidad/Desktop/repos/pico-sdk/src/rp2_common/pico_stdlib/stdlib.c.obj
 .comment       0x0000000000000059       0x5a CMakeFiles/sinsonte.dir/home/oportunidad/Desktop/repos/pico-sdk/src/rp2_common/hardware_gpio/gpio.c.obj
 .comment       0x0000000000000059       0x5a CMakeFiles/sinsonte.dir/home/oportunidad/Desktop/repos/pico-sdk/src/rp2_common/hardware_claim/claim.c.obj
 .comment       0x0000000000000059       0x5a CMakeFiles/sinsonte.dir/home/oportunidad/Desktop/repos/pico-sdk/src/rp2_common/hardware_sync/sync.c.obj
 .comment       0x0000000000000059       0x5a CMakeFiles/sinsonte.dir/home/oportunidad/Desktop/repos/pico-sdk/src/rp2_common/pico_platform/platform.c.obj
 .comment       0x0000000000000059       0x5a CMakeFiles/sinsonte.dir/home/oportunidad/Desktop/repos/pico-sdk/src/rp2_common/hardware_uart/uart.c.obj
 .comment       0x0000000000000059       0x5a CMakeFiles/sinsonte.dir/home/oportunidad/Desktop/repos/pico-sdk/src/common/pico_time/time.c.obj
 .comment       0x0000000000000059       0x5a CMakeFiles/sinsonte.dir/home/oportunidad/Desktop/repos/pico-sdk/src/rp2_common/hardware_timer/timer.c.obj
 .comment       0x0000000000000059       0x5a CMakeFiles/sinsonte.dir/home/oportunidad/Desktop/repos/pico-sdk/src/common/pico_sync/lock_core.c.obj
 .comment       0x0000000000000059       0x5a CMakeFiles/sinsonte.dir/home/oportunidad/Desktop/repos/pico-sdk/src/common/pico_sync/mutex.c.obj
 .comment       0x0000000000000059       0x5a CMakeFiles/sinsonte.dir/home/oportunidad/Desktop/repos/pico-sdk/src/common/pico_util/pheap.c.obj
 .comment       0x0000000000000059       0x5a CMakeFiles/sinsonte.dir/home/oportunidad/Desktop/repos/pico-sdk/src/rp2_common/pico_runtime/runtime.c.obj
 .comment       0x0000000000000059       0x5a CMakeFiles/sinsonte.dir/home/oportunidad/Desktop/repos/pico-sdk/src/rp2_common/hardware_clocks/clocks.c.obj
 .comment       0x0000000000000059       0x5a CMakeFiles/sinsonte.dir/home/oportunidad/Desktop/repos/pico-sdk/src/rp2_common/hardware_watchdog/watchdog.c.obj
 .comment       0x0000000000000059       0x5a CMakeFiles/sinsonte.dir/home/oportunidad/Desktop/repos/pico-sdk/src/rp2_common/hardware_xosc/xosc.c.obj
 .comment       0x0000000000000059       0x5a CMakeFiles/sinsonte.dir/home/oportunidad/Desktop/repos/pico-sdk/src/rp2_common/hardware_pll/pll.c.obj
 .comment       0x0000000000000059       0x5a CMakeFiles/sinsonte.dir/home/oportunidad/Desktop/repos/pico-sdk/src/rp2_common/hardware_irq/irq.c.obj
 .comment       0x0000000000000059       0x5a CMakeFiles/sinsonte.dir/home/oportunidad/Desktop/repos/pico-sdk/src/rp2_common/pico_printf/printf.c.obj
 .comment       0x0000000000000059       0x5a CMakeFiles/sinsonte.dir/home/oportunidad/Desktop/repos/pico-sdk/src/rp2_common/pico_bootrom/bootrom.c.obj
 .comment       0x0000000000000059       0x5a CMakeFiles/sinsonte.dir/home/oportunidad/Desktop/repos/pico-sdk/src/rp2_common/pico_double/double_init_rom.c.obj
 .comment       0x0000000000000059       0x5a CMakeFiles/sinsonte.dir/home/oportunidad/Desktop/repos/pico-sdk/src/rp2_common/pico_float/float_init_rom.c.obj
 .comment       0x0000000000000059       0x5a CMakeFiles/sinsonte.dir/home/oportunidad/Desktop/repos/pico-sdk/src/rp2_common/pico_malloc/pico_malloc.c.obj