Archive member included to satisfy reference by file (symbol)

/usr/lib/gcc/arm-none-eabi/9.2.1/thumb/v6-m/nofp/libgcc.a(_dvmd_tls.o)
                              CMakeFiles/sinsonte.dir/home/oportunidad/Desktop/repos/pico-sdk/src/rp2_common/pico_divider/divider.S.obj (__aeabi_idiv0)
/usr/lib/gcc/arm-none-eabi/9.2.1/../../../arm-none-eabi/lib/thumb/v6-m/nofp/libg.a(lib_a-atexit.o)
                              /usr/lib/gcc/arm-none-eabi/9.2.1/../../../arm-none-eabi/lib/thumb/v6-m/nofp/crt0.o (atexit)
/usr/lib/gcc/arm-none-eabi/9.2.1/../../../arm-none-eabi/lib/thumb/v6-m/nofp/libg.a(lib_a-calloc.o)
                              CMakeFiles/sinsonte.dir/home/oportunidad/Desktop/repos/pico-sdk/src/rp2_common/pico_malloc/pico_malloc.c.obj (calloc)
/usr/lib/gcc/arm-none-eabi/9.2.1/../../../arm-none-eabi/lib/thumb/v6-m/nofp/libg.a(lib_a-callocr.o)
                              /usr/lib/gcc/arm-none-eabi/9.2.1/../../../arm-none-eabi/lib/thumb/v6-m/nofp/libg.a(lib_a-calloc.o) (_calloc_r)
/usr/lib/gcc/arm-none-eabi/9.2.1/../../../arm-none-eabi/lib/thumb/v6-m/nofp/libg.a(lib_a-fini.o)
                              /usr/lib/gcc/arm-none-eabi/9.2.1/../../../arm-none-eabi/lib/thumb/v6-m/nofp/crt0.o (__libc_fini_array)
/usr/lib/gcc/arm-none-eabi/9.2.1/../../../arm-none-eabi/lib/thumb/v6-m/nofp/libg.a(lib_a-impure.o)
                              /usr/lib/gcc/arm-none-eabi/9.2.1/../../../arm-none-eabi/lib/thumb/v6-m/nofp/libg.a(lib_a-calloc.o) (_impure_ptr)
/usr/lib/gcc/arm-none-eabi/9.2.1/../../../arm-none-eabi/lib/thumb/v6-m/nofp/libg.a(lib_a-init.o)
                              /usr/lib/gcc/arm-none-eabi/9.2.1/../../../arm-none-eabi/lib/thumb/v6-m/nofp/crt0.o (__libc_init_array)
/usr/lib/gcc/arm-none-eabi/9.2.1/../../../arm-none-eabi/lib/thumb/v6-m/nofp/libg.a(lib_a-malloc.o)
                              CMakeFiles/sinsonte.dir/home/oportunidad/Desktop/repos/pico-sdk/src/rp2_common/pico_malloc/pico_malloc.c.obj (malloc)
/usr/lib/gcc/arm-none-eabi/9.2.1/../../../arm-none-eabi/lib/thumb/v6-m/nofp/libg.a(lib_a-mallocr.o)
                              /usr/lib/gcc/arm-none-eabi/9.2.1/../../../arm-none-eabi/lib/thumb/v6-m/nofp/libg.a(lib_a-callocr.o) (_malloc_r)
/usr/lib/gcc/arm-none-eabi/9.2.1/../../../arm-none-eabi/lib/thumb/v6-m/nofp/libg.a(lib_a-mlock.o)
                              /usr/lib/gcc/arm-none-eabi/9.2.1/../../../arm-none-eabi/lib/thumb/v6-m/nofp/libg.a(lib_a-mallocr.o) (__malloc_lock)
/usr/lib/gcc/arm-none-eabi/9.2.1/../../../arm-none-eabi/lib/thumb/v6-m/nofp/libg.a(lib_a-sbrkr.o)
                              /usr/lib/gcc/arm-none-eabi/9.2.1/../../../arm-none-eabi/lib/thumb/v6-m/nofp/libg.a(lib_a-mallocr.o) (_sbrk_r)
/usr/lib/gcc/arm-none-eabi/9.2.1/../../../arm-none-eabi/lib/thumb/v6-m/nofp/libg.a(lib_a-strlen-stub.o)
                              CMakeFiles/sinsonte.dir/home/oportunidad/Desktop/repos/pico-sdk/src/rp2_common/pico_stdio/stdio.c.obj (strlen)
/usr/lib/gcc/arm-none-eabi/9.2.1/../../../arm-none-eabi/lib/thumb/v6-m/nofp/libg.a(lib_a-__atexit.o)
                              /usr/lib/gcc/arm-none-eabi/9.2.1/../../../arm-none-eabi/lib/thumb/v6-m/nofp/libg.a(lib_a-atexit.o) (__register_exitproc)
/usr/lib/gcc/arm-none-eabi/9.2.1/../../../arm-none-eabi/lib/thumb/v6-m/nofp/libg.a(lib_a-freer.o)
                              /usr/lib/gcc/arm-none-eabi/9.2.1/../../../arm-none-eabi/lib/thumb/v6-m/nofp/libg.a(lib_a-malloc.o) (_free_r)
/usr/lib/gcc/arm-none-eabi/9.2.1/../../../arm-none-eabi/lib/thumb/v6-m/nofp/libg.a(lib_a-reent.o)
                              /usr/lib/gcc/arm-none-eabi/9.2.1/../../../arm-none-eabi/lib/thumb/v6-m/nofp/libg.a(lib_a-sbrkr.o) (errno)

Allocating common symbols
Common symbol       size              file

sf_table            0x100             CMakeFiles/sinsonte.dir/home/oportunidad/Desktop/repos/pico-sdk/src/rp2_common/pico_float/float_init_rom.c.obj
wav_data            0x4               CMakeFiles/sinsonte.dir/sinsonte.c.obj
errno               0x4               /usr/lib/gcc/arm-none-eabi/9.2.1/../../../arm-none-eabi/lib/thumb/v6-m/nofp/libg.a(lib_a-reent.o)
wav_data_length     0x4               CMakeFiles/sinsonte.dir/sinsonte.c.obj
sf_clz_func         0x4               CMakeFiles/sinsonte.dir/home/oportunidad/Desktop/repos/pico-sdk/src/rp2_common/pico_float/float_init_rom.c.obj
flash_buff          0x100             CMakeFiles/sinsonte.dir/sinsonte.c.obj
sd_table            0x100             CMakeFiles/sinsonte.dir/home/oportunidad/Desktop/repos/pico-sdk/src/rp2_common/pico_double/double_init_rom.c.obj
uart_char_to_line_feed
                    0x4               CMakeFiles/sinsonte.dir/home/oportunidad/Desktop/repos/pico-sdk/src/rp2_common/hardware_uart/uart.c.obj

Discarded input sections

 .text          0x0000000000000000        0x0 /usr/lib/gcc/arm-none-eabi/9.2.1/thumb/v6-m/nofp/crti.o
 .data          0x0000000000000000        0x0 /usr/lib/gcc/arm-none-eabi/9.2.1/thumb/v6-m/nofp/crti.o
[...]
Memory Configuration

Name             Origin             Length             Attributes
FLASH            0x0000000010000000 0x0000000000200000 xr
RAM              0x0000000020000000 0x0000000000040000 xrw
SCRATCH_X        0x0000000020040000 0x0000000000001000 xrw
SCRATCH_Y        0x0000000020041000 0x0000000000001000 xrw
*default*        0x0000000000000000 0xffffffffffffffff

Linker script and memory map

LOAD /usr/lib/gcc/arm-none-eabi/9.2.1/thumb/v6-m/nofp/crti.o
LOAD /usr/lib/gcc/arm-none-eabi/9.2.1/thumb/v6-m/nofp/crtbegin.o
LOAD /usr/lib/gcc/arm-none-eabi/9.2.1/../../../arm-none-eabi/lib/thumb/v6-m/nofp/crt0.o

.flash_begin    0x0000000010000000        0x0
                0x0000000010000000                __flash_binary_start = .

.boot2          0x0000000010000000      0x100
                0x0000000010000000                __boot2_start__ = .
 *(.boot2)
 .boot2         0x0000000010000000      0x100 /tmp/ccZvAt3b.o
                0x0000000010000100                __boot2_end__ = .
                0x0000000000000001                ASSERT (((__boot2_end__ - __boot2_start__) == 0x100), ERROR: Pico second stage bootloader must be 256 bytes in size)

.text           0x0000000010000100     0x4d90
                0x0000000010000100                __logical_binary_start = .
 *(.vectors)
 .vectors       0x0000000010000100       0xd4 CMakeFiles/sinsonte.dir/home/oportunidad/Desktop/repos/pico-sdk/src/rp2_common/pico_standard_link/crt0.S.obj
                0x0000000010000100                __vectors
                0x00000000100001c0                isr_invalid
                0x00000000100001c2                isr_nmi
                0x00000000100001c4                isr_hardfault
                0x00000000100001c6                isr_svcall
                0x00000000100001c8                isr_pendsv
                0x00000000100001ca                isr_systick
                0x00000000100001cc                isr_irq30
                0x00000000100001cc                __unhandled_user_irq
                0x00000000100001cc                isr_irq13
                0x00000000100001cc                isr_irq27
                0x00000000100001cc                isr_irq31
                0x00000000100001cc                isr_irq5
                0x00000000100001cc                isr_irq11
                0x00000000100001cc                isr_irq23
                0x00000000100001cc                isr_irq18
                0x00000000100001cc                isr_irq28
                0x00000000100001cc                isr_irq19
                0x00000000100001cc                isr_irq0
                0x00000000100001cc                isr_irq6
                0x00000000100001cc                isr_irq22
                0x00000000100001cc                isr_irq17
                0x00000000100001cc                isr_irq14
                0x00000000100001cc                isr_irq2
                0x00000000100001cc                isr_irq10
                0x00000000100001cc                isr_irq8
                0x00000000100001cc                isr_irq24
                0x00000000100001cc                isr_irq1
                0x00000000100001cc                isr_irq7
                0x00000000100001cc                isr_irq21
                0x00000000100001cc                isr_irq20
                0x00000000100001cc                isr_irq15
                0x00000000100001cc                isr_irq25
                0x00000000100001cc                isr_irq4
                0x00000000100001cc                isr_irq16
                0x00000000100001cc                isr_irq29
                0x00000000100001cc                isr_irq26
                0x00000000100001cc                isr_irq3
                0x00000000100001cc                isr_irq12
                0x00000000100001cc                isr_irq9
                0x00000000100001d2                unhandled_user_irq_num_in_r0
 *(.binary_info_header)
 .binary_info_header
                0x00000000100001d4       0x14 CMakeFiles/sinsonte.dir/home/oportunidad/Desktop/repos/pico-sdk/src/rp2_common/pico_standard_link/crt0.S.obj
                0x00000000100001e8                __binary_info_header_end = .
 *(.reset)
 .reset         0x00000000100001e8       0xa8 CMakeFiles/sinsonte.dir/home/oportunidad/Desktop/repos/pico-sdk/src/rp2_common/pico_standard_link/crt0.S.obj
                0x00000000100001e8                _entry_point
                0x0000000010000266                __get_current_exception
 .reset         0x0000000010000290       0x30 CMakeFiles/sinsonte.dir/home/oportunidad/Desktop/repos/pico-sdk/src/rp2_common/pico_standard_link/binary_info.c.obj
 *(.init)
 .init          0x00000000100002c0        0x4 /usr/lib/gcc/arm-none-eabi/9.2.1/thumb/v6-m/nofp/crti.o
                0x00000000100002c0                _init
 *(EXCLUDE_FILE(*libm.a: *libc.a:*lib_a-mem*.o *libgcc.a:) .text*)
 .text          0x00000000100002c4       0x98 /usr/lib/gcc/arm-none-eabi/9.2.1/thumb/v6-m/nofp/crtbegin.o
 .text.pwm_interrupt_handler
                0x000000001000035c       0x60 CMakeFiles/sinsonte.dir/sinsonte.c.obj
                0x000000001000035c                pwm_interrupt_handler
 .text.main     0x00000000100003bc      0x208 CMakeFiles/sinsonte.dir/sinsonte.c.obj
                0x00000000100003bc                main
 .text.set_sys_clock_pll
                0x00000000100005c4       0x7c CMakeFiles/sinsonte.dir/home/oportunidad/Desktop/repos/pico-sdk/src/rp2_common/pico_stdlib/stdlib.c.obj
                0x00000000100005c4                set_sys_clock_pll
 .text.check_sys_clock_khz
                0x0000000010000640       0xb0 CMakeFiles/sinsonte.dir/home/oportunidad/Desktop/repos/pico-sdk/src/rp2_common/pico_stdlib/stdlib.c.obj
                0x0000000010000640                check_sys_clock_khz
 .text.gpio_set_function
                0x00000000100006f0       0x30 CMakeFiles/sinsonte.dir/home/oportunidad/Desktop/repos/pico-sdk/src/rp2_common/hardware_gpio/gpio.c.obj
                0x00000000100006f0                gpio_set_function
 .text.gpio_init
                0x0000000010000720       0x16 CMakeFiles/sinsonte.dir/home/oportunidad/Desktop/repos/pico-sdk/src/rp2_common/hardware_gpio/gpio.c.obj
                0x0000000010000720                gpio_init
 *fill*         0x0000000010000736        0x2 
 .text.hw_claim_lock
                0x0000000010000738       0x18 CMakeFiles/sinsonte.dir/home/oportunidad/Desktop/repos/pico-sdk/src/rp2_common/hardware_claim/claim.c.obj
                0x0000000010000738                hw_claim_lock
 .text.hw_claim_unlock
                0x0000000010000750       0x14 CMakeFiles/sinsonte.dir/home/oportunidad/Desktop/repos/pico-sdk/src/rp2_common/hardware_claim/claim.c.obj
                0x0000000010000750                hw_claim_unlock
 .text.hw_claim_or_assert
                0x0000000010000764       0x34 CMakeFiles/sinsonte.dir/home/oportunidad/Desktop/repos/pico-sdk/src/rp2_common/hardware_claim/claim.c.obj
                0x0000000010000764                hw_claim_or_assert
 .text.spin_locks_reset
                0x0000000010000798       0x20 CMakeFiles/sinsonte.dir/home/oportunidad/Desktop/repos/pico-sdk/src/rp2_common/hardware_sync/sync.c.obj
                0x0000000010000798                spin_locks_reset
 .text.next_striped_spin_lock_num
                0x00000000100007b8       0x1c CMakeFiles/sinsonte.dir/home/oportunidad/Desktop/repos/pico-sdk/src/rp2_common/hardware_sync/sync.c.obj
                0x00000000100007b8                next_striped_spin_lock_num
 .text.running_on_fpga
                0x00000000100007d4       0x14 CMakeFiles/sinsonte.dir/home/oportunidad/Desktop/repos/pico-sdk/src/rp2_common/pico_platform/platform.c.obj
                0x00000000100007d4                running_on_fpga
 .text.uart_set_baudrate
                0x00000000100007e8       0x64 CMakeFiles/sinsonte.dir/home/oportunidad/Desktop/repos/pico-sdk/src/rp2_common/hardware_uart/uart.c.obj
                0x00000000100007e8                uart_set_baudrate
 .text.uart_set_translate_crlf
                0x000000001000084c       0x28 CMakeFiles/sinsonte.dir/home/oportunidad/Desktop/repos/pico-sdk/src/rp2_common/hardware_uart/uart.c.obj
                0x000000001000084c                uart_set_translate_crlf
 .text.uart_init
                0x0000000010000874       0x80 CMakeFiles/sinsonte.dir/home/oportunidad/Desktop/repos/pico-sdk/src/rp2_common/hardware_uart/uart.c.obj
                0x0000000010000874                uart_init
 .text.sev_callback
                0x00000000100008f4        0x8 CMakeFiles/sinsonte.dir/home/oportunidad/Desktop/repos/pico-sdk/src/common/pico_time/time.c.obj
 .text.timer_pool_entry_comparator
                0x00000000100008fc       0x7c CMakeFiles/sinsonte.dir/home/oportunidad/Desktop/repos/pico-sdk/src/common/pico_time/time.c.obj
                0x00000000100008fc                timer_pool_entry_comparator
 .text.ph_add_child_node
                0x0000000010000978       0xa4 CMakeFiles/sinsonte.dir/home/oportunidad/Desktop/repos/pico-sdk/src/common/pico_time/time.c.obj
 .text.ph_merge_nodes
                0x0000000010000a1c       0x3e CMakeFiles/sinsonte.dir/home/oportunidad/Desktop/repos/pico-sdk/src/common/pico_time/time.c.obj
 *fill*         0x0000000010000a5a        0x2 
 .text.add_alarm_under_lock
                0x0000000010000a5c      0x178 CMakeFiles/sinsonte.dir/home/oportunidad/Desktop/repos/pico-sdk/src/common/pico_time/time.c.obj
 .text.alarm_pool_alarm_callback
                0x0000000010000bd4      0x2e8 CMakeFiles/sinsonte.dir/home/oportunidad/Desktop/repos/pico-sdk/src/common/pico_time/time.c.obj
 .text.alarm_pool_get_default
                0x0000000010000ebc       0x28 CMakeFiles/sinsonte.dir/home/oportunidad/Desktop/repos/pico-sdk/src/common/pico_time/time.c.obj
                0x0000000010000ebc                alarm_pool_get_default
 .text.alarm_pool_create
                0x0000000010000ee4       0x6c CMakeFiles/sinsonte.dir/home/oportunidad/Desktop/repos/pico-sdk/src/common/pico_time/time.c.obj
                0x0000000010000ee4                alarm_pool_create
 .text.alarm_pool_init_default
                0x0000000010000f50       0x20 CMakeFiles/sinsonte.dir/home/oportunidad/Desktop/repos/pico-sdk/src/common/pico_time/time.c.obj
                0x0000000010000f50                alarm_pool_init_default
 .text.alarm_pool_add_alarm_at
                0x0000000010000f70      0x12c CMakeFiles/sinsonte.dir/home/oportunidad/Desktop/repos/pico-sdk/src/common/pico_time/time.c.obj
                0x0000000010000f70                alarm_pool_add_alarm_at
 .text.sleep_until
                0x000000001000109c       0x94 CMakeFiles/sinsonte.dir/home/oportunidad/Desktop/repos/pico-sdk/src/common/pico_time/time.c.obj
                0x000000001000109c                sleep_until
 .text.sleep_us
                0x0000000010001130       0x2c CMakeFiles/sinsonte.dir/home/oportunidad/Desktop/repos/pico-sdk/src/common/pico_time/time.c.obj
                0x0000000010001130                sleep_us
 .text.hardware_alarm_irq_handler
                0x000000001000115c       0x8c CMakeFiles/sinsonte.dir/home/oportunidad/Desktop/repos/pico-sdk/src/rp2_common/hardware_timer/timer.c.obj
 .text.hardware_alarm_claim
                0x00000000100011e8       0x18 CMakeFiles/sinsonte.dir/home/oportunidad/Desktop/repos/pico-sdk/src/rp2_common/hardware_timer/timer.c.obj
                0x00000000100011e8                hardware_alarm_claim
 .text.time_us_64
                0x0000000010001200       0x18 CMakeFiles/sinsonte.dir/home/oportunidad/Desktop/repos/pico-sdk/src/rp2_common/hardware_timer/timer.c.obj
                0x0000000010001200                time_us_64
 .text.busy_wait_until
                0x0000000010001218       0x24 CMakeFiles/sinsonte.dir/home/oportunidad/Desktop/repos/pico-sdk/src/rp2_common/hardware_timer/timer.c.obj
                0x0000000010001218                busy_wait_until
 .text.hardware_alarm_set_callback
                0x000000001000123c       0x90 CMakeFiles/sinsonte.dir/home/oportunidad/Desktop/repos/pico-sdk/src/rp2_common/hardware_timer/timer.c.obj
                0x000000001000123c                hardware_alarm_set_callback
 .text.hardware_alarm_set_target
                0x00000000100012cc       0xd0 CMakeFiles/sinsonte.dir/home/oportunidad/Desktop/repos/pico-sdk/src/rp2_common/hardware_timer/timer.c.obj
                0x00000000100012cc                hardware_alarm_set_target
 .text.hardware_alarm_cancel
                0x000000001000139c       0x40 CMakeFiles/sinsonte.dir/home/oportunidad/Desktop/repos/pico-sdk/src/rp2_common/hardware_timer/timer.c.obj
                0x000000001000139c                hardware_alarm_cancel
 .text.lock_init
                0x00000000100013dc       0x30 CMakeFiles/sinsonte.dir/home/oportunidad/Desktop/repos/pico-sdk/src/common/pico_sync/lock_core.c.obj
                0x00000000100013dc                lock_init
 .text.mutex_init
                0x000000001000140c       0x1a CMakeFiles/sinsonte.dir/home/oportunidad/Desktop/repos/pico-sdk/src/common/pico_sync/mutex.c.obj
                0x000000001000140c                mutex_init
 *fill*         0x0000000010001426        0x2 
 .text.ph_add_child_node
                0x0000000010001428       0xa4 CMakeFiles/sinsonte.dir/home/oportunidad/Desktop/repos/pico-sdk/src/common/pico_util/pheap.c.obj
 .text.ph_merge_nodes
                0x00000000100014cc       0x3e CMakeFiles/sinsonte.dir/home/oportunidad/Desktop/repos/pico-sdk/src/common/pico_util/pheap.c.obj
 *fill*         0x000000001000150a        0x2 
 .text.ph_clear
                0x000000001000150c       0x74 CMakeFiles/sinsonte.dir/home/oportunidad/Desktop/repos/pico-sdk/src/common/pico_util/pheap.c.obj
                0x000000001000150c                ph_clear
 .text.ph_create
                0x0000000010001580       0x2c CMakeFiles/sinsonte.dir/home/oportunidad/Desktop/repos/pico-sdk/src/common/pico_util/pheap.c.obj
                0x0000000010001580                ph_create
 .text.ph_merge_two_pass
                0x00000000100015ac       0xa8 CMakeFiles/sinsonte.dir/home/oportunidad/Desktop/repos/pico-sdk/src/common/pico_util/pheap.c.obj
                0x00000000100015ac                ph_merge_two_pass
 .text.ph_remove_any_head
                0x0000000010001654      0x108 CMakeFiles/sinsonte.dir/home/oportunidad/Desktop/repos/pico-sdk/src/common/pico_util/pheap.c.obj
 .text.ph_remove_head_reserve
                0x000000001000175c       0x14 CMakeFiles/sinsonte.dir/home/oportunidad/Desktop/repos/pico-sdk/src/common/pico_util/pheap.c.obj
                0x000000001000175c                ph_remove_head_reserve
 .text.ph_delete
                0x0000000010001770       0xf8 CMakeFiles/sinsonte.dir/home/oportunidad/Desktop/repos/pico-sdk/src/common/pico_util/pheap.c.obj
                0x0000000010001770                ph_delete
 .text.runtime_init
                0x0000000010001868       0xcc CMakeFiles/sinsonte.dir/home/oportunidad/Desktop/repos/pico-sdk/src/rp2_common/pico_runtime/runtime.c.obj
                0x0000000010001868                runtime_init
 .text._exit    0x0000000010001934        0x4 CMakeFiles/sinsonte.dir/home/oportunidad/Desktop/repos/pico-sdk/src/rp2_common/pico_runtime/runtime.c.obj
                0x0000000010001934                _exit
 .text._sbrk    0x0000000010001938       0x38 CMakeFiles/sinsonte.dir/home/oportunidad/Desktop/repos/pico-sdk/src/rp2_common/pico_runtime/runtime.c.obj
                0x0000000010001938                _sbrk
 .text.exit     0x0000000010001970        0x6 CMakeFiles/sinsonte.dir/home/oportunidad/Desktop/repos/pico-sdk/src/rp2_common/pico_runtime/runtime.c.obj
                0x0000000010001970                exit
 *fill*         0x0000000010001976        0x2 
 .text.__assert_func
                0x0000000010001978       0x3c CMakeFiles/sinsonte.dir/home/oportunidad/Desktop/repos/pico-sdk/src/rp2_common/pico_runtime/runtime.c.obj
                0x0000000010001978                __assert_func
 .text.panic    0x00000000100019b4       0x30 CMakeFiles/sinsonte.dir/home/oportunidad/Desktop/repos/pico-sdk/src/rp2_common/pico_runtime/runtime.c.obj
                0x00000000100019b4                panic
 .text.clock_configure
                0x00000000100019e4       0xe8 CMakeFiles/sinsonte.dir/home/oportunidad/Desktop/repos/pico-sdk/src/rp2_common/hardware_clocks/clocks.c.obj
                0x00000000100019e4                clock_configure
 .text.clocks_init
                0x0000000010001acc      0x124 CMakeFiles/sinsonte.dir/home/oportunidad/Desktop/repos/pico-sdk/src/rp2_common/hardware_clocks/clocks.c.obj
                0x0000000010001acc                clocks_init
 .text.clock_get_hz
                0x0000000010001bf0        0xc CMakeFiles/sinsonte.dir/home/oportunidad/Desktop/repos/pico-sdk/src/rp2_common/hardware_clocks/clocks.c.obj
                0x0000000010001bf0                clock_get_hz
 .text.watchdog_start_tick
                0x0000000010001bfc       0x10 CMakeFiles/sinsonte.dir/home/oportunidad/Desktop/repos/pico-sdk/src/rp2_common/hardware_watchdog/watchdog.c.obj
                0x0000000010001bfc                watchdog_start_tick
 .text.xosc_init
                0x0000000010001c0c       0x28 CMakeFiles/sinsonte.dir/home/oportunidad/Desktop/repos/pico-sdk/src/rp2_common/hardware_xosc/xosc.c.obj
                0x0000000010001c0c                xosc_init
 .text.pll_init
                0x0000000010001c34       0xd4 CMakeFiles/sinsonte.dir/home/oportunidad/Desktop/repos/pico-sdk/src/rp2_common/hardware_pll/pll.c.obj
                0x0000000010001c34                pll_init
 .text.set_raw_irq_handler_and_unlock
                0x0000000010001d08       0x28 CMakeFiles/sinsonte.dir/home/oportunidad/Desktop/repos/pico-sdk/src/rp2_common/hardware_irq/irq.c.obj
 .text.make_branch
                0x0000000010001d30       0x34 CMakeFiles/sinsonte.dir/home/oportunidad/Desktop/repos/pico-sdk/src/rp2_common/hardware_irq/irq.c.obj
 .text.insert_branch_and_link
                0x0000000010001d64       0x40 CMakeFiles/sinsonte.dir/home/oportunidad/Desktop/repos/pico-sdk/src/rp2_common/hardware_irq/irq.c.obj
 .text.irq_is_enabled
                0x0000000010001da4       0x18 CMakeFiles/sinsonte.dir/home/oportunidad/Desktop/repos/pico-sdk/src/rp2_common/hardware_irq/irq.c.obj
                0x0000000010001da4                irq_is_enabled
 .text.irq_set_mask_enabled
                0x0000000010001dbc       0x20 CMakeFiles/sinsonte.dir/home/oportunidad/Desktop/repos/pico-sdk/src/rp2_common/hardware_irq/irq.c.obj
                0x0000000010001dbc                irq_set_mask_enabled
 .text.irq_set_enabled
                0x0000000010001ddc        0xe CMakeFiles/sinsonte.dir/home/oportunidad/Desktop/repos/pico-sdk/src/rp2_common/hardware_irq/irq.c.obj
                0x0000000010001ddc                irq_set_enabled
 *fill*         0x0000000010001dea        0x2 
 .text.irq_get_vtable_handler
                0x0000000010001dec       0x10 CMakeFiles/sinsonte.dir/home/oportunidad/Desktop/repos/pico-sdk/src/rp2_common/hardware_irq/irq.c.obj
                0x0000000010001dec                irq_get_vtable_handler
 .text.irq_set_exclusive_handler
                0x0000000010001dfc       0x54 CMakeFiles/sinsonte.dir/home/oportunidad/Desktop/repos/pico-sdk/src/rp2_common/hardware_irq/irq.c.obj
                0x0000000010001dfc                irq_set_exclusive_handler
 .text.irq_remove_handler
                0x0000000010001e50      0x1b4 CMakeFiles/sinsonte.dir/home/oportunidad/Desktop/repos/pico-sdk/src/rp2_common/hardware_irq/irq.c.obj
                0x0000000010001e50                irq_remove_handler
 .text.irq_set_priority
                0x0000000010002004       0x28 CMakeFiles/sinsonte.dir/home/oportunidad/Desktop/repos/pico-sdk/src/rp2_common/hardware_irq/irq.c.obj
                0x0000000010002004                irq_set_priority
 .text.irq_add_tail_to_free_list
                0x000000001000202c       0xf8 CMakeFiles/sinsonte.dir/home/oportunidad/Desktop/repos/pico-sdk/src/rp2_common/hardware_irq/irq.c.obj
                0x000000001000202c                irq_add_tail_to_free_list
 .text.irq_init_priorities
                0x0000000010002124       0x16 CMakeFiles/sinsonte.dir/home/oportunidad/Desktop/repos/pico-sdk/src/rp2_common/hardware_irq/irq.c.obj
                0x0000000010002124                irq_init_priorities
 .text._out_null
                0x000000001000213a        0x2 CMakeFiles/sinsonte.dir/home/oportunidad/Desktop/repos/pico-sdk/src/rp2_common/pico_printf/printf.c.obj
 .text._out_fct
                0x000000001000213c        0xe CMakeFiles/sinsonte.dir/home/oportunidad/Desktop/repos/pico-sdk/src/rp2_common/pico_printf/printf.c.obj
 .text._atoi    0x000000001000214a       0x24 CMakeFiles/sinsonte.dir/home/oportunidad/Desktop/repos/pico-sdk/src/rp2_common/pico_printf/printf.c.obj
 .text._out_rev
                0x000000001000216e       0xae CMakeFiles/sinsonte.dir/home/oportunidad/Desktop/repos/pico-sdk/src/rp2_common/pico_printf/printf.c.obj
 .text._ntoa_format
                0x000000001000221c      0x110 CMakeFiles/sinsonte.dir/home/oportunidad/Desktop/repos/pico-sdk/src/rp2_common/pico_printf/printf.c.obj
 .text._ntoa_long
                0x000000001000232c       0xbc CMakeFiles/sinsonte.dir/home/oportunidad/Desktop/repos/pico-sdk/src/rp2_common/pico_printf/printf.c.obj
 .text._ntoa_long_long
                0x00000000100023e8       0xe2 CMakeFiles/sinsonte.dir/home/oportunidad/Desktop/repos/pico-sdk/src/rp2_common/pico_printf/printf.c.obj
 *fill*         0x00000000100024ca        0x2 
 .text._etoa    0x00000000100024cc      0x3f4 CMakeFiles/sinsonte.dir/home/oportunidad/Desktop/repos/pico-sdk/src/rp2_common/pico_printf/printf.c.obj
 .text._ftoa    0x00000000100028c0      0x354 CMakeFiles/sinsonte.dir/home/oportunidad/Desktop/repos/pico-sdk/src/rp2_common/pico_printf/printf.c.obj
 .text._vsnprintf
                0x0000000010002c14      0x628 CMakeFiles/sinsonte.dir/home/oportunidad/Desktop/repos/pico-sdk/src/rp2_common/pico_printf/printf.c.obj
 .text.vfctprintf
                0x000000001000323c       0x20 CMakeFiles/sinsonte.dir/home/oportunidad/Desktop/repos/pico-sdk/src/rp2_common/pico_printf/printf.c.obj
                0x000000001000323c                vfctprintf
 .text          0x000000001000325c       0x10 CMakeFiles/sinsonte.dir/home/oportunidad/Desktop/repos/pico-sdk/src/rp2_common/pico_bit_ops/bit_ops_aeabi.S.obj
 .text.rom_func_lookup
                0x000000001000326c       0x10 CMakeFiles/sinsonte.dir/home/oportunidad/Desktop/repos/pico-sdk/src/rp2_common/pico_bootrom/bootrom.c.obj
                0x000000001000326c                rom_func_lookup
 .text.rom_data_lookup
                0x000000001000327c       0x10 CMakeFiles/sinsonte.dir/home/oportunidad/Desktop/repos/pico-sdk/src/rp2_common/pico_bootrom/bootrom.c.obj
                0x000000001000327c                rom_data_lookup
 .text.rom_funcs_lookup
                0x000000001000328c       0x36 CMakeFiles/sinsonte.dir/home/oportunidad/Desktop/repos/pico-sdk/src/rp2_common/pico_bootrom/bootrom.c.obj
                0x000000001000328c                rom_funcs_lookup
 *fill*         0x00000000100032c2        0x2 
 .text.__wrap___aeabi_idiv
                0x00000000100032c4       0x58 CMakeFiles/sinsonte.dir/home/oportunidad/Desktop/repos/pico-sdk/src/rp2_common/pico_divider/divider.S.obj
                0x00000000100032c4                __wrap___aeabi_idivmod
                0x00000000100032c4                divmod_s32s32
                0x00000000100032c4                div_s32s32
                0x00000000100032c4                __wrap___aeabi_idiv
                0x00000000100032cc                divmod_s32s32_unsafe
                0x00000000100032f8                divmod_s32s32_savestate
 .text.__wrap___aeabi_uidiv
                0x000000001000331c       0x54 CMakeFiles/sinsonte.dir/home/oportunidad/Desktop/repos/pico-sdk/src/rp2_common/pico_divider/divider.S.obj
                0x000000001000331c                __wrap___aeabi_uidiv
                0x000000001000331c                __wrap___aeabi_uidivmod
                0x000000001000331c                div_u32u32
                0x000000001000331c                divmod_u32u32
                0x0000000010003324                divmod_u32u32_unsafe
                0x000000001000334c                divmod_u32u32_savestate
 .text.__wrap___aeabi_ldiv
                0x0000000010003370      0x430 CMakeFiles/sinsonte.dir/home/oportunidad/Desktop/repos/pico-sdk/src/rp2_common/pico_divider/divider.S.obj
                0x0000000010003370                div_s64s64
                0x0000000010003370                divmod_s64s64
                0x0000000010003370                __wrap___aeabi_ldivmod
                0x00000000100033a8                div_u64u64
                0x00000000100033a8                divmod_u64u64
                0x00000000100033a8                __wrap___aeabi_uldivmod
                0x00000000100033b8                divmod_u64u64_savestate
                0x00000000100033e0                divmod_s64s64_unsafe
                0x0000000010003468                divmod_u64u64_unsafe
 .text.__wrap___aeabi_darithmetic
                0x00000000100037a0       0x54 CMakeFiles/sinsonte.dir/home/oportunidad/Desktop/repos/pico-sdk/src/rp2_common/pico_double/double_aeabi.S.obj
                0x00000000100037a0                __wrap___aeabi_drsub
                0x00000000100037a6                __wrap___aeabi_dsub
                0x00000000100037b8                __wrap___aeabi_dadd
                0x00000000100037ca                __wrap___aeabi_ddiv
                0x00000000100037dc                __wrap___aeabi_dmul
 .text.__wrap___aeabi_cdcmple
                0x00000000100037f4       0x6c CMakeFiles/sinsonte.dir/home/oportunidad/Desktop/repos/pico-sdk/src/rp2_common/pico_double/double_aeabi.S.obj
                0x00000000100037f4                __wrap___aeabi_cdrcmple
                0x0000000010003804                __wrap___aeabi_cdcmple
                0x0000000010003804                __wrap___aeabi_cdcmpeq
 .text.__wrap___aeabi_dcmplt
                0x0000000010003860        0xc CMakeFiles/sinsonte.dir/home/oportunidad/Desktop/repos/pico-sdk/src/rp2_common/pico_double/double_aeabi.S.obj
                0x0000000010003860                __wrap___aeabi_dcmplt
 .text.__wrap___aeabi_dcmple
                0x000000001000386c       0x10 CMakeFiles/sinsonte.dir/home/oportunidad/Desktop/repos/pico-sdk/src/rp2_common/pico_double/double_aeabi.S.obj
                0x000000001000386c                __wrap___aeabi_dcmple
 .text.__wrap___aeabi_dcmpge
                0x000000001000387c       0x10 CMakeFiles/sinsonte.dir/home/oportunidad/Desktop/repos/pico-sdk/src/rp2_common/pico_double/double_aeabi.S.obj
                0x000000001000387c                __wrap___aeabi_dcmpge
 .text.__wrap___aeabi_dcmpgt
                0x000000001000388c        0xa CMakeFiles/sinsonte.dir/home/oportunidad/Desktop/repos/pico-sdk/src/rp2_common/pico_double/double_aeabi.S.obj
                0x000000001000388c                __wrap___aeabi_dcmpgt
 .text.__wrap___aeabi_dcmpun
                0x0000000010003896       0x1c CMakeFiles/sinsonte.dir/home/oportunidad/Desktop/repos/pico-sdk/src/rp2_common/pico_double/double_aeabi.S.obj
                0x0000000010003896                __wrap___aeabi_dcmpun
 *fill*         0x00000000100038b2        0x2 
 .text.__wrap___aeabi_i2d
                0x00000000100038b4       0x38 CMakeFiles/sinsonte.dir/home/oportunidad/Desktop/repos/pico-sdk/src/rp2_common/pico_double/double_aeabi.S.obj
                0x00000000100038b4                __wrap___aeabi_ui2d
                0x00000000100038bc                __wrap___aeabi_i2d
 .text.__wrap___aeabi_d2iz
                0x00000000100038ec       0x48 CMakeFiles/sinsonte.dir/home/oportunidad/Desktop/repos/pico-sdk/src/rp2_common/pico_double/double_aeabi.S.obj
                0x00000000100038ec                __wrap___aeabi_d2iz
                0x00000000100038ec                double2int_z
 .text.__wrap___aeabi_d2uiz
                0x0000000010003934       0x18 CMakeFiles/sinsonte.dir/home/oportunidad/Desktop/repos/pico-sdk/src/rp2_common/pico_double/double_aeabi.S.obj
                0x0000000010003934                double2uint
                0x0000000010003934                __wrap___aeabi_d2uiz
 .text.__aeabi_double_init
                0x000000001000394c       0xb4 CMakeFiles/sinsonte.dir/home/oportunidad/Desktop/repos/pico-sdk/src/rp2_common/pico_double/double_init_rom.c.obj
                0x000000001000394c                __aeabi_double_init
 .text.double_table_shim_on_use_helper
                0x0000000010003a00       0x34 CMakeFiles/sinsonte.dir/home/oportunidad/Desktop/repos/pico-sdk/src/rp2_common/pico_double/double_v1_rom_shim.S.obj
                0x0000000010003a00                double_table_shim_on_use_helper
 .text.__wrap___aeabi_dsub
                0x0000000010003a34       0x10 CMakeFiles/sinsonte.dir/home/oportunidad/Desktop/repos/pico-sdk/src/rp2_common/pico_double/double_v1_rom_shim.S.obj
                0x0000000010003a34                drsub_shim
                0x0000000010003a3a                dsub_shim
 .text.dadd_shim
                0x0000000010003a44      0x15c CMakeFiles/sinsonte.dir/home/oportunidad/Desktop/repos/pico-sdk/src/rp2_common/pico_double/double_v1_rom_shim.S.obj
                0x0000000010003a44                dadd_shim
 .text.dmul_shim
                0x0000000010003ba0      0x15c CMakeFiles/sinsonte.dir/home/oportunidad/Desktop/repos/pico-sdk/src/rp2_common/pico_double/double_v1_rom_shim.S.obj
                0x0000000010003ba0                dmul_shim
 .text.ddiv_shim
                0x0000000010003cfc      0x1b0 CMakeFiles/sinsonte.dir/home/oportunidad/Desktop/repos/pico-sdk/src/rp2_common/pico_double/double_v1_rom_shim.S.obj
                0x0000000010003cfc                ddiv_shim
 .text.dcordic_rot_step
                0x0000000010003eac       0x7c CMakeFiles/sinsonte.dir/home/oportunidad/Desktop/repos/pico-sdk/src/rp2_common/pico_double/double_v1_rom_shim.S.obj
                0x0000000010003eac                dcordic_rot_step
 .text.double2uint_shim
                0x0000000010003f28        0xe CMakeFiles/sinsonte.dir/home/oportunidad/Desktop/repos/pico-sdk/src/rp2_common/pico_double/double_v1_rom_shim.S.obj
                0x0000000010003f28                double2uint_shim
                0x0000000010003f2a                double2ufix_shim
 *fill*         0x0000000010003f36        0x2 
 .text.double2uint64_shim
                0x0000000010003f38       0x6c CMakeFiles/sinsonte.dir/home/oportunidad/Desktop/repos/pico-sdk/src/rp2_common/pico_double/double_v1_rom_shim.S.obj
                0x0000000010003f38                double2uint64_shim
                0x0000000010003f3a                double2ufix64_shim
                0x0000000010003f54                d2fix_a
 .text.dunpacks
                0x0000000010003fa4       0x3c CMakeFiles/sinsonte.dir/home/oportunidad/Desktop/repos/pico-sdk/src/rp2_common/pico_double/double_v1_rom_shim.S.obj
                0x0000000010003fa4                dunpacks
 .text.__aeabi_float_init
                0x0000000010003fe0       0xfc CMakeFiles/sinsonte.dir/home/oportunidad/Desktop/repos/pico-sdk/src/rp2_common/pico_float/float_init_rom.c.obj
                0x0000000010003fe0                __aeabi_float_init
 .text.float_table_shim_on_use_helper
                0x00000000100040dc       0x34 CMakeFiles/sinsonte.dir/home/oportunidad/Desktop/repos/pico-sdk/src/rp2_common/pico_float/float_v1_rom_shim.S.obj
                0x00000000100040dc                float_table_shim_on_use_helper
 .text.__wrap_malloc
                0x0000000010004110        0x8 CMakeFiles/sinsonte.dir/home/oportunidad/Desktop/repos/pico-sdk/src/rp2_common/pico_malloc/pico_malloc.c.obj
                0x0000000010004110                __wrap_malloc
 .text.__wrap_calloc
                0x0000000010004118        0x8 CMakeFiles/sinsonte.dir/home/oportunidad/Desktop/repos/pico-sdk/src/rp2_common/pico_malloc/pico_malloc.c.obj
                0x0000000010004118                __wrap_calloc
 .text          0x0000000010004120       0x10 CMakeFiles/sinsonte.dir/home/oportunidad/Desktop/repos/pico-sdk/src/rp2_common/pico_mem_ops/mem_ops_aeabi.S.obj
                0x0000000010004120                __aeabi_mem_init
 .text.memset   0x0000000010004130        0xc CMakeFiles/sinsonte.dir/home/oportunidad/Desktop/repos/pico-sdk/src/rp2_common/pico_mem_ops/mem_ops_aeabi.S.obj
                0x0000000010004130                __wrap_memset
 .text.memcpy   0x000000001000413c        0xc CMakeFiles/sinsonte.dir/home/oportunidad/Desktop/repos/pico-sdk/src/rp2_common/pico_mem_ops/mem_ops_aeabi.S.obj
                0x000000001000413c                __wrap___aeabi_memcpy
                0x000000001000413c                __wrap_memcpy
 .text.stdio_out_chars_crlf
                0x0000000010004148       0x80 CMakeFiles/sinsonte.dir/home/oportunidad/Desktop/repos/pico-sdk/src/rp2_common/pico_stdio/stdio.c.obj
 .text.stdio_stack_buffer_flush
                0x00000000100041c8       0x44 CMakeFiles/sinsonte.dir/home/oportunidad/Desktop/repos/pico-sdk/src/rp2_common/pico_stdio/stdio.c.obj
 .text.stdio_buffered_printer
                0x000000001000420c       0x20 CMakeFiles/sinsonte.dir/home/oportunidad/Desktop/repos/pico-sdk/src/rp2_common/pico_stdio/stdio.c.obj
 .text.stdout_serialize_begin
                0x000000001000422c       0x2c CMakeFiles/sinsonte.dir/home/oportunidad/Desktop/repos/pico-sdk/src/rp2_common/pico_stdio/stdio.c.obj
                0x000000001000422c                stdout_serialize_begin
 .text.stdout_serialize_end
                0x0000000010004258       0x10 CMakeFiles/sinsonte.dir/home/oportunidad/Desktop/repos/pico-sdk/src/rp2_common/pico_stdio/stdio.c.obj
                0x0000000010004258                stdout_serialize_end
 .text.stdio_put_string
                0x0000000010004268       0x84 CMakeFiles/sinsonte.dir/home/oportunidad/Desktop/repos/pico-sdk/src/rp2_common/pico_stdio/stdio.c.obj
 .text.stdio_set_driver_enabled
                0x00000000100042ec       0x38 CMakeFiles/sinsonte.dir/home/oportunidad/Desktop/repos/pico-sdk/src/rp2_common/pico_stdio/stdio.c.obj
                0x00000000100042ec                stdio_set_driver_enabled
 .text.stdio_flush
                0x0000000010004324       0x20 CMakeFiles/sinsonte.dir/home/oportunidad/Desktop/repos/pico-sdk/src/rp2_common/pico_stdio/stdio.c.obj
                0x0000000010004324                stdio_flush
 .text.__wrap_puts
                0x0000000010004344       0x1c CMakeFiles/sinsonte.dir/home/oportunidad/Desktop/repos/pico-sdk/src/rp2_common/pico_stdio/stdio.c.obj
                0x0000000010004344                __wrap_puts
 .text.__wrap_vprintf
                0x0000000010004360       0x44 CMakeFiles/sinsonte.dir/home/oportunidad/Desktop/repos/pico-sdk/src/rp2_common/pico_stdio/stdio.c.obj
                0x0000000010004360                __wrap_vprintf
 .text.__wrap_printf
                0x00000000100043a4       0x18 CMakeFiles/sinsonte.dir/home/oportunidad/Desktop/repos/pico-sdk/src/rp2_common/pico_stdio/stdio.c.obj
                0x00000000100043a4                __wrap_printf
 .text.stdio_init_all
                0x00000000100043bc        0x8 CMakeFiles/sinsonte.dir/home/oportunidad/Desktop/repos/pico-sdk/src/rp2_common/pico_stdio/stdio.c.obj
                0x00000000100043bc                stdio_init_all
 .text.stdio_uart_out_chars
                0x00000000100043c4       0x6c CMakeFiles/sinsonte.dir/home/oportunidad/Desktop/repos/pico-sdk/src/rp2_common/pico_stdio_uart/stdio_uart.c.obj
 .text.stdio_uart_in_chars
                0x0000000010004430       0x58 CMakeFiles/sinsonte.dir/home/oportunidad/Desktop/repos/pico-sdk/src/rp2_common/pico_stdio_uart/stdio_uart.c.obj
                0x0000000010004430                stdio_uart_in_chars
 .text.stdio_uart_init_full
                0x0000000010004488       0x34 CMakeFiles/sinsonte.dir/home/oportunidad/Desktop/repos/pico-sdk/src/rp2_common/pico_stdio_uart/stdio_uart.c.obj
                0x0000000010004488                stdio_uart_init_full
 .text.stdio_uart_init
                0x00000000100044bc       0x28 CMakeFiles/sinsonte.dir/home/oportunidad/Desktop/repos/pico-sdk/src/rp2_common/pico_stdio_uart/stdio_uart.c.obj
                0x00000000100044bc                stdio_uart_init
 .text          0x00000000100044e4       0x18 /usr/lib/gcc/arm-none-eabi/9.2.1/../../../arm-none-eabi/lib/thumb/v6-m/nofp/libg.a(lib_a-calloc.o)
                0x00000000100044e4                calloc
 .text          0x00000000100044fc       0x5c /usr/lib/gcc/arm-none-eabi/9.2.1/../../../arm-none-eabi/lib/thumb/v6-m/nofp/libg.a(lib_a-callocr.o)
                0x00000000100044fc                _calloc_r
 .text          0x0000000010004558       0x28 /usr/lib/gcc/arm-none-eabi/9.2.1/../../../arm-none-eabi/lib/thumb/v6-m/nofp/libg.a(lib_a-malloc.o)
                0x0000000010004558                malloc
                0x000000001000456c                free
 .text          0x0000000010004580      0x58c /usr/lib/gcc/arm-none-eabi/9.2.1/../../../arm-none-eabi/lib/thumb/v6-m/nofp/libg.a(lib_a-mallocr.o)
                0x0000000010004580                _malloc_r
 .text          0x0000000010004b0c        0x8 /usr/lib/gcc/arm-none-eabi/9.2.1/../../../arm-none-eabi/lib/thumb/v6-m/nofp/libg.a(lib_a-mlock.o)
                0x0000000010004b0c                __malloc_lock
                0x0000000010004b10                __malloc_unlock
 .text          0x0000000010004b14       0x24 /usr/lib/gcc/arm-none-eabi/9.2.1/../../../arm-none-eabi/lib/thumb/v6-m/nofp/libg.a(lib_a-sbrkr.o)
                0x0000000010004b14                _sbrk_r
 .text          0x0000000010004b38       0x68 /usr/lib/gcc/arm-none-eabi/9.2.1/../../../arm-none-eabi/lib/thumb/v6-m/nofp/libg.a(lib_a-strlen-stub.o)
                0x0000000010004b38                strlen
 .text          0x0000000010004ba0      0x27c /usr/lib/gcc/arm-none-eabi/9.2.1/../../../arm-none-eabi/lib/thumb/v6-m/nofp/libg.a(lib_a-freer.o)
                0x0000000010004ba0                _malloc_trim_r
                0x0000000010004c40                _free_r
 *(.fini)
 .fini          0x0000000010004e1c        0x4 /usr/lib/gcc/arm-none-eabi/9.2.1/thumb/v6-m/nofp/crti.o
                0x0000000010004e1c                _fini
 .fini.__stub   0x0000000010004e20       0x70 linker stubs
 *crtbegin.o(.ctors)
 *crtbegin?.o(.ctors)
 *(EXCLUDE_FILE(*crtend.o *crtend?.o) .ctors)
 *(SORT_BY_NAME(.ctors.*))
 *(.ctors)
 *crtbegin.o(.dtors)
 *crtbegin?.o(.dtors)
 *(EXCLUDE_FILE(*crtend.o *crtend?.o) .dtors)
 *(SORT_BY_NAME(.dtors.*))
 *(.dtors)
 *(.eh_frame*)
 .eh_frame      0x0000000010004e90        0x0 /usr/lib/gcc/arm-none-eabi/9.2.1/thumb/v6-m/nofp/crtbegin.o
                0x0000000010004e90                . = ALIGN (0x4)

.glue_7         0x0000000010004e90        0x0
 .glue_7        0x0000000010004e90        0x0 linker stubs

.glue_7t        0x0000000010004e90        0x0
 .glue_7t       0x0000000010004e90        0x0 linker stubs

.vfp11_veneer   0x0000000010004e90        0x0
 .vfp11_veneer  0x0000000010004e90        0x0 linker stubs

.v4_bx          0x0000000010004e90        0x0
 .v4_bx         0x0000000010004e90        0x0 linker stubs

.iplt           0x0000000010004e90        0x0
 .iplt          0x0000000010004e90        0x0 /usr/lib/gcc/arm-none-eabi/9.2.1/thumb/v6-m/nofp/crtbegin.o

.rodata         0x0000000010004e90    0x7b064
 *(EXCLUDE_FILE(*libm.a: *libc.a:*lib_a-mem*.o *libgcc.a:) .rodata*)
 .rodata.main.str1.4
                0x0000000010004e90       0x32 CMakeFiles/sinsonte.dir/sinsonte.c.obj
 *fill*         0x0000000010004ec2        0x2 
 .rodata.WAV_DATA_1
                0x0000000010004ec4    0x18143 CMakeFiles/sinsonte.dir/sinsonte.c.obj
                0x0000000010004ec4                WAV_DATA_1
 *fill*         0x000000001001d007        0x1 
 .rodata.WAV_DATA_12
                0x000000001001d008     0xacc0 CMakeFiles/sinsonte.dir/sinsonte.c.obj
                0x000000001001d008                WAV_DATA_12
 .rodata.WAV_DATA_2
                0x0000000010027cc8    0x1b424 CMakeFiles/sinsonte.dir/sinsonte.c.obj
                0x0000000010027cc8                WAV_DATA_2
 .rodata.WAV_DATA_3
                0x00000000100430ec    0x14697 CMakeFiles/sinsonte.dir/sinsonte.c.obj
                0x00000000100430ec                WAV_DATA_3
 *fill*         0x0000000010057783        0x1 
 .rodata.WAV_DATA_4
                0x0000000010057784    0x13e1b CMakeFiles/sinsonte.dir/sinsonte.c.obj
                0x0000000010057784                WAV_DATA_4
 *fill*         0x000000001006b59f        0x1 
 .rodata.WAV_DATA_5
                0x000000001006b5a0    0x13a13 CMakeFiles/sinsonte.dir/sinsonte.c.obj
                0x000000001006b5a0                WAV_DATA_5
 *fill*         0x000000001007efb3        0x1 
 .rodata.alarm_pool_dump_key.str1.4
                0x000000001007efb4       0x7b CMakeFiles/sinsonte.dir/home/oportunidad/Desktop/repos/pico-sdk/src/common/pico_time/time.c.obj
 *fill*         0x000000001007f02f        0x1 
 .rodata.ph_add_child_node.str1.4
                0x000000001007f030       0xa2 CMakeFiles/sinsonte.dir/home/oportunidad/Desktop/repos/pico-sdk/src/common/pico_time/time.c.obj
 *fill*         0x000000001007f0d2        0x2 
 .rodata.add_alarm_under_lock.str1.4
                0x000000001007f0d4       0x27 CMakeFiles/sinsonte.dir/home/oportunidad/Desktop/repos/pico-sdk/src/common/pico_time/time.c.obj
 *fill*         0x000000001007f0fb        0x1 
 .rodata.alarm_pool_alarm_callback.str1.4
                0x000000001007f0fc       0x7d CMakeFiles/sinsonte.dir/home/oportunidad/Desktop/repos/pico-sdk/src/common/pico_time/time.c.obj
 *fill*         0x000000001007f179        0x3 
 .rodata.alarm_pool_get_default.str1.4
                0x000000001007f17c       0x13 CMakeFiles/sinsonte.dir/home/oportunidad/Desktop/repos/pico-sdk/src/common/pico_time/time.c.obj
 *fill*         0x000000001007f18f        0x1 
 .rodata.__func__.5915
                0x000000001007f190        0xc CMakeFiles/sinsonte.dir/home/oportunidad/Desktop/repos/pico-sdk/src/common/pico_time/time.c.obj
 .rodata.__func__.5922
                0x000000001007f19c       0x12 CMakeFiles/sinsonte.dir/home/oportunidad/Desktop/repos/pico-sdk/src/common/pico_time/time.c.obj
 *fill*         0x000000001007f1ae        0x2 
 .rodata.__func__.5937
                0x000000001007f1b0        0xa CMakeFiles/sinsonte.dir/home/oportunidad/Desktop/repos/pico-sdk/src/common/pico_time/time.c.obj
 *fill*         0x000000001007f1ba        0x2 
 .rodata.__func__.5959
                0x000000001007f1bc       0x14 CMakeFiles/sinsonte.dir/home/oportunidad/Desktop/repos/pico-sdk/src/common/pico_time/time.c.obj
 .rodata.__func__.6229
                0x000000001007f1d0       0x17 CMakeFiles/sinsonte.dir/home/oportunidad/Desktop/repos/pico-sdk/src/common/pico_time/time.c.obj
 *fill*         0x000000001007f1e7        0x1 
 .rodata.__func__.6234
                0x000000001007f1e8        0xa CMakeFiles/sinsonte.dir/home/oportunidad/Desktop/repos/pico-sdk/src/common/pico_time/time.c.obj
 *fill*         0x000000001007f1f2        0x2 
 .rodata.__func__.6239
                0x000000001007f1f4       0x12 CMakeFiles/sinsonte.dir/home/oportunidad/Desktop/repos/pico-sdk/src/common/pico_time/time.c.obj
 *fill*         0x000000001007f206        0x2 
 .rodata.__func__.6260
                0x000000001007f208       0x15 CMakeFiles/sinsonte.dir/home/oportunidad/Desktop/repos/pico-sdk/src/common/pico_time/time.c.obj
 *fill*         0x000000001007f21d        0x3 
 .rodata.__func__.6277
                0x000000001007f220       0x1a CMakeFiles/sinsonte.dir/home/oportunidad/Desktop/repos/pico-sdk/src/common/pico_time/time.c.obj
 *fill*         0x000000001007f23a        0x2 
 .rodata.hardware_alarm_claim.str1.4
                0x000000001007f23c       0x22 CMakeFiles/sinsonte.dir/home/oportunidad/Desktop/repos/pico-sdk/src/rp2_common/hardware_timer/timer.c.obj
 *fill*         0x000000001007f25e        0x2 
 .rodata.hardware_alarm_set_target.str1.4
                0x000000001007f260       0x73 CMakeFiles/sinsonte.dir/home/oportunidad/Desktop/repos/pico-sdk/src/rp2_common/hardware_timer/timer.c.obj
 *fill*         0x000000001007f2d3        0x1 
 .rodata.__func__.4502
                0x000000001007f2d4       0x1a CMakeFiles/sinsonte.dir/home/oportunidad/Desktop/repos/pico-sdk/src/rp2_common/hardware_timer/timer.c.obj
 *fill*         0x000000001007f2ee        0x2 
 .rodata.lock_init.str1.4
                0x000000001007f2f0       0x76 CMakeFiles/sinsonte.dir/home/oportunidad/Desktop/repos/pico-sdk/src/common/pico_sync/lock_core.c.obj
 *fill*         0x000000001007f366        0x2 
 .rodata.__func__.4344
                0x000000001007f368        0xa CMakeFiles/sinsonte.dir/home/oportunidad/Desktop/repos/pico-sdk/src/common/pico_sync/lock_core.c.obj
 *fill*         0x000000001007f372        0x2 
 .rodata.str1.4
                0x000000001007f374       0x6c CMakeFiles/sinsonte.dir/home/oportunidad/Desktop/repos/pico-sdk/src/common/pico_sync/mutex.c.obj
 .rodata.__func__.4559
                0x000000001007f3e0       0x15 CMakeFiles/sinsonte.dir/home/oportunidad/Desktop/repos/pico-sdk/src/common/pico_sync/mutex.c.obj
 *fill*         0x000000001007f3f5        0x3 
 .rodata.__func__.4587
                0x000000001007f3f8        0xb CMakeFiles/sinsonte.dir/home/oportunidad/Desktop/repos/pico-sdk/src/common/pico_sync/mutex.c.obj
 .rodata.ph_add_child_node.str1.4
                0x000000001007f403       0xa2 CMakeFiles/sinsonte.dir/home/oportunidad/Desktop/repos/pico-sdk/src/common/pico_util/pheap.c.obj
 *fill*         0x000000001007f403        0x1 
 .rodata.ph_remove_any_head.str1.4
                0x000000001007f404       0x9c CMakeFiles/sinsonte.dir/home/oportunidad/Desktop/repos/pico-sdk/src/common/pico_util/pheap.c.obj
 .rodata.ph_delete.str1.4
                0x000000001007f4a0       0x26 CMakeFiles/sinsonte.dir/home/oportunidad/Desktop/repos/pico-sdk/src/common/pico_util/pheap.c.obj
 *fill*         0x000000001007f4c6        0x2 
 .rodata.__func__.5696
                0x000000001007f4c8        0xc CMakeFiles/sinsonte.dir/home/oportunidad/Desktop/repos/pico-sdk/src/common/pico_util/pheap.c.obj
 .rodata.__func__.5703
                0x000000001007f4d4       0x12 CMakeFiles/sinsonte.dir/home/oportunidad/Desktop/repos/pico-sdk/src/common/pico_util/pheap.c.obj
 *fill*         0x000000001007f4e6        0x2 
 .rodata.__func__.5776
                0x000000001007f4e8       0x13 CMakeFiles/sinsonte.dir/home/oportunidad/Desktop/repos/pico-sdk/src/common/pico_util/pheap.c.obj
 *fill*         0x000000001007f4fb        0x1 
 .rodata.__func__.5794
                0x000000001007f4fc        0xa CMakeFiles/sinsonte.dir/home/oportunidad/Desktop/repos/pico-sdk/src/common/pico_util/pheap.c.obj
 *fill*         0x000000001007f506        0x2 
 .rodata.__assert_func.str1.4
                0x000000001007f508       0x3f CMakeFiles/sinsonte.dir/home/oportunidad/Desktop/repos/pico-sdk/src/rp2_common/pico_runtime/runtime.c.obj
                                         0x43 (size before relaxing)
 *fill*         0x000000001007f547        0x1 
 .rodata.panic.str1.4
                0x000000001007f548       0x12 CMakeFiles/sinsonte.dir/home/oportunidad/Desktop/repos/pico-sdk/src/rp2_common/pico_runtime/runtime.c.obj
 *fill*         0x000000001007f55a        0x2 
 .rodata.clock_configure.str1.4
                0x000000001007f55c       0x65 CMakeFiles/sinsonte.dir/home/oportunidad/Desktop/repos/pico-sdk/src/rp2_common/hardware_clocks/clocks.c.obj
 *fill*         0x000000001007f5c1        0x3 
 .rodata.__func__.4638
                0x000000001007f5c4       0x10 CMakeFiles/sinsonte.dir/home/oportunidad/Desktop/repos/pico-sdk/src/rp2_common/hardware_clocks/clocks.c.obj
 .rodata.pll_init.str1.4
                0x000000001007f5d4       0xe7 CMakeFiles/sinsonte.dir/home/oportunidad/Desktop/repos/pico-sdk/src/rp2_common/hardware_pll/pll.c.obj
 *fill*         0x000000001007f6bb        0x1 
 .rodata.__func__.4372
                0x000000001007f6bc        0x9 CMakeFiles/sinsonte.dir/home/oportunidad/Desktop/repos/pico-sdk/src/rp2_common/hardware_pll/pll.c.obj
 *fill*         0x000000001007f6c5        0x3 
 .rodata.make_branch.str1.4
                0x000000001007f6c8       0x5b CMakeFiles/sinsonte.dir/home/oportunidad/Desktop/repos/pico-sdk/src/rp2_common/hardware_irq/irq.c.obj
 *fill*         0x000000001007f723        0x1 
 .rodata.irq_set_exclusive_handler.str1.4
                0x000000001007f724       0x36 CMakeFiles/sinsonte.dir/home/oportunidad/Desktop/repos/pico-sdk/src/rp2_common/hardware_irq/irq.c.obj
 *fill*         0x000000001007f75a        0x2 
 .rodata.irq_add_shared_handler.str1.4
                0x000000001007f75c       0xd9 CMakeFiles/sinsonte.dir/home/oportunidad/Desktop/repos/pico-sdk/src/rp2_common/hardware_irq/irq.c.obj
 *fill*         0x000000001007f835        0x3 
 .rodata.irq_remove_handler.str1.4
                0x000000001007f838       0x2a CMakeFiles/sinsonte.dir/home/oportunidad/Desktop/repos/pico-sdk/src/rp2_common/hardware_irq/irq.c.obj
 *fill*         0x000000001007f862        0x2 
 .rodata.irq_add_tail_to_free_list.str1.4
                0x000000001007f864       0x32 CMakeFiles/sinsonte.dir/home/oportunidad/Desktop/repos/pico-sdk/src/rp2_common/hardware_irq/irq.c.obj
                                         0x3a (size before relaxing)
 *fill*         0x000000001007f896        0x2 
 .rodata.__func__.4463
                0x000000001007f898       0x1a CMakeFiles/sinsonte.dir/home/oportunidad/Desktop/repos/pico-sdk/src/rp2_common/hardware_irq/irq.c.obj
 *fill*         0x000000001007f8b2        0x2 
 .rodata.__func__.4477
                0x000000001007f8b4        0xc CMakeFiles/sinsonte.dir/home/oportunidad/Desktop/repos/pico-sdk/src/rp2_common/hardware_irq/irq.c.obj
 .rodata.__func__.4485
                0x000000001007f8c0       0x17 CMakeFiles/sinsonte.dir/home/oportunidad/Desktop/repos/pico-sdk/src/rp2_common/hardware_irq/irq.c.obj
 *fill*         0x000000001007f8d7        0x1 
 .rodata.__func__.4489
                0x000000001007f8d8        0xf CMakeFiles/sinsonte.dir/home/oportunidad/Desktop/repos/pico-sdk/src/rp2_common/hardware_irq/irq.c.obj
 *fill*         0x000000001007f8e7        0x1 
 .rodata.__func__.4525
                0x000000001007f8e8       0x13 CMakeFiles/sinsonte.dir/home/oportunidad/Desktop/repos/pico-sdk/src/rp2_common/hardware_irq/irq.c.obj
 *fill*         0x000000001007f8fb        0x1 
 .rodata.__func__.4544
                0x000000001007f8fc       0x1a CMakeFiles/sinsonte.dir/home/oportunidad/Desktop/repos/pico-sdk/src/rp2_common/hardware_irq/irq.c.obj
 *fill*         0x000000001007f916        0x2 
 .rodata._ftoa.str1.4
                0x000000001007f918       0x15 CMakeFiles/sinsonte.dir/home/oportunidad/Desktop/repos/pico-sdk/src/rp2_common/pico_printf/printf.c.obj
 *fill*         0x000000001007f92d        0x3 
 .rodata._vsnprintf
                0x000000001007f930      0x1e0 CMakeFiles/sinsonte.dir/home/oportunidad/Desktop/repos/pico-sdk/src/rp2_common/pico_printf/printf.c.obj
 .rodata.pow10.5410
                0x000000001007fb10       0x50 CMakeFiles/sinsonte.dir/home/oportunidad/Desktop/repos/pico-sdk/src/rp2_common/pico_printf/printf.c.obj
 .rodata.__aeabi_double_init.str1.4
                0x000000001007fb60       0xb6 CMakeFiles/sinsonte.dir/home/oportunidad/Desktop/repos/pico-sdk/src/rp2_common/pico_double/double_init_rom.c.obj
 *fill*         0x000000001007fc16        0x2 
 .rodata.__func__.4654
                0x000000001007fc18       0x14 CMakeFiles/sinsonte.dir/home/oportunidad/Desktop/repos/pico-sdk/src/rp2_common/pico_double/double_init_rom.c.obj
 .rodata.__aeabi_float_init.str1.4
                0x000000001007fc2c       0x88 CMakeFiles/sinsonte.dir/home/oportunidad/Desktop/repos/pico-sdk/src/rp2_common/pico_float/float_init_rom.c.obj
                                         0x8c (size before relaxing)
 .rodata.__func__.4656
                0x000000001007fcb4       0x13 CMakeFiles/sinsonte.dir/home/oportunidad/Desktop/repos/pico-sdk/src/rp2_common/pico_float/float_init_rom.c.obj
 *fill*         0x000000001007fcc7        0x1 
 .rodata.str1.4
                0x000000001007fcc8       0x34 CMakeFiles/sinsonte.dir/home/oportunidad/Desktop/repos/pico-sdk/src/rp2_common/pico_standard_link/binary_info.c.obj
 .rodata.__bi_40
                0x000000001007fcfc        0xc CMakeFiles/sinsonte.dir/home/oportunidad/Desktop/repos/pico-sdk/src/rp2_common/pico_standard_link/binary_info.c.obj
 .rodata.__bi_52
                0x000000001007fd08        0xc CMakeFiles/sinsonte.dir/home/oportunidad/Desktop/repos/pico-sdk/src/rp2_common/pico_standard_link/binary_info.c.obj
 .rodata.__bi_71
                0x000000001007fd14        0xc CMakeFiles/sinsonte.dir/home/oportunidad/Desktop/repos/pico-sdk/src/rp2_common/pico_standard_link/binary_info.c.obj
 .rodata.crlf_str.5953
                0x000000001007fd20        0x2 CMakeFiles/sinsonte.dir/home/oportunidad/Desktop/repos/pico-sdk/src/rp2_common/pico_stdio/stdio.c.obj
 *fill*         0x000000001007fd22        0x2 
 .rodata.str1.4
                0x000000001007fd24       0x2c CMakeFiles/sinsonte.dir/home/oportunidad/Desktop/repos/pico-sdk/src/rp2_common/pico_stdio_uart/stdio_uart.c.obj
 .rodata.__bi_27.4685
                0x000000001007fd50        0xc CMakeFiles/sinsonte.dir/home/oportunidad/Desktop/repos/pico-sdk/src/rp2_common/pico_stdio_uart/stdio_uart.c.obj
 .rodata.__bi_28.4689
                0x000000001007fd5c        0x8 CMakeFiles/sinsonte.dir/home/oportunidad/Desktop/repos/pico-sdk/src/rp2_common/pico_stdio_uart/stdio_uart.c.obj
 .rodata.str1.4
                0x000000001007fd64      0x165 CMakeFiles/sinsonte.dir/home/oportunidad/Desktop/repos/pico-sdk/src/rp2_common/hardware_flash/flash.c.obj
 *fill*         0x000000001007fec9        0x3 
 .rodata.__func__.4351
                0x000000001007fecc       0x12 CMakeFiles/sinsonte.dir/home/oportunidad/Desktop/repos/pico-sdk/src/rp2_common/hardware_flash/flash.c.obj
 *fill*         0x000000001007fede        0x2 
 .rodata.__func__.4375
                0x000000001007fee0       0x14 CMakeFiles/sinsonte.dir/home/oportunidad/Desktop/repos/pico-sdk/src/rp2_common/hardware_flash/flash.c.obj
                0x000000001007fef4                . = ALIGN (0x4)
 *(SORT_BY_ALIGNMENT(SORT_BY_NAME(.flashdata*)))
                0x000000001007fef4                . = ALIGN (0x4)

.rel.dyn        0x000000001007fef4        0x0
 .rel.iplt      0x000000001007fef4        0x0 /usr/lib/gcc/arm-none-eabi/9.2.1/thumb/v6-m/nofp/crtbegin.o

.ARM.extab
 *(.ARM.extab* .gnu.linkonce.armextab.*)
                0x000000001007fef4                __exidx_start = .

.ARM.exidx
 *(.ARM.exidx* .gnu.linkonce.armexidx.*)
                0x000000001007fef4                __exidx_end = .
                0x000000001007fef4                . = ALIGN (0x4)
                0x000000001007fef4                __binary_info_start = .

.binary_info    0x000000001007fef4       0x24
 *(.binary_info.keep.*)
 .binary_info.keep.__bi_ptr18
                0x000000001007fef4        0x4 CMakeFiles/sinsonte.dir/home/oportunidad/Desktop/repos/pico-sdk/src/rp2_common/pico_standard_link/binary_info.c.obj
 .binary_info.keep.__bi_ptr26
                0x000000001007fef8        0x4 CMakeFiles/sinsonte.dir/home/oportunidad/Desktop/repos/pico-sdk/src/rp2_common/pico_standard_link/binary_info.c.obj
 .binary_info.keep.__bi_ptr34
                0x000000001007fefc        0x4 CMakeFiles/sinsonte.dir/home/oportunidad/Desktop/repos/pico-sdk/src/rp2_common/pico_standard_link/binary_info.c.obj
 .binary_info.keep.__bi_ptr40
                0x000000001007ff00        0x4 CMakeFiles/sinsonte.dir/home/oportunidad/Desktop/repos/pico-sdk/src/rp2_common/pico_standard_link/binary_info.c.obj
 .binary_info.keep.__bi_ptr46
                0x000000001007ff04        0x4 CMakeFiles/sinsonte.dir/home/oportunidad/Desktop/repos/pico-sdk/src/rp2_common/pico_standard_link/binary_info.c.obj
 .binary_info.keep.__bi_ptr52
                0x000000001007ff08        0x4 CMakeFiles/sinsonte.dir/home/oportunidad/Desktop/repos/pico-sdk/src/rp2_common/pico_standard_link/binary_info.c.obj
 .binary_info.keep.__bi_ptr71
                0x000000001007ff0c        0x4 CMakeFiles/sinsonte.dir/home/oportunidad/Desktop/repos/pico-sdk/src/rp2_common/pico_standard_link/binary_info.c.obj
 *(.binary_info.*)
 .binary_info.__bi_ptr27
                0x000000001007ff10        0x4 CMakeFiles/sinsonte.dir/home/oportunidad/Desktop/repos/pico-sdk/src/rp2_common/pico_stdio_uart/stdio_uart.c.obj
 .binary_info.__bi_ptr28
                0x000000001007ff14        0x4 CMakeFiles/sinsonte.dir/home/oportunidad/Desktop/repos/pico-sdk/src/rp2_common/pico_stdio_uart/stdio_uart.c.obj
                0x000000001007ff18                __binary_info_end = .
                0x000000001007ff18                . = ALIGN (0x4)
                0x000000001007ff18                __etext = .

.ram_vector_table
                0x0000000020000000       0xc0
 *(.ram_vector_table)
 .ram_vector_table
                0x0000000020000000       0xc0 CMakeFiles/sinsonte.dir/home/oportunidad/Desktop/repos/pico-sdk/src/rp2_common/pico_runtime/runtime.c.obj
                0x0000000020000000                ram_vector_table

.data           0x00000000200000c0      0xb94 load address 0x000000001007ff18
                0x00000000200000c0                __data_start__ = .
 *(vtable)
 *(.time_critical*)
 .time_critical.mutex_enter_blocking
                0x00000000200000c0       0x64 CMakeFiles/sinsonte.dir/home/oportunidad/Desktop/repos/pico-sdk/src/common/pico_sync/mutex.c.obj
                0x00000000200000c0                mutex_enter_blocking
 .time_critical.mutex_try_enter
                0x0000000020000124       0x46 CMakeFiles/sinsonte.dir/home/oportunidad/Desktop/repos/pico-sdk/src/common/pico_sync/mutex.c.obj
                0x0000000020000124                mutex_try_enter
 *fill*         0x000000002000016a        0x2 
 .time_critical.mutex_exit
                0x000000002000016c       0x4c CMakeFiles/sinsonte.dir/home/oportunidad/Desktop/repos/pico-sdk/src/common/pico_sync/mutex.c.obj
                0x000000002000016c                mutex_exit
 .time_critical.flash_init_boot2_copyout
                0x00000000200001b8       0x30 CMakeFiles/sinsonte.dir/home/oportunidad/Desktop/repos/pico-sdk/src/rp2_common/hardware_flash/flash.c.obj
 .time_critical.flash_enable_xip_via_boot2
                0x00000000200001e8       0x10 CMakeFiles/sinsonte.dir/home/oportunidad/Desktop/repos/pico-sdk/src/rp2_common/hardware_flash/flash.c.obj
 .time_critical.flash_range_erase
                0x00000000200001f8       0xa4 CMakeFiles/sinsonte.dir/home/oportunidad/Desktop/repos/pico-sdk/src/rp2_common/hardware_flash/flash.c.obj
                0x00000000200001f8                flash_range_erase
 .time_critical.flash_range_program
                0x000000002000029c       0xa4 CMakeFiles/sinsonte.dir/home/oportunidad/Desktop/repos/pico-sdk/src/rp2_common/hardware_flash/flash.c.obj
                0x000000002000029c                flash_range_program
 *(.text*)
 .text          0x0000000020000340        0x4 /usr/lib/gcc/arm-none-eabi/9.2.1/thumb/v6-m/nofp/libgcc.a(_dvmd_tls.o)
                0x0000000020000340                __aeabi_ldiv0
                0x0000000020000340                __aeabi_idiv0
 *fill*         0x0000000020000344        0x4 
 .text.__stub   0x0000000020000348       0x20 linker stubs
                0x0000000020000368                . = ALIGN (0x4)
 *(.rodata*)
                0x0000000020000368                . = ALIGN (0x4)
 *(.data*)
 .data.flash_storage_r
                0x0000000020000368        0x4 CMakeFiles/sinsonte.dir/sinsonte.c.obj
                0x0000000020000368                flash_storage_r
 .data.flash_storage_w
                0x000000002000036c        0x4 CMakeFiles/sinsonte.dir/sinsonte.c.obj
                0x000000002000036c                flash_storage_w
 .data.striped_spin_lock_num
                0x0000000020000370        0x1 CMakeFiles/sinsonte.dir/home/oportunidad/Desktop/repos/pico-sdk/src/rp2_common/hardware_sync/sync.c.obj
 *fill*         0x0000000020000371        0x3 
 .data          0x0000000020000374       0x48 CMakeFiles/sinsonte.dir/home/oportunidad/Desktop/repos/pico-sdk/src/rp2_common/hardware_irq/irq_handler_chain.S.obj
                0x0000000020000374                irq_handler_chain_slots
                0x00000000200003a4                irq_handler_chain_first_slot
                0x00000000200003ae                irq_handler_chain_remove_tail
 *fill*         0x00000000200003bc        0x4 
 .data.aeabi_bits_funcs
                0x00000000200003c0       0x10 CMakeFiles/sinsonte.dir/home/oportunidad/Desktop/repos/pico-sdk/src/rp2_common/pico_bit_ops/bit_ops_aeabi.S.obj
                0x00000000200003c0                aeabi_bits_funcs
                0x00000000200003d0                aeabi_bits_funcs_end
 .data.aeabi_mem_funcs
                0x00000000200003d0       0x10 CMakeFiles/sinsonte.dir/home/oportunidad/Desktop/repos/pico-sdk/src/rp2_common/pico_mem_ops/mem_ops_aeabi.S.obj
                0x00000000200003d0                aeabi_mem_funcs
                0x00000000200003e0                aeabi_mem_funcs_end
 .data.stdio_uart
                0x00000000200003e0       0x14 CMakeFiles/sinsonte.dir/home/oportunidad/Desktop/repos/pico-sdk/src/rp2_common/pico_stdio_uart/stdio_uart.c.obj
                0x00000000200003e0                stdio_uart
 *fill*         0x00000000200003f4        0x4 
 .data          0x00000000200003f8      0x430 /usr/lib/gcc/arm-none-eabi/9.2.1/../../../arm-none-eabi/lib/thumb/v6-m/nofp/libg.a(lib_a-impure.o)
                0x00000000200003f8                _impure_ptr
 .data          0x0000000020000828      0x410 /usr/lib/gcc/arm-none-eabi/9.2.1/../../../arm-none-eabi/lib/thumb/v6-m/nofp/libg.a(lib_a-mallocr.o)
                0x0000000020000828                __malloc_sbrk_base
                0x000000002000082c                __malloc_trim_threshold
                0x0000000020000830                __malloc_av_
                0x0000000020000c38                . = ALIGN (0x4)
 *(.after_data.*)
                0x0000000020000c38                . = ALIGN (0x4)
                0x0000000020000c38                PROVIDE (__mutex_array_start = .)
 *(SORT_BY_NAME(.mutex_array.*))
 *(.mutex_array)
 .mutex_array   0x0000000020000c38        0x8 CMakeFiles/sinsonte.dir/home/oportunidad/Desktop/repos/pico-sdk/src/rp2_common/pico_stdio/stdio.c.obj
                0x0000000020000c40                PROVIDE (__mutex_array_end = .)
                0x0000000020000c40                . = ALIGN (0x4)
                0x0000000020000c40                PROVIDE (__preinit_array_start = .)
 *(SORT_BY_NAME(.preinit_array.*))
 .preinit_array.00001
                0x0000000020000c40        0x4 CMakeFiles/sinsonte.dir/home/oportunidad/Desktop/repos/pico-sdk/src/rp2_common/pico_mem_ops/mem_ops_aeabi.S.obj
 .preinit_array.00010
                0x0000000020000c44        0x4 CMakeFiles/sinsonte.dir/home/oportunidad/Desktop/repos/pico-sdk/src/rp2_common/pico_bit_ops/bit_ops_aeabi.S.obj
 .preinit_array.00020
                0x0000000020000c48        0x4 CMakeFiles/sinsonte.dir/home/oportunidad/Desktop/repos/pico-sdk/src/rp2_common/pico_double/double_aeabi.S.obj
 .preinit_array.00020
                0x0000000020000c4c        0x4 CMakeFiles/sinsonte.dir/home/oportunidad/Desktop/repos/pico-sdk/src/rp2_common/pico_float/float_aeabi.S.obj
 *(.preinit_array)
                0x0000000020000c50                PROVIDE (__preinit_array_end = .)
                0x0000000020000c50                . = ALIGN (0x4)
                0x0000000020000c50                PROVIDE (__init_array_start = .)
 *(SORT_BY_NAME(.init_array.*))
 *(.init_array)
 .init_array    0x0000000020000c50        0x4 /usr/lib/gcc/arm-none-eabi/9.2.1/thumb/v6-m/nofp/crtbegin.o
                0x0000000020000c54                PROVIDE (__init_array_end = .)
                0x0000000020000c54                . = ALIGN (0x4)
                0x0000000020000c54                PROVIDE (__fini_array_start = .)
 *(SORT_BY_NAME(.fini_array.*))
 *(.fini_array)
                0x0000000020000c54                PROVIDE (__fini_array_end = .)
 *(.jcr)
                0x0000000020000c54                . = ALIGN (0x4)
                0x0000000020000c54                __data_end__ = .

.tm_clone_table
                0x0000000020000c54        0x0 load address 0x0000000010080aac
 .tm_clone_table
                0x0000000020000c54        0x0 /usr/lib/gcc/arm-none-eabi/9.2.1/thumb/v6-m/nofp/crtbegin.o
 .tm_clone_table
                0x0000000020000c54        0x0 /usr/lib/gcc/arm-none-eabi/9.2.1/thumb/v6-m/nofp/crtend.o

.igot.plt       0x0000000020000c54        0x0 load address 0x0000000010080aac
 .igot.plt      0x0000000020000c54        0x0 /usr/lib/gcc/arm-none-eabi/9.2.1/thumb/v6-m/nofp/crtbegin.o

.uninitialized_data
                0x0000000020000c54        0x0 load address 0x0000000010080aac
                0x0000000020000c54                . = ALIGN (0x4)
 *(.uninitialized_data*)

.scratch_x      0x0000000020040000        0x0 load address 0x0000000010080aac
                0x0000000020040000                __scratch_x_start__ = .
 *(.scratch_x.*)
                0x0000000020040000                . = ALIGN (0x4)
                0x0000000020040000                __scratch_x_end__ = .
                0x0000000010080aac                __scratch_x_source__ = LOADADDR (.scratch_x)

.scratch_y      0x0000000020041000        0x0 load address 0x0000000010080aac
                0x0000000020041000                __scratch_y_start__ = .
 *(.scratch_y.*)
                0x0000000020041000                . = ALIGN (0x4)
                0x0000000020041000                __scratch_y_end__ = .
                0x0000000010080aac                __scratch_y_source__ = LOADADDR (.scratch_y)

.bss            0x0000000020000c54      0x4d8
                0x0000000020000c54                . = ALIGN (0x4)
                0x0000000020000c54                __bss_start__ = .
 *(SORT_BY_ALIGNMENT(SORT_BY_NAME(.bss*)))
 .bss           0x0000000020000c54       0x1c /usr/lib/gcc/arm-none-eabi/9.2.1/thumb/v6-m/nofp/crtbegin.o
 .bss           0x0000000020000c70       0x34 /usr/lib/gcc/arm-none-eabi/9.2.1/../../../arm-none-eabi/lib/thumb/v6-m/nofp/libg.a(lib_a-mallocr.o)
                0x0000000020000c70                __malloc_top_pad
                0x0000000020000c74                __malloc_current_mallinfo
                0x0000000020000c9c                __malloc_max_sbrked_mem
                0x0000000020000ca0                __malloc_max_total_mem
 .bss.alarm_callbacks
                0x0000000020000ca4       0x10 CMakeFiles/sinsonte.dir/home/oportunidad/Desktop/repos/pico-sdk/src/rp2_common/hardware_timer/timer.c.obj
 .bss.boot2_copyout
                0x0000000020000cb4      0x100 CMakeFiles/sinsonte.dir/home/oportunidad/Desktop/repos/pico-sdk/src/rp2_common/hardware_flash/flash.c.obj
 .bss.configured_freq
                0x0000000020000db4       0x28 CMakeFiles/sinsonte.dir/home/oportunidad/Desktop/repos/pico-sdk/src/rp2_common/hardware_clocks/clocks.c.obj
 .bss.default_alarm_pool
                0x0000000020000ddc        0x4 CMakeFiles/sinsonte.dir/home/oportunidad/Desktop/repos/pico-sdk/src/common/pico_time/time.c.obj
 .bss.drivers   0x0000000020000de0        0x4 CMakeFiles/sinsonte.dir/home/oportunidad/Desktop/repos/pico-sdk/src/rp2_common/pico_stdio/stdio.c.obj
 .bss.filter    0x0000000020000de4        0x4 CMakeFiles/sinsonte.dir/home/oportunidad/Desktop/repos/pico-sdk/src/rp2_common/pico_stdio/stdio.c.obj
 .bss.heap_end.5755
                0x0000000020000de8        0x4 CMakeFiles/sinsonte.dir/home/oportunidad/Desktop/repos/pico-sdk/src/rp2_common/pico_runtime/runtime.c.obj
 .bss.pools     0x0000000020000dec       0x10 CMakeFiles/sinsonte.dir/home/oportunidad/Desktop/repos/pico-sdk/src/common/pico_time/time.c.obj
 .bss.target_hi
                0x0000000020000dfc       0x10 CMakeFiles/sinsonte.dir/home/oportunidad/Desktop/repos/pico-sdk/src/rp2_common/hardware_timer/timer.c.obj
 .bss.wav_position
                0x0000000020000e0c        0x4 CMakeFiles/sinsonte.dir/sinsonte.c.obj
                0x0000000020000e0c                wav_position
 .bss.boot2_copyout_valid
                0x0000000020000e10        0x1 CMakeFiles/sinsonte.dir/home/oportunidad/Desktop/repos/pico-sdk/src/rp2_common/hardware_flash/flash.c.obj
 .bss.claimed   0x0000000020000e11        0x1 CMakeFiles/sinsonte.dir/home/oportunidad/Desktop/repos/pico-sdk/src/rp2_common/hardware_timer/timer.c.obj
 .bss.flash_updated
                0x0000000020000e12        0x1 CMakeFiles/sinsonte.dir/sinsonte.c.obj
                0x0000000020000e12                flash_updated
 .bss.hour_count
                0x0000000020000e13        0x1 CMakeFiles/sinsonte.dir/sinsonte.c.obj
                0x0000000020000e13                hour_count
 .bss.irq_hander_chain_free_slot_head
                0x0000000020000e14        0x1 CMakeFiles/sinsonte.dir/home/oportunidad/Desktop/repos/pico-sdk/src/rp2_common/hardware_irq/irq.c.obj
 .bss.play_sound
                0x0000000020000e15        0x1 CMakeFiles/sinsonte.dir/sinsonte.c.obj
                0x0000000020000e15                play_sound
 .bss.timer_callbacks_pending
                0x0000000020000e16        0x1 CMakeFiles/sinsonte.dir/home/oportunidad/Desktop/repos/pico-sdk/src/rp2_common/hardware_timer/timer.c.obj
 *(COMMON)
 *fill*         0x0000000020000e17        0x1 
 COMMON         0x0000000020000e18      0x108 CMakeFiles/sinsonte.dir/sinsonte.c.obj
                0x0000000020000e18                wav_data
                0x0000000020000e1c                wav_data_length
                0x0000000020000e20                flash_buff
 COMMON         0x0000000020000f20        0x4 CMakeFiles/sinsonte.dir/home/oportunidad/Desktop/repos/pico-sdk/src/rp2_common/hardware_uart/uart.c.obj
                0x0000000020000f20                uart_char_to_line_feed
 COMMON         0x0000000020000f24      0x100 CMakeFiles/sinsonte.dir/home/oportunidad/Desktop/repos/pico-sdk/src/rp2_common/pico_double/double_init_rom.c.obj
                0x0000000020000f24                sd_table
 COMMON         0x0000000020001024      0x104 CMakeFiles/sinsonte.dir/home/oportunidad/Desktop/repos/pico-sdk/src/rp2_common/pico_float/float_init_rom.c.obj
                0x0000000020001024                sf_table
                0x0000000020001124                sf_clz_func
 COMMON         0x0000000020001128        0x4 /usr/lib/gcc/arm-none-eabi/9.2.1/../../../arm-none-eabi/lib/thumb/v6-m/nofp/libg.a(lib_a-reent.o)
                0x0000000020001128                errno
                0x000000002000112c                . = ALIGN (0x4)
                0x000000002000112c                __bss_end__ = .

.heap           0x000000002000112c      0x800
                0x000000002000112c                __end__ = .
                0x000000002000112c                end = __end__
 *(.heap*)
 .heap          0x000000002000112c      0x800 CMakeFiles/sinsonte.dir/home/oportunidad/Desktop/repos/pico-sdk/src/rp2_common/pico_standard_link/crt0.S.obj
                0x000000002000192c                __HeapLimit = .

.stack1_dummy   0x0000000020040000        0x0
 *(.stack1*)

.stack_dummy    0x0000000020041000      0x800
 *(.stack*)
 .stack         0x0000000020041000      0x800 CMakeFiles/sinsonte.dir/home/oportunidad/Desktop/repos/pico-sdk/src/rp2_common/pico_standard_link/crt0.S.obj

.flash_end      0x0000000010080aac        0x0
                0x0000000010080aac                __flash_binary_end = .
                0x0000000020040000                __StackLimit = (ORIGIN (RAM) + LENGTH (RAM))
                0x0000000020041000                __StackOneTop = (ORIGIN (SCRATCH_X) + LENGTH (SCRATCH_X))
                0x0000000020042000                __StackTop = (ORIGIN (SCRATCH_Y) + LENGTH (SCRATCH_Y))
                0x0000000020041000                __StackOneBottom = (__StackOneTop - SIZEOF (.stack1_dummy))
                0x0000000020041800                __StackBottom = (__StackTop - SIZEOF (.stack_dummy))
                0x0000000020042000                PROVIDE (__stack = __StackTop)
                0x0000000000000001                ASSERT ((__StackLimit >= __HeapLimit), region RAM overflowed)
                0x0000000000000001                ASSERT (((__binary_info_header_end - __logical_binary_start) <= 0x100), Binary info must be in first 256 bytes of the binary)
LOAD CMakeFiles/sinsonte.dir/sinsonte.c.obj
LOAD CMakeFiles/sinsonte.dir/home/oportunidad/Desktop/repos/pico-sdk/src/rp2_common/pico_stdlib/stdlib.c.obj
LOAD CMakeFiles/sinsonte.dir/home/oportunidad/Desktop/repos/pico-sdk/src/rp2_common/hardware_gpio/gpio.c.obj
LOAD CMakeFiles/sinsonte.dir/home/oportunidad/Desktop/repos/pico-sdk/src/rp2_common/hardware_claim/claim.c.obj
LOAD CMakeFiles/sinsonte.dir/home/oportunidad/Desktop/repos/pico-sdk/src/rp2_common/hardware_sync/sync.c.obj
LOAD CMakeFiles/sinsonte.dir/home/oportunidad/Desktop/repos/pico-sdk/src/rp2_common/pico_platform/platform.c.obj
LOAD CMakeFiles/sinsonte.dir/home/oportunidad/Desktop/repos/pico-sdk/src/rp2_common/hardware_uart/uart.c.obj
LOAD CMakeFiles/sinsonte.dir/home/oportunidad/Desktop/repos/pico-sdk/src/rp2_common/hardware_divider/divider.S.obj
LOAD CMakeFiles/sinsonte.dir/home/oportunidad/Desktop/repos/pico-sdk/src/common/pico_time/time.c.obj
LOAD CMakeFiles/sinsonte.dir/home/oportunidad/Desktop/repos/pico-sdk/src/common/pico_time/timeout_helper.c.obj
LOAD CMakeFiles/sinsonte.dir/home/oportunidad/Desktop/repos/pico-sdk/src/rp2_common/hardware_timer/timer.c.obj
LOAD CMakeFiles/sinsonte.dir/home/oportunidad/Desktop/repos/pico-sdk/src/common/pico_sync/sem.c.obj
LOAD CMakeFiles/sinsonte.dir/home/oportunidad/Desktop/repos/pico-sdk/src/common/pico_sync/lock_core.c.obj
LOAD CMakeFiles/sinsonte.dir/home/oportunidad/Desktop/repos/pico-sdk/src/common/pico_sync/mutex.c.obj
LOAD CMakeFiles/sinsonte.dir/home/oportunidad/Desktop/repos/pico-sdk/src/common/pico_sync/critical_section.c.obj
LOAD CMakeFiles/sinsonte.dir/home/oportunidad/Desktop/repos/pico-sdk/src/common/pico_util/datetime.c.obj
LOAD CMakeFiles/sinsonte.dir/home/oportunidad/Desktop/repos/pico-sdk/src/common/pico_util/pheap.c.obj
LOAD CMakeFiles/sinsonte.dir/home/oportunidad/Desktop/repos/pico-sdk/src/common/pico_util/queue.c.obj
LOAD CMakeFiles/sinsonte.dir/home/oportunidad/Desktop/repos/pico-sdk/src/rp2_common/pico_runtime/runtime.c.obj
LOAD CMakeFiles/sinsonte.dir/home/oportunidad/Desktop/repos/pico-sdk/src/rp2_common/hardware_clocks/clocks.c.obj
LOAD CMakeFiles/sinsonte.dir/home/oportunidad/Desktop/repos/pico-sdk/src/rp2_common/hardware_watchdog/watchdog.c.obj
LOAD CMakeFiles/sinsonte.dir/home/oportunidad/Desktop/repos/pico-sdk/src/rp2_common/hardware_xosc/xosc.c.obj
LOAD CMakeFiles/sinsonte.dir/home/oportunidad/Desktop/repos/pico-sdk/src/rp2_common/hardware_pll/pll.c.obj
LOAD CMakeFiles/sinsonte.dir/home/oportunidad/Desktop/repos/pico-sdk/src/rp2_common/hardware_vreg/vreg.c.obj
LOAD CMakeFiles/sinsonte.dir/home/oportunidad/Desktop/repos/pico-sdk/src/rp2_common/hardware_irq/irq.c.obj
LOAD CMakeFiles/sinsonte.dir/home/oportunidad/Desktop/repos/pico-sdk/src/rp2_common/hardware_irq/irq_handler_chain.S.obj
LOAD CMakeFiles/sinsonte.dir/home/oportunidad/Desktop/repos/pico-sdk/src/rp2_common/pico_printf/printf.c.obj
LOAD CMakeFiles/sinsonte.dir/home/oportunidad/Desktop/repos/pico-sdk/src/rp2_common/pico_bit_ops/bit_ops_aeabi.S.obj
LOAD CMakeFiles/sinsonte.dir/home/oportunidad/Desktop/repos/pico-sdk/src/rp2_common/pico_bootrom/bootrom.c.obj
LOAD CMakeFiles/sinsonte.dir/home/oportunidad/Desktop/repos/pico-sdk/src/rp2_common/pico_divider/divider.S.obj
LOAD CMakeFiles/sinsonte.dir/home/oportunidad/Desktop/repos/pico-sdk/src/rp2_common/pico_double/double_aeabi.S.obj
LOAD CMakeFiles/sinsonte.dir/home/oportunidad/Desktop/repos/pico-sdk/src/rp2_common/pico_double/double_init_rom.c.obj
LOAD CMakeFiles/sinsonte.dir/home/oportunidad/Desktop/repos/pico-sdk/src/rp2_common/pico_double/double_math.c.obj
LOAD CMakeFiles/sinsonte.dir/home/oportunidad/Desktop/repos/pico-sdk/src/rp2_common/pico_double/double_v1_rom_shim.S.obj
LOAD CMakeFiles/sinsonte.dir/home/oportunidad/Desktop/repos/pico-sdk/src/rp2_common/pico_int64_ops/pico_int64_ops_aeabi.S.obj
LOAD CMakeFiles/sinsonte.dir/home/oportunidad/Desktop/repos/pico-sdk/src/rp2_common/pico_float/float_aeabi.S.obj
LOAD CMakeFiles/sinsonte.dir/home/oportunidad/Desktop/repos/pico-sdk/src/rp2_common/pico_float/float_init_rom.c.obj
LOAD CMakeFiles/sinsonte.dir/home/oportunidad/Desktop/repos/pico-sdk/src/rp2_common/pico_float/float_math.c.obj
LOAD CMakeFiles/sinsonte.dir/home/oportunidad/Desktop/repos/pico-sdk/src/rp2_common/pico_float/float_v1_rom_shim.S.obj
LOAD CMakeFiles/sinsonte.dir/home/oportunidad/Desktop/repos/pico-sdk/src/rp2_common/pico_malloc/pico_malloc.c.obj
LOAD CMakeFiles/sinsonte.dir/home/oportunidad/Desktop/repos/pico-sdk/src/rp2_common/pico_mem_ops/mem_ops_aeabi.S.obj
LOAD CMakeFiles/sinsonte.dir/home/oportunidad/Desktop/repos/pico-sdk/src/rp2_common/pico_standard_link/crt0.S.obj
LOAD CMakeFiles/sinsonte.dir/home/oportunidad/Desktop/repos/pico-sdk/src/rp2_common/pico_standard_link/new_delete.cpp.obj
LOAD CMakeFiles/sinsonte.dir/home/oportunidad/Desktop/repos/pico-sdk/src/rp2_common/pico_standard_link/binary_info.c.obj
LOAD CMakeFiles/sinsonte.dir/home/oportunidad/Desktop/repos/pico-sdk/src/rp2_common/pico_stdio/stdio.c.obj
LOAD CMakeFiles/sinsonte.dir/home/oportunidad/Desktop/repos/pico-sdk/src/rp2_common/pico_stdio_uart/stdio_uart.c.obj
LOAD CMakeFiles/sinsonte.dir/home/oportunidad/Desktop/repos/pico-sdk/src/rp2_common/hardware_flash/flash.c.obj
LOAD /tmp/ccZvAt3b.o
LOAD /usr/lib/gcc/arm-none-eabi/9.2.1/../../../arm-none-eabi/lib/thumb/v6-m/nofp/libstdc++.a
LOAD /usr/lib/gcc/arm-none-eabi/9.2.1/../../../arm-none-eabi/lib/thumb/v6-m/nofp/libm.a
START GROUP
LOAD /usr/lib/gcc/arm-none-eabi/9.2.1/thumb/v6-m/nofp/libgcc.a
LOAD /usr/lib/gcc/arm-none-eabi/9.2.1/../../../arm-none-eabi/lib/thumb/v6-m/nofp/libg.a
LOAD /usr/lib/gcc/arm-none-eabi/9.2.1/../../../arm-none-eabi/lib/thumb/v6-m/nofp/libc.a
END GROUP
START GROUP
LOAD /usr/lib/gcc/arm-none-eabi/9.2.1/thumb/v6-m/nofp/libgcc.a
LOAD /usr/lib/gcc/arm-none-eabi/9.2.1/../../../arm-none-eabi/lib/thumb/v6-m/nofp/libc.a
LOAD /usr/lib/gcc/arm-none-eabi/9.2.1/../../../arm-none-eabi/lib/thumb/v6-m/nofp/libnosys.a
END GROUP
LOAD /usr/lib/gcc/arm-none-eabi/9.2.1/thumb/v6-m/nofp/crtend.o
LOAD /usr/lib/gcc/arm-none-eabi/9.2.1/thumb/v6-m/nofp/crtn.o
OUTPUT(sinsonte.elf elf32-littlearm)
LOAD linker stubs

.ARM.attributes
                0x0000000000000000       0x28
 .ARM.attributes
                0x0000000000000000       0x1e /usr/lib/gcc/arm-none-eabi/9.2.1/thumb/v6-m/nofp/crti.o
 .ARM.attributes
                0x000000000000001e       0x2c /usr/lib/gcc/arm-none-eabi/9.2.1/thumb/v6-m/nofp/crtbegin.o
 .ARM.attributes
                0x000000000000004a       0x2b CMakeFiles/sinsonte.dir/sinsonte.c.obj
 .ARM.attributes
                0x0000000000000075       0x2b CMakeFiles/sinsonte.dir/home/oportunidad/Desktop/repos/pico-sdk/src/rp2_common/pico_stdlib/stdlib.c.obj
 .ARM.attributes
                0x00000000000000a0       0x2b CMakeFiles/sinsonte.dir/home/oportunidad/Desktop/repos/pico-sdk/src/rp2_common/hardware_gpio/gpio.c.obj
 .ARM.attributes
                0x00000000000000cb       0x2b CMakeFiles/sinsonte.dir/home/oportunidad/Desktop/repos/pico-sdk/src/rp2_common/hardware_claim/claim.c.obj
 .ARM.attributes
                0x00000000000000f6       0x2b CMakeFiles/sinsonte.dir/home/oportunidad/Desktop/repos/pico-sdk/src/rp2_common/hardware_sync/sync.c.obj
 .ARM.attributes
                0x0000000000000121       0x2b CMakeFiles/sinsonte.dir/home/oportunidad/Desktop/repos/pico-sdk/src/rp2_common/pico_platform/platform.c.obj
 .ARM.attributes
                0x000000000000014c       0x2b CMakeFiles/sinsonte.dir/home/oportunidad/Desktop/repos/pico-sdk/src/rp2_common/hardware_uart/uart.c.obj
 .ARM.attributes
                0x0000000000000177       0x2b CMakeFiles/sinsonte.dir/home/oportunidad/Desktop/repos/pico-sdk/src/common/pico_time/time.c.obj
 .ARM.attributes
                0x00000000000001a2       0x2b CMakeFiles/sinsonte.dir/home/oportunidad/Desktop/repos/pico-sdk/src/rp2_common/hardware_timer/timer.c.obj
 .ARM.attributes
                0x00000000000001cd       0x2b CMakeFiles/sinsonte.dir/home/oportunidad/Desktop/repos/pico-sdk/src/common/pico_sync/lock_core.c.obj
 .ARM.attributes
                0x00000000000001f8       0x2b CMakeFiles/sinsonte.dir/home/oportunidad/Desktop/repos/pico-sdk/src/common/pico_sync/mutex.c.obj
 .ARM.attributes
                0x0000000000000223       0x2b CMakeFiles/sinsonte.dir/home/oportunidad/Desktop/repos/pico-sdk/src/common/pico_util/pheap.c.obj
 .ARM.attributes
                0x000000000000024e       0x2b CMakeFiles/sinsonte.dir/home/oportunidad/Desktop/repos/pico-sdk/src/rp2_common/pico_runtime/runtime.c.obj
 .ARM.attributes
                0x0000000000000279       0x2b CMakeFiles/sinsonte.dir/home/oportunidad/Desktop/repos/pico-sdk/src/rp2_common/hardware_clocks/clocks.c.obj
 .ARM.attributes
                0x00000000000002a4       0x2b CMakeFiles/sinsonte.dir/home/oportunidad/Desktop/repos/pico-sdk/src/rp2_common/hardware_watchdog/watchdog.c.obj
 .ARM.attributes
                0x00000000000002cf       0x2b CMakeFiles/sinsonte.dir/home/oportunidad/Desktop/repos/pico-sdk/src/rp2_common/hardware_xosc/xosc.c.obj
 .ARM.attributes
                0x00000000000002fa       0x2b CMakeFiles/sinsonte.dir/home/oportunidad/Desktop/repos/pico-sdk/src/rp2_common/hardware_pll/pll.c.obj
 .ARM.attributes
                0x0000000000000325       0x2b CMakeFiles/sinsonte.dir/home/oportunidad/Desktop/repos/pico-sdk/src/rp2_common/hardware_irq/irq.c.obj
 .ARM.attributes
                0x0000000000000350       0x22 CMakeFiles/sinsonte.dir/home/oportunidad/Desktop/repos/pico-sdk/src/rp2_common/hardware_irq/irq_handler_chain.S.obj
 .ARM.attributes
                0x0000000000000372       0x2b CMakeFiles/sinsonte.dir/home/oportunidad/Desktop/repos/pico-sdk/src/rp2_common/pico_printf/printf.c.obj
 .ARM.attributes
                0x000000000000039d       0x22 CMakeFiles/sinsonte.dir/home/oportunidad/Desktop/repos/pico-sdk/src/rp2_common/pico_bit_ops/bit_ops_aeabi.S.obj
 .ARM.attributes
                0x00000000000003bf       0x2b CMakeFiles/sinsonte.dir/home/oportunidad/Desktop/repos/pico-sdk/src/rp2_common/pico_bootrom/bootrom.c.obj
 .ARM.attributes
                0x00000000000003ea       0x22 CMakeFiles/sinsonte.dir/home/oportunidad/Desktop/repos/pico-sdk/src/rp2_common/pico_divider/divider.S.obj
 .ARM.attributes
                0x000000000000040c       0x22 CMakeFiles/sinsonte.dir/home/oportunidad/Desktop/repos/pico-sdk/src/rp2_common/pico_double/double_aeabi.S.obj
 .ARM.attributes
                0x000000000000042e       0x2b CMakeFiles/sinsonte.dir/home/oportunidad/Desktop/repos/pico-sdk/src/rp2_common/pico_double/double_init_rom.c.obj
 .ARM.attributes
                0x0000000000000459       0x22 CMakeFiles/sinsonte.dir/home/oportunidad/Desktop/repos/pico-sdk/src/rp2_common/pico_double/double_v1_rom_shim.S.obj
 .ARM.attributes
                0x000000000000047b       0x22 CMakeFiles/sinsonte.dir/home/oportunidad/Desktop/repos/pico-sdk/src/rp2_common/pico_float/float_aeabi.S.obj
 .ARM.attributes
                0x000000000000049d       0x2b CMakeFiles/sinsonte.dir/home/oportunidad/Desktop/repos/pico-sdk/src/rp2_common/pico_float/float_init_rom.c.obj
 .ARM.attributes
                0x00000000000004c8       0x22 CMakeFiles/sinsonte.dir/home/oportunidad/Desktop/repos/pico-sdk/src/rp2_common/pico_float/float_v1_rom_shim.S.obj
 .ARM.attributes
                0x00000000000004ea       0x2b CMakeFiles/sinsonte.dir/home/oportunidad/Desktop/repos/pico-sdk/src/rp2_common/pico_malloc/pico_malloc.c.obj
 .ARM.attributes
                0x0000000000000515       0x22 CMakeFiles/sinsonte.dir/home/oportunidad/Desktop/repos/pico-sdk/src/rp2_common/pico_mem_ops/mem_ops_aeabi.S.obj
 .ARM.attributes
                0x0000000000000537       0x22 CMakeFiles/sinsonte.dir/home/oportunidad/Desktop/repos/pico-sdk/src/rp2_common/pico_standard_link/crt0.S.obj
 .ARM.attributes
                0x0000000000000559       0x32 CMakeFiles/sinsonte.dir/home/oportunidad/Desktop/repos/pico-sdk/src/rp2_common/pico_standard_link/binary_info.c.obj
 .ARM.attributes
                0x000000000000058b       0x2b CMakeFiles/sinsonte.dir/home/oportunidad/Desktop/repos/pico-sdk/src/rp2_common/pico_stdio/stdio.c.obj
 .ARM.attributes
                0x00000000000005b6       0x2b CMakeFiles/sinsonte.dir/home/oportunidad/Desktop/repos/pico-sdk/src/rp2_common/pico_stdio_uart/stdio_uart.c.obj
 .ARM.attributes
                0x00000000000005e1       0x2b CMakeFiles/sinsonte.dir/home/oportunidad/Desktop/repos/pico-sdk/src/rp2_common/hardware_flash/flash.c.obj
 .ARM.attributes
                0x000000000000060c       0x22 /tmp/ccZvAt3b.o
 .ARM.attributes
                0x000000000000062e       0x1e /usr/lib/gcc/arm-none-eabi/9.2.1/thumb/v6-m/nofp/libgcc.a(_dvmd_tls.o)
 .ARM.attributes
                0x000000000000064c       0x2c /usr/lib/gcc/arm-none-eabi/9.2.1/../../../arm-none-eabi/lib/thumb/v6-m/nofp/libg.a(lib_a-calloc.o)
 .ARM.attributes
                0x0000000000000678       0x2c /usr/lib/gcc/arm-none-eabi/9.2.1/../../../arm-none-eabi/lib/thumb/v6-m/nofp/libg.a(lib_a-callocr.o)
 .ARM.attributes
                0x00000000000006a4       0x2c /usr/lib/gcc/arm-none-eabi/9.2.1/../../../arm-none-eabi/lib/thumb/v6-m/nofp/libg.a(lib_a-impure.o)
 .ARM.attributes
                0x00000000000006d0       0x2c /usr/lib/gcc/arm-none-eabi/9.2.1/../../../arm-none-eabi/lib/thumb/v6-m/nofp/libg.a(lib_a-malloc.o)
 .ARM.attributes
                0x00000000000006fc       0x2c /usr/lib/gcc/arm-none-eabi/9.2.1/../../../arm-none-eabi/lib/thumb/v6-m/nofp/libg.a(lib_a-mallocr.o)
 .ARM.attributes
                0x0000000000000728       0x2c /usr/lib/gcc/arm-none-eabi/9.2.1/../../../arm-none-eabi/lib/thumb/v6-m/nofp/libg.a(lib_a-mlock.o)
 .ARM.attributes
                0x0000000000000754       0x2c /usr/lib/gcc/arm-none-eabi/9.2.1/../../../arm-none-eabi/lib/thumb/v6-m/nofp/libg.a(lib_a-sbrkr.o)
 .ARM.attributes
                0x0000000000000780       0x2c /usr/lib/gcc/arm-none-eabi/9.2.1/../../../arm-none-eabi/lib/thumb/v6-m/nofp/libg.a(lib_a-strlen-stub.o)
 .ARM.attributes
                0x00000000000007ac       0x2c /usr/lib/gcc/arm-none-eabi/9.2.1/../../../arm-none-eabi/lib/thumb/v6-m/nofp/libg.a(lib_a-freer.o)
 .ARM.attributes
                0x00000000000007d8       0x2c /usr/lib/gcc/arm-none-eabi/9.2.1/../../../arm-none-eabi/lib/thumb/v6-m/nofp/libg.a(lib_a-reent.o)
 .ARM.attributes
                0x0000000000000804       0x2c /usr/lib/gcc/arm-none-eabi/9.2.1/thumb/v6-m/nofp/crtend.o

.comment        0x0000000000000000       0xa7
 .comment       0x0000000000000000       0x59 /usr/lib/gcc/arm-none-eabi/9.2.1/thumb/v6-m/nofp/crtbegin.o
                                         0x5a (size before relaxing)
 .comment       0x0000000000000059       0x5a CMakeFiles/sinsonte.dir/sinsonte.c.obj
 .comment       0x0000000000000059       0x5a CMakeFiles/sinsonte.dir/home/oportunidad/Desktop/repos/pico-sdk/src/rp2_common/pico_stdlib/stdlib.c.obj
 .comment       0x0000000000000059       0x5a CMakeFiles/sinsonte.dir/home/oportunidad/Desktop/repos/pico-sdk/src/rp2_common/hardware_gpio/gpio.c.obj
 .comment       0x0000000000000059       0x5a CMakeFiles/sinsonte.dir/home/oportunidad/Desktop/repos/pico-sdk/src/rp2_common/hardware_claim/claim.c.obj
 .comment       0x0000000000000059       0x5a CMakeFiles/sinsonte.dir/home/oportunidad/Desktop/repos/pico-sdk/src/rp2_common/hardware_sync/sync.c.obj
 .comment       0x0000000000000059       0x5a CMakeFiles/sinsonte.dir/home/oportunidad/Desktop/repos/pico-sdk/src/rp2_common/pico_platform/platform.c.obj
 .comment       0x0000000000000059       0x5a CMakeFiles/sinsonte.dir/home/oportunidad/Desktop/repos/pico-sdk/src/rp2_common/hardware_uart/uart.c.obj
 .comment       0x0000000000000059       0x5a CMakeFiles/sinsonte.dir/home/oportunidad/Desktop/repos/pico-sdk/src/common/pico_time/time.c.obj
 .comment       0x0000000000000059       0x5a CMakeFiles/sinsonte.dir/home/oportunidad/Desktop/repos/pico-sdk/src/rp2_common/hardware_timer/timer.c.obj
 .comment       0x0000000000000059       0x5a CMakeFiles/sinsonte.dir/home/oportunidad/Desktop/repos/pico-sdk/src/common/pico_sync/lock_core.c.obj
 .comment       0x0000000000000059       0x5a CMakeFiles/sinsonte.dir/home/oportunidad/Desktop/repos/pico-sdk/src/common/pico_sync/mutex.c.obj
 .comment       0x0000000000000059       0x5a CMakeFiles/sinsonte.dir/home/oportunidad/Desktop/repos/pico-sdk/src/common/pico_util/pheap.c.obj
 .comment       0x0000000000000059       0x5a CMakeFiles/sinsonte.dir/home/oportunidad/Desktop/repos/pico-sdk/src/rp2_common/pico_runtime/runtime.c.obj
 .comment       0x0000000000000059       0x5a CMakeFiles/sinsonte.dir/home/oportunidad/Desktop/repos/pico-sdk/src/rp2_common/hardware_clocks/clocks.c.obj
 .comment       0x0000000000000059       0x5a CMakeFiles/sinsonte.dir/home/oportunidad/Desktop/repos/pico-sdk/src/rp2_common/hardware_watchdog/watchdog.c.obj
 .comment       0x0000000000000059       0x5a CMakeFiles/sinsonte.dir/home/oportunidad/Desktop/repos/pico-sdk/src/rp2_common/hardware_xosc/xosc.c.obj
 .comment       0x0000000000000059       0x5a CMakeFiles/sinsonte.dir/home/oportunidad/Desktop/repos/pico-sdk/src/rp2_common/hardware_pll/pll.c.obj
 .comment       0x0000000000000059       0x5a CMakeFiles/sinsonte.dir/home/oportunidad/Desktop/repos/pico-sdk/src/rp2_common/hardware_irq/irq.c.obj
 .comment       0x0000000000000059       0x5a CMakeFiles/sinsonte.dir/home/oportunidad/Desktop/repos/pico-sdk/src/rp2_common/pico_printf/printf.c.obj
 .comment       0x0000000000000059       0x5a CMakeFiles/sinsonte.dir/home/oportunidad/Desktop/repos/pico-sdk/src/rp2_common/pico_bootrom/bootrom.c.obj
 .comment       0x0000000000000059       0x5a CMakeFiles/sinsonte.dir/home/oportunidad/Desktop/repos/pico-sdk/src/rp2_common/pico_double/double_init_rom.c.obj
 .comment       0x0000000000000059       0x5a CMakeFiles/sinsonte.dir/home/oportunidad/Desktop/repos/pico-sdk/src/rp2_common/pico_float/float_init_rom.c.obj
 .comment       0x0000000000000059       0x5a CMakeFiles/sinsonte.dir/home/oportunidad/Desktop/repos/pico-sdk/src/rp2_common/pico_malloc/pico_malloc.c.obj
 .comment       0x0000000000000059       0x5a CMakeFiles/sinsonte.dir/home/oportunidad/Desktop/repos/pico-sdk/src/rp2_common/pico_standard_link/binary_info.c.obj
 .comment       0x0000000000000059       0x5a CMakeFiles/sinsonte.dir/home/oportunidad/Desktop/repos/pico-sdk/src/rp2_common/pico_stdio/stdio.c.obj
 .comment       0x0000000000000059       0x5a CMakeFiles/sinsonte.dir/home/oportunidad/Desktop/repos/pico-sdk/src/rp2_common/pico_stdio_uart/stdio_uart.c.obj
 .comment       0x0000000000000059       0x5a CMakeFiles/sinsonte.dir/home/oportunidad/Desktop/repos/pico-sdk/src/rp2_common/hardware_flash/flash.c.obj
 .comment       0x0000000000000059       0x4e /usr/lib/gcc/arm-none-eabi/9.2.1/../../../arm-none-eabi/lib/thumb/v6-m/nofp/libg.a(lib_a-calloc.o)
                                         0x4f (size before relaxing)
 .comment       0x00000000000000a7       0x4f /usr/lib/gcc/arm-none-eabi/9.2.1/../../../arm-none-eabi/lib/thumb/v6-m/nofp/libg.a(lib_a-callocr.o)
 .comment       0x00000000000000a7       0x4f /usr/lib/gcc/arm-none-eabi/9.2.1/../../../arm-none-eabi/lib/thumb/v6-m/nofp/libg.a(lib_a-impure.o)
 .comment       0x00000000000000a7       0x4f /usr/lib/gcc/arm-none-eabi/9.2.1/../../../arm-none-eabi/lib/thumb/v6-m/nofp/libg.a(lib_a-malloc.o)
 .comment       0x00000000000000a7       0x4f /usr/lib/gcc/arm-none-eabi/9.2.1/../../../arm-none-eabi/lib/thumb/v6-m/nofp/libg.a(lib_a-mallocr.o)
 .comment       0x00000000000000a7       0x4f /usr/lib/gcc/arm-none-eabi/9.2.1/../../../arm-none-eabi/lib/thumb/v6-m/nofp/libg.a(lib_a-mlock.o)
 .comment       0x00000000000000a7       0x4f /usr/lib/gcc/arm-none-eabi/9.2.1/../../../arm-none-eabi/lib/thumb/v6-m/nofp/libg.a(lib_a-sbrkr.o)
 .comment       0x00000000000000a7       0x4f /usr/lib/gcc/arm-none-eabi/9.2.1/../../../arm-none-eabi/lib/thumb/v6-m/nofp/libg.a(lib_a-strlen-stub.o)
 .comment       0x00000000000000a7       0x4f /usr/lib/gcc/arm-none-eabi/9.2.1/../../../arm-none-eabi/lib/thumb/v6-m/nofp/libg.a(lib_a-freer.o)
 .comment       0x00000000000000a7       0x4f /usr/lib/gcc/arm-none-eabi/9.2.1/../../../arm-none-eabi/lib/thumb/v6-m/nofp/libg.a(lib_a-reent.o)
 .comment       0x00000000000000a7       0x5a /usr/lib/gcc/arm-none-eabi/9.2.1/thumb/v6-m/nofp/crtend.o

.debug_info     0x0000000000000000    0x1eab4
 .debug_info    0x0000000000000000     0x1b6d CMakeFiles/sinsonte.dir/sinsonte.c.obj
 .debug_info    0x0000000000001b6d      0x504 CMakeFiles/sinsonte.dir/home/oportunidad/Desktop/repos/pico-sdk/src/rp2_common/pico_stdlib/stdlib.c.obj
 .debug_info    0x0000000000002071     0x1111 CMakeFiles/sinsonte.dir/home/oportunidad/Desktop/repos/pico-sdk/src/rp2_common/hardware_gpio/gpio.c.obj
 .debug_info    0x0000000000003182      0x608 CMakeFiles/sinsonte.dir/home/oportunidad/Desktop/repos/pico-sdk/src/rp2_common/hardware_claim/claim.c.obj
 .debug_info    0x000000000000378a      0x48d CMakeFiles/sinsonte.dir/home/oportunidad/Desktop/repos/pico-sdk/src/rp2_common/hardware_sync/sync.c.obj
 .debug_info    0x0000000000003c17      0x1bd CMakeFiles/sinsonte.dir/home/oportunidad/Desktop/repos/pico-sdk/src/rp2_common/pico_platform/platform.c.obj
 .debug_info    0x0000000000003dd4      0xb2d CMakeFiles/sinsonte.dir/home/oportunidad/Desktop/repos/pico-sdk/src/rp2_common/hardware_uart/uart.c.obj
 .debug_info    0x0000000000004901     0x3a10 CMakeFiles/sinsonte.dir/home/oportunidad/Desktop/repos/pico-sdk/src/common/pico_time/time.c.obj
 .debug_info    0x0000000000008311      0xf61 CMakeFiles/sinsonte.dir/home/oportunidad/Desktop/repos/pico-sdk/src/rp2_common/hardware_timer/timer.c.obj
 .debug_info    0x0000000000009272      0x1b9 CMakeFiles/sinsonte.dir/home/oportunidad/Desktop/repos/pico-sdk/src/common/pico_sync/lock_core.c.obj
 .debug_info    0x000000000000942b      0xcdb CMakeFiles/sinsonte.dir/home/oportunidad/Desktop/repos/pico-sdk/src/common/pico_sync/mutex.c.obj